Archive member included because of file (symbol)

.\libandessta.a(xip_ovly.o)   obj/sta/tcpip/dhcpc.o (overlayunload)
.\libandessta.a(cnm_timer.o)  obj/sta/iot_custom.o (cnmTimerInitTimer)
.\libandessta.a(iot_io_cmd.o)
                              obj/sta/main_pub.o (IoT_gpio_output)
.\libandessta.a(iot_mgmt_cmd.o)
                              obj/sta/iot_at_cmd.o (IoT_Cmd_LinkDown)
.\libandessta.a(iot_priv.o)   obj/sta/iot_at_cmd.o (IoT_Xmodem_Update_FW_Stop)
.\libandessta.a(queue.o)      obj/sta/wifi_task_pub.o (apiQU_Dequeue)
.\libandessta.a(app_nos_main.o)
                              .\libandessta.a(iot_mgmt_cmd.o) (pAd)
.\libandessta.a(assoc.o)      obj/sta/rtmp_data_pub.o (PeerDisassocAction)
.\libandessta.a(auth.o)       obj/sta/rtmp_data_pub.o (MlmeAuthProcess)
.\libandessta.a(chip_init.o)  obj/sta/iot_at_cmd.o (Sys_reboot)
.\libandessta.a(cmm_wpa.o)    obj/sta/rtmp_data_pub.o (WpaEAPOLKeyAction)
.\libandessta.a(crypt_aes.o)  .\libandessta.a(cmm_wpa.o) (AES_Key_Unwrap)
.\libandessta.a(crypt_hmac.o)
                              .\libandessta.a(cmm_wpa.o) (RT_HMAC_MD5)
.\libandessta.a(rtmp_data.o)  obj/sta/rtmp_data_pub.o (RTMPCheckRxError)
.\libandessta.a(rtmp_general.o)
                              .\libandessta.a(cmm_wpa.o) (RTMPCompareMemory)
.\libandessta.a(scan.o)       obj/sta/mt7681_ChSw_pub.o (rtmp_mac_set_ctrlch)
.\libandessta.a(smtcn.o)      obj/sta/iot_custom.o (SMTCN_state_chg_init)
.\libandessta.a(wow.o)        .\libandessta.a(chip_init.o) (RTMP_EnableTxRx)
.\libandessta.a(bsp.o)        obj/sta/main_pub.o (BSP_Init)
.\libandessta.a(ee_efuse.o)   .\libandessta.a(chip_init.o) (eEp_init)
.\libandessta.a(fce.o)        .\libandessta.a(app_nos_main.o) (drvFCE_RegisterIntHdlr)
.\libandessta.a(pdma.o)       .\libandessta.a(app_nos_main.o) (PdmaVrPortIntHdlr)
.\libandessta.a(spi-flash.o)  obj/sta/spi-flash_pub.o (SPI_REG8)
.\libandessta.a(timer.o)      .\libandessta.a(bsp.o) (drvTMR_Init)
.\libandessta.a(uart.o)       obj/sta/iot_uart_rb.o (UART_PutUARTByte)
.\libandessta.a(uartlite.o)   obj/sta/iot_xmodem.o (UART_PutChar)
.\libandessta.a(main.o)       obj/sta/main_pub.o (sys_Init)
.\libandessta.a(xcpt.o)       cust/ctxsw.o (sysXCPT_XcptHdlr)
.\libandessta.a(initial.o)    obj/sta/main_pub.o (sysKernelStart)
.\libandessta.a(mutex.o)      .\libandessta.a(iot_priv.o) (SYSirq_Disable_Interrupts_Save_Flags)
.\libandessta.a(stack.o)      .\libandessta.a(main.o) (sysStack)
.\libandessta.a(syscall.o)    .\libandessta.a(mutex.o) (sysCALL)
.\libandessta.a(task.o)       cust/ctxsw.o (sysTaskingCtl)
.\libandessta.a(list.o)       .\libandessta.a(queue.o) (apiInitListEntry)
.\libandessta.a(random.o)     obj/sta/ZC_Adpter/zc_mt7681_adapter.o (apiRand)
.\libandessta.a(printf.o)     obj/sta/iot_at_cmd.o (Printf_High)
.\libandessta.a(stdlib.o)     obj/sta/ZC_Adpter/zc_mt7681_adapter.o (malloc)
.\libandessta.a(strcmp.o)     obj/sta/tcpip/resolv.o (strcmp)
.\libandessta.a(strcpy.o)     obj/sta/tcpip/resolv.o (strcpy)
.\libandessta.a(strlen.o)     obj/sta/iot_at_cmd.o (strlen)
.\libandessta.a(vsprintf.o)   obj/sta/iot_at_cmd.o (simple_strtol)
.\libandessta.a(mcuctl.o)     .\libandessta.a(uart.o) (drvMCUCTL_RegisterIntHdlr)
.\libandessta.a(mt7681_ChSw.o)
                              .\libandessta.a(chip_init.o) (RF_WRITE8)
.\libandessta.a(wifi_ps.o)    .\libandessta.a(main.o) (drvPBF_IntHdler)
.\libandessta.a(wifi_task.o)  obj/sta/wifi_task_pub.o (GetQueueInfo)
.\libandessta.a(ate.o)        .\libandessta.a(chip_init.o) (Set_ATE_Efuse_Read)
.\libandessta.a(cmm_wep.o)    .\libandessta.a(cmm_wpa.o) (AsicUpdateRxWCIDTable)
.\libandessta.a(led.o)        .\libandessta.a(wow.o) (LED_Fast_Blinking)
.\libandessta.a(do_printf.o)  .\libandessta.a(printf.o) (do_printf)
.\libandessta.a(fputs.o)      .\libandessta.a(printf.o) (putchar)
.\libandessta.a(ctype.o)      .\libandessta.a(vsprintf.o) (_ctype)

Allocating common symbols
Common symbol       size              file

g_struClientBuffer  0x260             obj/sta/ZC_Adpter/zc_mt7681_adapter.o
udp_app_state       0x10              obj/sta/tcpip/iot_udp_app.o
g_struProtocolController
                    0x8c              obj/sta/ZC/src/zc/zc_protocol_controller.o
T2                  0x58              obj/sta/ZC/src/tropicssl/rsa.o
g_struMtTimer       0x50              obj/sta/ZC_Adpter/zc_mt7681_adapter.o
arp_timer           0x8               obj/sta/tcpip/tcpip_main.o
O_T1                0x58              obj/sta/ZC/src/tropicssl/bignum.o
System_Timer_Pool   0x14              .\libandessta.a(timer.o)
g_struTimer         0x50              obj/sta/ZC/src/zc/zc_timer.o
IoTCustOp           0x1c              obj/sta/iot_custom.o
uip_acc32           0x4               obj/sta/tcpip/uip.o
IoTCustTimer        0x1c              obj/sta/iot_custom.o
sysTaskingCtl       0x34              .\libandessta.a(task.o)
uart_rb_info        0xc               obj/sta/iot_uart_rb.o
[...]
Memory Configuration

Name             Origin             Length             Attributes
SRAM             0x00000000         0x00010000         axw
ROM              0x00102000         0x00002000         axr
FLASH            0x00500000         0x00100000         axr
FLASH_XIP_STA    0x00530000         0x0000f000         axr
FLASH_OVERLAY_STA 0x0053f000         0x0000f000         axr
*default*        0x00000000         0xffffffff

Linker script and memory map

                0x00102d48                ARC4_Compute = 0x102d48
                0x00103e98                RT_MD5 = 0x103e98
                0x00102de0                RT_SHA1_Hash = 0x102de0
                0x0010252c                aes_mul_e = 0x10252c
                0x001026a4                memmove = 0x1026a4
                0x00103e54                RT_MD5_Init = 0x103e54
                0x0010242c                aes_mul_d = 0x10242c
                0x0010262c                SHA1_K = 0x10262c
                0x001026f0                memcpy = 0x1026f0
                0x00103d48                RT_MD5_End = 0x103d48
                0x0010263c                SHA1_DefaultHashValue = 0x10263c
                0x00103dc0                RT_MD5_Append = 0x103dc0
                0x001031bc                RT_SHA1 = 0x1031bc
                0x001027a0                RT_AES_KeyExpansion = 0x1027a0
                0x00102000                ROMBA = 0x102000
                0x00102cf0                ARC4_INIT = 0x102cf0
                0x00102fd8                RT_SHA1_End = 0x102fd8
                0x00102000                _SDA_BASE_ = 0x102000
                0x001026d4                memcmp = 0x1026d4
                0x0010271c                TKIP_GTK_KEY_WRAP = 0x10271c
                0x00102708                memset = 0x102708
                0x0010202c                aes_sbox_enc = 0x10202c
                0x00102650                MD5_DefaultHashValue = 0x102650
                0x0010222c                aes_mul_9 = 0x10222c
                0x00103178                RT_SHA1_Init = 0x103178
                0x00103ffe                ROMVersion = 0x103ffe
                0x001028ac                RT_AES_Decrypt = 0x1028ac
                0x00102000                aes_rcon = 0x102000
                0x001030e4                RT_SHA1_Append = 0x1030e4
                0x0010232c                aes_mul_b = 0x10232c
                0x00102660                strspn = 0x102660
                0x0010278c                TKIP_GTK_KEY_UNWRAP = 0x10278c
                0x00102da8                ARC4_Discard_KeyLength = 0x102da8
                0x001031fc                RT_MD5_Hash = 0x1031fc
                0x0010212c                aes_sbox_dec = 0x10212c
                0x00102684                strpbrk = 0x102684
                0x00102000                ROM_BASEADDR = 0x102000
                0x00002000                ROM_SIZE = 0x2000
                0x00102000                PROVIDE (_ROM_BASEADDR, ROM_BASEADDR)
                0x00002000                PROVIDE (_ROM_SIZE, ROM_SIZE)
                0x00000000                RAM_BASEADDR = 0x0
                0x00010000                RAM_SIZE = 0x10000
                0x00000000                PROVIDE (_RAM_BASEADDR, RAM_BASEADDR)
                0x00010000                PROVIDE (_RAM_SIZE, RAM_SIZE)
                0x00008000                HALF_SRAM_SIZE = 0x8000
                0x00000000                ILMBA = 0x0
                0x00008000                DLMBA = (0x0 + HALF_SRAM_SIZE)
                0x00102000                ROMBA = 0x102000
                0x00500000                FLASHBA = 0x500000
                0x00000000                PROVIDE (_ILMBA, ILMBA)
                0x00008000                PROVIDE (_DLMBA, DLMBA)
                0x0000ff00                STACK_ORIGIN = 0xff00
                0x00000000                GLOBAL_ORIGIN = ILMBA
                0x0000ff00                PROVIDE (_STACK_ORIGIN, STACK_ORIGIN)
                0x00000000                PROVIDE (_GLOBAL_ORIGIN, GLOBAL_ORIGIN)
                0x00000000                __ilm_start = .
                0x00000000                VECT_SECT_VMA = RAM_BASEADDR

.VECT           0x00000000       0x40
 *(.vector)
 .vector        0x00000000       0x40 cust/vectors.o
                0x00000000                _xcpt_vctr
                0x00000040                . = ALIGN (0x10)
                0x00000040                TEXT_SECT_VMA = .

.TEXT           0x00000040     0x5e08
 *(.Xcpt)
 .Xcpt          0x00000040        0x8 cust/ctxsw.o
                0x00000040                sysXcpt
 *(.ctxsw)
 .ctxsw         0x00000048       0x5c cust/ctxsw.o
                0x00000078                sysLoadCtx
                0x00000048                sysCtxSw
 *(.startup)
 .startup       0x000000a4       0x68 cust/startup.o
                0x000000a4                _startup
 *(EXCLUDE_FILE(obj/sta/tcpip/resolv.o obj/sta/ZC_Adpter/zc_mt7681_adapter.o *obj/sta/AC/src/*.o *obj/sta/ZC/src/aes/*.o *obj/sta/ZC/src/zc/*.o *obj/sta/ZC/src/tropicssl/*.o) .text)
 *(EXCLUDE_FILE(obj/sta/tcpip/resolv.o obj/sta/ZC_Adpter/zc_mt7681_adapter.o *obj/sta/AC/src/*.o *obj/sta/ZC/src/aes/*.o *obj/sta/ZC/src/zc/*.o *obj/sta/ZC/src/tropicssl/*.o) .text.*)
 .text.IoT_parse_IWCmd
                0x0000010c        0x4 obj/sta/iot_at_cmd.o
                0x0000010c                IoT_parse_IWCmd
 .text.IoT_exec_AT_cmd_TestSwitch
                0x00000110      0x104 obj/sta/iot_at_cmd.o
                0x00000110                IoT_exec_AT_cmd_TestSwitch
 .text.IoT_Cust_Ops
                0x00000214       0x4c obj/sta/iot_custom.o
                0x00000214                IoT_Cust_Ops
 .text.default_uart_cfg
                0x00000260       0x24 obj/sta/iot_custom.o
                0x00000260                default_uart_cfg
 .text.IoT_Cust_HW_Timer1_Hdlr
                0x00000284        0x4 obj/sta/iot_custom.o
                0x00000284                IoT_Cust_HW_Timer1_Hdlr
 .text.IoT_Cust_Get_HW_Timer1_TICK_HZ
                0x00000288        0x4 obj/sta/iot_custom.o
                0x00000288                IoT_Cust_Get_HW_Timer1_TICK_HZ
 .text.IoT_Cust_GPIINT_Hdlr
                0x0000028c       0x9c obj/sta/iot_custom.o
                0x0000028c                IoT_Cust_GPIINT_Hdlr
 .text.default_ip_cfg
                0x00000328       0x30 obj/sta/iot_custom.o
                0x00000328                default_ip_cfg
 .text.IoT_Cust_SM_Smnt
                0x00000358       0x18 obj/sta/iot_custom.o
                0x00000358                IoT_Cust_SM_Smnt
 .text.IoT_Cust_SM_Init
                0x00000370       0x18 obj/sta/iot_custom.o
                0x00000370                IoT_Cust_SM_Init
 .text.reset_sta_cfg
                0x00000388       0x2c obj/sta/iot_custom.o
                0x00000388                reset_sta_cfg
 .text.reset_cfg
                0x000003b4       0x30 obj/sta/iot_custom.o
                0x000003b4                reset_cfg
 .text.Pre_init_cfg
                0x000003e4       0x58 obj/sta/iot_custom.o
                0x000003e4                Pre_init_cfg
 .text.CustTimer0TimeoutAction
                0x0000043c       0x24 obj/sta/iot_custom.o
                0x0000043c                CustTimer0TimeoutAction
 .text.IoT_Cust_Init
                0x00000460       0x50 obj/sta/iot_custom.o
                0x00000460                IoT_Cust_Init
 .text.IoT_Cust_Sub_Task
                0x000004b0       0x24 obj/sta/iot_custom.o
                0x000004b0                IoT_Cust_Sub_Task
 .text.UARTRx_Buf_Init
                0x000004d4       0x24 obj/sta/iot_uart_rb.o
                0x000004d4                UARTRx_Buf_Init
 .text.UART_Tx_Cb
                0x000004f8        0x4 obj/sta/iot_uart_rb.o
                0x000004f8                UART_Tx_Cb
 .text.uart_rb_init
                0x000004fc       0x20 obj/sta/iot_uart_rb.o
                0x000004fc                uart_rb_init
 .text.uart_rb_push
                0x0000051c       0x24 obj/sta/iot_uart_rb.o
                0x0000051c                uart_rb_push
 .text.UART_Rx_Packet_Dispatch
                0x00000540       0xf4 obj/sta/iot_uart_rb.o
                0x00000540                UART_Rx_Packet_Dispatch
 .text.UART_GetByte
                0x00000634       0x3c obj/sta/iot_uart_rb.o
                0x00000634                UART_GetByte
 .text.UART_Rx_Cb
                0x00000670      0x2c4 obj/sta/iot_uart_rb.o
                0x00000670                UART_Rx_Cb
 .text.UART_PutBytes
                0x00000934       0xe8 obj/sta/iot_uart_rb.o
                0x00000934                UART_PutBytes
 .text.setFlagVfyInit
                0x00000a1c       0x10 obj/sta/wifi_task_pub.o
                0x00000a1c                setFlagVfyInit
 .text.ws_goto_smnt
                0x00000a2c       0x34 obj/sta/wifi_task_pub.o
                0x00000a2c                ws_goto_smnt
 .text.ws_init  0x00000a60       0x78 obj/sta/wifi_task_pub.o
                0x00000a60                ws_init
 .text.ws_smt_conn
                0x00000ad8       0x2c obj/sta/wifi_task_pub.o
                0x00000ad8                ws_smt_conn
 .text.wifi_state_machine
                0x00000b04       0xa0 obj/sta/wifi_task_pub.o
                0x00000b04                wifi_state_machine
 .text.wifi_rx_proc
                0x00000ba4       0x58 obj/sta/wifi_task_pub.o
                0x00000ba4                wifi_rx_proc
 .text.wifiTASK_LowPrioTask
                0x00000bfc       0x9c obj/sta/wifi_task_pub.o
                0x00000bfc                wifiTASK_LowPrioTask
 .text.AES_CBC_Decrypt
                0x00000c98       0xd0 obj/sta/iot_aes_pub.o
                0x00000c98                AES_CBC_Decrypt
 .text.AES_CBC_Encrypt
                0x00000d68      0x208 obj/sta/iot_aes_pub.o
                0x00000d68                AES_CBC_Encrypt
 .text.strchr   0x00000f70       0x20 obj/sta/iot_at_cmd_utility.o
                0x00000f70                strchr
 .text.split_string_cmd
                0x00000f90       0x60 obj/sta/iot_at_cmd_utility.o
                0x00000f90                split_string_cmd
 .text.getopt   0x00000ff0      0x160 obj/sta/iot_at_cmd_utility.o
                0x00000ff0                getopt
 .text.crc_cal_by_bit2
                0x00001150       0x48 obj/sta/iot_xmodem.o
                0x00001150                crc_cal_by_bit2
 .text.crc16_ccitt
                0x00001198       0x1c obj/sta/iot_xmodem.o
                0x00001198                crc16_ccitt
 .text.check    0x000011b4       0x54 obj/sta/iot_xmodem.o
 .text.port_inbyte
                0x00001208       0x54 obj/sta/iot_xmodem.o
                0x00001208                port_inbyte
 .text.port_outbyte
                0x0000125c       0x1c obj/sta/iot_xmodem.o
                0x0000125c                port_outbyte
 .text.IoT_Xmodem_Update_FW
                0x00001278      0x2f4 obj/sta/iot_xmodem.o
                0x00001278                IoT_Xmodem_Update_FW
 .text.main     0x0000156c       0x84 obj/sta/main_pub.o
                0x0000156c                main
 .text.DelayTick
                0x000015f0        0xc obj/sta/misc_pub.o
                0x000015f0                DelayTick
 .text.usecDelay
                0x000015fc       0x4c obj/sta/misc_pub.o
                0x000015fc                usecDelay
 .text.msecDelay
                0x00001648       0x54 obj/sta/misc_pub.o
                0x00001648                msecDelay
 .text.RxFsIntFilterOut
                0x0000169c       0x58 obj/sta/rtmp_data_pub.o
                0x0000169c                RxFsIntFilterOut
 .text.STAHandleRxDataFrame
                0x000016f4       0xcc obj/sta/rtmp_data_pub.o
                0x000016f4                STAHandleRxDataFrame
 .text.BeaconTimeoutAction
                0x000017c0       0x1c obj/sta/rtmp_data_pub.o
                0x000017c0                BeaconTimeoutAction
 .text.RestartBCNTimer
                0x000017dc       0x34 obj/sta/rtmp_data_pub.o
                0x000017dc                RestartBCNTimer
 .text.STAHandleRxMgmtFrame
                0x00001810       0xf4 obj/sta/rtmp_data_pub.o
                0x00001810                STAHandleRxMgmtFrame
 .text.STARxDoneInterruptHandle
                0x00001904       0xe0 obj/sta/rtmp_data_pub.o
                0x00001904                STARxDoneInterruptHandle
 .text.reflect  0x000019e4       0x34 obj/sta/spi-flash_pub.o
                0x000019e4                reflect
 .text.crc32    0x00001a18       0x68 obj/sta/spi-flash_pub.o
                0x00001a18                crc32
 .text.spi_flash_update_fw_done
                0x00001a80       0x24 obj/sta/spi-flash_pub.o
                0x00001a80                spi_flash_update_fw_done
 .text.spi_flash_page_write
                0x00001aa4       0x88 obj/sta/spi-flash_pub.o
 .text.spi_flash_write_func
                0x00001b2c       0x94 obj/sta/spi-flash_pub.o
                0x00001b2c                spi_flash_write_func
 .text.spi_flash_erase_SE
                0x00001bc0       0x6c obj/sta/spi-flash_pub.o
                0x00001bc0                spi_flash_erase_SE
 .text.spi_flash_write
                0x00001c2c      0x198 obj/sta/spi-flash_pub.o
                0x00001c2c                spi_flash_write
 .text.spi_flash_CopyApToSta
                0x00001dc4      0x19c obj/sta/spi-flash_pub.o
                0x00001dc4                spi_flash_CopyApToSta
 .text.spi_flash_update_fw
                0x00001f60      0x100 obj/sta/spi-flash_pub.o
                0x00001f60                spi_flash_update_fw
 .text.clock_time
                0x00002060       0x24 obj/sta/tcpip/clock-arch.o
                0x00002060                clock_time
 .text.dhcpc_set_state
                0x00002084        0xc obj/sta/tcpip/dhcpc.o
                0x00002084                dhcpc_set_state
 .text.handle_dhcp
                0x00002090       0x34 obj/sta/tcpip/dhcpc.o
                0x00002090                handle_dhcp
 .text.iot_tcp_app_init
                0x000020c4        0x4 obj/sta/tcpip/iot_tcp_app.o
                0x000020c4                iot_tcp_app_init
 .text.iot_tcp_appcall
                0x000020c8       0x54 obj/sta/tcpip/iot_tcp_app.o
                0x000020c8                iot_tcp_appcall
 .text.iot_udp_appcall
                0x0000211c       0x6c obj/sta/tcpip/iot_udp_app.o
                0x0000211c                iot_udp_appcall
 .text.iot_udp_app_init
                0x00002188       0x2c obj/sta/tcpip/iot_udp_app.o
                0x00002188                iot_udp_app_init
 .text.mt76xx_dev_init
                0x000021b4        0x4 obj/sta/tcpip/mt76xx_dev.o
                0x000021b4                mt76xx_dev_init
 .text.mt76xx_dev_read
                0x000021b8       0x2c obj/sta/tcpip/mt76xx_dev.o
                0x000021b8                mt76xx_dev_read
 .text.mt76xx_dev_send
                0x000021e4       0x60 obj/sta/tcpip/mt76xx_dev.o
                0x000021e4                mt76xx_dev_send
 .text.resolv_usage_init
                0x00002244       0x30 obj/sta/tcpip/sample_resolv_usage.o
                0x00002244                resolv_usage_init
 .text.resolv_found
                0x00002274       0x2c obj/sta/tcpip/sample_resolv_usage.o
                0x00002274                resolv_found
 .text.dhcpc_configured
                0x000022a0       0x70 obj/sta/tcpip/tcpip_main.o
                0x000022a0                dhcpc_configured
 .text.tcpip_periodic_timer
                0x00002310      0x108 obj/sta/tcpip/tcpip_main.o
                0x00002310                tcpip_periodic_timer
 .text.netif_rx
                0x00002418       0xb0 obj/sta/tcpip/tcpip_main.o
                0x00002418                netif_rx
 .text.tcpip_init
                0x000024c8       0x38 obj/sta/tcpip/tcpip_main.o
                0x000024c8                tcpip_init
 .text.uip_add32
                0x00002500       0x5c obj/sta/tcpip/uip.o
                0x00002500                uip_add32
 .text.chksum   0x0000255c       0x40 obj/sta/tcpip/uip.o
 .text.uip_ipchksum
                0x0000259c       0x3c obj/sta/tcpip/uip.o
                0x0000259c                uip_ipchksum
 .text.upper_layer_chksum
                0x000025d8       0x5c obj/sta/tcpip/uip.o
 .text.uip_tcpchksum
                0x00002634       0x1c obj/sta/tcpip/uip.o
                0x00002634                uip_tcpchksum
 .text.uip_udpchksum
                0x00002650       0x1c obj/sta/tcpip/uip.o
                0x00002650                uip_udpchksum
 .text.uip_add_rcv_nxt
                0x0000266c       0x4c obj/sta/tcpip/uip.o
 .text.htons    0x000026b8       0x14 obj/sta/tcpip/uip.o
                0x000026b8                htons
 .text.uip_process
                0x000026cc       0x34 obj/sta/tcpip/uip.o
                0x000026cc                uip_process
 .text.uip_arp_update
                0x00002700      0x12c obj/sta/tcpip/uip_arp.o
 .text.uip_arp_arpin
                0x0000282c      0x10c obj/sta/tcpip/uip_arp.o
                0x0000282c                uip_arp_arpin
 .text.uip_arp_out
                0x00002938      0x20c obj/sta/tcpip/uip_arp.o
                0x00002938                uip_arp_out
 .text.uip_arp_timer
                0x00002b44       0x74 obj/sta/tcpip/uip_arp.o
                0x00002b44                uip_arp_timer
 .text.timer_reset
                0x00002bb8        0xc obj/sta/tcpip/uip_timer.o
                0x00002bb8                timer_reset
 .text.timer_expired
                0x00002bc4       0x24 obj/sta/tcpip/uip_timer.o
                0x00002bc4                timer_expired
 .text.timer_set
                0x00002be8       0x1c obj/sta/tcpip/uip_timer.o
                0x00002be8                timer_set
 .text.overlayunload
                0x00002c04       0x7c .\libandessta.a(xip_ovly.o)
                0x00002c04                overlayunload
 .text.overlaycopy
                0x00002c80       0x18 .\libandessta.a(xip_ovly.o)
                0x00002c80                overlaycopy
 .text.overlayload
                0x00002c98       0xc8 .\libandessta.a(xip_ovly.o)
                0x00002c98                overlayload
 .text.cnmTimerInitTimer
                0x00002d60       0x10 .\libandessta.a(cnm_timer.o)
                0x00002d60                cnmTimerInitTimer
 .text.cnmTimerStopTimer
                0x00002d70       0x40 .\libandessta.a(cnm_timer.o)
                0x00002d70                cnmTimerStopTimer
 .text.cnmTimerSetTimer
                0x00002db0       0x3c .\libandessta.a(cnm_timer.o)
 .text.cnmTimerDoTimeOutCheck
                0x00002dec       0xb4 .\libandessta.a(cnm_timer.o)
                0x00002dec                cnmTimerDoTimeOutCheck
 .text.cnmTimerStartTimer
                0x00002ea0       0x98 .\libandessta.a(cnm_timer.o)
                0x00002ea0                cnmTimerStartTimer
 .text.IoT_gpio_output
                0x00002f38       0xac .\libandessta.a(iot_io_cmd.o)
                0x00002f38                IoT_gpio_output
 .text.IoT_gpio_batch_modify_output_value
                0x00002fe4       0x3c .\libandessta.a(iot_io_cmd.o)
                0x00002fe4                IoT_gpio_batch_modify_output_value
 .text.IoT_software_pwm_handler
                0x00003020       0xd0 .\libandessta.a(iot_io_cmd.o)
                0x00003020                IoT_software_pwm_handler
 .text.IoT_software_pwm_init
                0x000030f0       0x28 .\libandessta.a(iot_io_cmd.o)
                0x000030f0                IoT_software_pwm_init
 .text.IoT_uart_output
                0x00003118       0x18 .\libandessta.a(iot_io_cmd.o)
                0x00003118                IoT_uart_output
 .text.IoT_Xmodem_Update_FW_Stop
                0x00003130       0x4c .\libandessta.a(iot_priv.o)
                0x00003130                IoT_Xmodem_Update_FW_Stop
 .text.IoT_Xmodem_Update_FW_Start
                0x0000317c       0x48 .\libandessta.a(iot_priv.o)
                0x0000317c                IoT_Xmodem_Update_FW_Start
 .text.apiQU_Dequeue
                0x000031c4       0x44 .\libandessta.a(queue.o)
                0x000031c4                apiQU_Dequeue
 .text.apiQU_Enqueue
                0x00003208       0x40 .\libandessta.a(queue.o)
                0x00003208                apiQU_Enqueue
 .text.PeerDisassocAction
                0x00003248       0x44 .\libandessta.a(assoc.o)
                0x00003248                PeerDisassocAction
 .text.NullFrameTimeoutAction
                0x0000328c       0x20 .\libandessta.a(assoc.o)
                0x0000328c                NullFrameTimeoutAction
 .text.PeerAssocRspAction
                0x000032ac       0x44 .\libandessta.a(assoc.o)
                0x000032ac                PeerAssocRspAction
 .text.MlmeAssocProcess
                0x000032f0       0x58 .\libandessta.a(assoc.o)
                0x000032f0                MlmeAssocProcess
 .text.MlmeAssocReqAction
                0x00003348       0x3c .\libandessta.a(assoc.o)
                0x00003348                MlmeAssocReqAction
 .text.MlmeAuthProcess
                0x00003384       0x34 .\libandessta.a(auth.o)
                0x00003384                MlmeAuthProcess
 .text.AUTH_ReqSend
                0x000033b8       0x50 .\libandessta.a(auth.o)
                0x000033b8                AUTH_ReqSend
 .text.AuthTimeoutAction
                0x00003408       0x58 .\libandessta.a(auth.o)
                0x00003408                AuthTimeoutAction
 .text.sysDelay1u
                0x00003460       0x10 .\libandessta.a(chip_init.o)
 .text.clean_key_tb
                0x00003470       0x50 .\libandessta.a(chip_init.o)
                0x00003470                clean_key_tb
 .text.MT7681_ReadEEPROM
                0x000034c0       0x50 .\libandessta.a(chip_init.o)
                0x000034c0                MT7681_ReadEEPROM
 .text.rtmp_bbp_is_ready
                0x00003510       0x58 .\libandessta.a(chip_init.o)
                0x00003510                rtmp_bbp_is_ready
 .text.WPAInstallSharedKey
                0x00003568       0x54 .\libandessta.a(cmm_wpa.o)
                0x00003568                WPAInstallSharedKey
 .text.RTMPParseEapolKeyData
                0x000035bc       0x50 .\libandessta.a(cmm_wpa.o)
                0x000035bc                RTMPParseEapolKeyData
 .text.CalculateMIC
                0x0000360c       0x3c .\libandessta.a(cmm_wpa.o)
                0x0000360c                CalculateMIC
 .text.ConstructEapolKeyData
                0x00003648       0x5c .\libandessta.a(cmm_wpa.o)
                0x00003648                ConstructEapolKeyData
 .text.ConstructEapolMsg
                0x000036a4       0x60 .\libandessta.a(cmm_wpa.o)
                0x000036a4                ConstructEapolMsg
 .text.PRF      0x00003704       0xb4 .\libandessta.a(cmm_wpa.o)
                0x00003704                PRF
 .text.GenRandom
                0x000037b8       0x74 .\libandessta.a(cmm_wpa.o)
                0x000037b8                GenRandom
 .text.WpaDerivePTK
                0x0000382c       0x50 .\libandessta.a(cmm_wpa.o)
                0x0000382c                WpaDerivePTK
 .text.PeerWpaMessageSanity
                0x0000387c       0x44 .\libandessta.a(cmm_wpa.o)
                0x0000387c                PeerWpaMessageSanity
 .text.PeerGroupMsg1Action
                0x000038c0       0x3c .\libandessta.a(cmm_wpa.o)
                0x000038c0                PeerGroupMsg1Action
 .text.PeerPairMsg3Action
                0x000038fc       0x3c .\libandessta.a(cmm_wpa.o)
                0x000038fc                PeerPairMsg3Action
 .text.PeerPairMsg1Action
                0x00003938       0x3c .\libandessta.a(cmm_wpa.o)
                0x00003938                PeerPairMsg1Action
 .text.WpaEAPOLKeyAction
                0x00003974       0xd4 .\libandessta.a(cmm_wpa.o)
                0x00003974                WpaEAPOLKeyAction
 .text.AES_Key_Unwrap
                0x00003a48      0x174 .\libandessta.a(crypt_aes.o)
                0x00003a48                AES_Key_Unwrap
 .text.RT_AES_Encrypt
                0x00003bbc      0x3dc .\libandessta.a(crypt_aes.o)
                0x00003bbc                RT_AES_Encrypt
 .text.RT_HMAC_MD5
                0x00003f98      0x134 .\libandessta.a(crypt_hmac.o)
                0x00003f98                RT_HMAC_MD5
 .text.RT_HMAC_SHA1
                0x000040cc      0x134 .\libandessta.a(crypt_hmac.o)
                0x000040cc                RT_HMAC_SHA1
 .text.RTMPCheckRxError
                0x00004200       0x14 .\libandessta.a(rtmp_data.o)
                0x00004200                RTMPCheckRxError
 .text.UARTTRTimeUpdate
                0x00004214       0x28 .\libandessta.a(rtmp_data.o)
                0x00004214                UARTTRTimeUpdate
 .text.RTMPRawDataSanity
                0x0000423c       0xd8 .\libandessta.a(rtmp_data.o)
                0x0000423c                RTMPRawDataSanity
 .text.RTMPWriteTxWI_Mgmt
                0x00004314       0xac .\libandessta.a(rtmp_data.o)
                0x00004314                RTMPWriteTxWI_Mgmt
 .text.WriteSingleTxResource
                0x000043c0       0x48 .\libandessta.a(rtmp_data.o)
                0x000043c0                WriteSingleTxResource
 .text.RTMPZeroMemory
                0x00004408       0x14 .\libandessta.a(rtmp_general.o)
                0x00004408                RTMPZeroMemory
 .text.RTMPCompareMemory
                0x0000441c       0x28 .\libandessta.a(rtmp_general.o)
                0x0000441c                RTMPCompareMemory
 .text.GetTimBit
                0x00004444       0x84 .\libandessta.a(rtmp_general.o)
                0x00004444                GetTimBit
 .text.MgtMacHeaderInit
                0x000044c8       0x78 .\libandessta.a(rtmp_general.o)
                0x000044c8                MgtMacHeaderInit
 .text.MakeOutgoingFrame
                0x00004540       0x4c .\libandessta.a(rtmp_general.o)
                0x00004540                MakeOutgoingFrame
 .text.NextChannel
                0x0000458c       0x20 .\libandessta.a(scan.o)
                0x0000458c                NextChannel
 .text.get_cent_ch_by_htinfo
                0x000045ac       0x3c .\libandessta.a(scan.o)
                0x000045ac                get_cent_ch_by_htinfo
 .text.RTMPCheckHt
                0x000045e8       0xfc .\libandessta.a(scan.o)
                0x000045e8                RTMPCheckHt
 .text.PeerBeaconAtScanAction
                0x000046e4       0x44 .\libandessta.a(scan.o)
                0x000046e4                PeerBeaconAtScanAction
 .text.SMTCNGetInfo
                0x00004728       0x34 .\libandessta.a(smtcn.o)
                0x00004728                SMTCNGetInfo
 .text.SMTCNParsingMulticast
                0x0000475c       0x50 .\libandessta.a(smtcn.o)
                0x0000475c                SMTCNParsingMulticast
 .text.RTMP_EnableTxRx
                0x000047ac       0x10 .\libandessta.a(wow.o)
                0x000047ac                RTMP_EnableTxRx
 .text.rtmp_eep_read16
                0x000047bc       0x20 .\libandessta.a(ee_efuse.o)
                0x000047bc                rtmp_eep_read16
 .text.drvFCE_RegisterIntHdlr
                0x000047dc       0x34 .\libandessta.a(fce.o)
                0x000047dc                drvFCE_RegisterIntHdlr
 .text.drvFCE_IntHdlr
                0x00004810       0x8c .\libandessta.a(fce.o)
                0x00004810                drvFCE_IntHdlr
 .text.PdmaVrPortIntHdlr
                0x0000489c       0xf4 .\libandessta.a(pdma.o)
                0x0000489c                PdmaVrPortIntHdlr
 .text.PdmaVtPortIntHdlr
                0x00004990      0x100 .\libandessta.a(pdma.o)
                0x00004990                PdmaVtPortIntHdlr
 .text.PdmaTxTsHdlr
                0x00004a90       0x70 .\libandessta.a(pdma.o)
                0x00004a90                PdmaTxTsHdlr
 .text.TxTsIntHdlr
                0x00004b00       0x18 .\libandessta.a(pdma.o)
                0x00004b00                TxTsIntHdlr
 .text.PdmaRxFsHdlr
                0x00004b18      0x108 .\libandessta.a(pdma.o)
                0x00004b18                PdmaRxFsHdlr
 .text.RxFsIntHdlr
                0x00004c20       0x18 .\libandessta.a(pdma.o)
                0x00004c20                RxFsIntHdlr
 .text.SPI_REG8
                0x00004c38       0x10 .\libandessta.a(spi-flash.o)
                0x00004c38                SPI_REG8
 .text.SPI_READOUT
                0x00004c48        0xc .\libandessta.a(spi-flash.o)
                0x00004c48                SPI_READOUT
 .text.WAIT_OP_DONE_PUB
                0x00004c54       0x10 .\libandessta.a(spi-flash.o)
                0x00004c54                WAIT_OP_DONE_PUB
 .text.spi_flash_read
                0x00004c64       0x28 .\libandessta.a(spi-flash.o)
                0x00004c64                spi_flash_read
 .text.drvTMR_Init
                0x00004c8c       0x14 .\libandessta.a(timer.o)
                0x00004c8c                drvTMR_Init
 .text.kal_get_systime
                0x00004ca0        0xc .\libandessta.a(timer.o)
                0x00004ca0                kal_get_systime
 .text.kal_stop_timer
                0x00004cac       0x84 .\libandessta.a(timer.o)
                0x00004cac                kal_stop_timer
 .text.kal_start_timer
                0x00004d30      0x104 .\libandessta.a(timer.o)
                0x00004d30                kal_start_timer
 .text.SwTimerHandler
                0x00004e34       0x30 .\libandessta.a(timer.o)
                0x00004e34                SwTimerHandler
 .text.hw_timer1_IntHdler
                0x00004e64       0x3c .\libandessta.a(timer.o)
                0x00004e64                hw_timer1_IntHdler
 .text.drvTMR_IntHdler
                0x00004ea0       0x4c .\libandessta.a(timer.o)
                0x00004ea0                drvTMR_IntHdler
 .text.UART_PutUARTByte
                0x00004eec       0x20 .\libandessta.a(uart.o)
                0x00004eec                UART_PutUARTByte
 .text._UART_GetByte
                0x00004f0c       0x24 .\libandessta.a(uart.o)
                0x00004f0c                _UART_GetByte
 .text.UART_RecHandler
                0x00004f30       0x44 .\libandessta.a(uart.o)
                0x00004f30                UART_RecHandler
 .text.UART_TrxHandler
                0x00004f74       0xc4 .\libandessta.a(uart.o)
                0x00004f74                UART_TrxHandler
 .text.UART_LISR
                0x00005038       0x54 .\libandessta.a(uart.o)
                0x00005038                UART_LISR
 .text.UART_EnableTX
                0x0000508c       0x38 .\libandessta.a(uart.o)
                0x0000508c                UART_EnableTX
 .text.UART_DisableTX
                0x000050c4       0x3c .\libandessta.a(uart.o)
                0x000050c4                UART_DisableTX
 .text.UART_EnableRX
                0x00005100       0x38 .\libandessta.a(uart.o)
                0x00005100                UART_EnableRX
 .text.UART_DisableRX
                0x00005138       0x3c .\libandessta.a(uart.o)
                0x00005138                UART_DisableRX
 .text.UART_PutChar
                0x00005174       0x18 .\libandessta.a(uartlite.o)
                0x00005174                UART_PutChar
 .text.UART_GetChar
                0x0000518c       0x20 .\libandessta.a(uartlite.o)
                0x0000518c                UART_GetChar
 .text.sysXCPT_XcptHdlr
                0x000051ac       0x18 .\libandessta.a(xcpt.o)
                0x000051ac                sysXCPT_XcptHdlr
 .text.sysXCPT_ResetXcptHdlr
                0x000051c4        0x4 .\libandessta.a(xcpt.o)
 .text.sysXCPT_TlbFillXcptHdlr
                0x000051c8        0x4 .\libandessta.a(xcpt.o)
 .text.sysXCPT_PteNotPresentXcptHdlr
                0x000051cc        0x4 .\libandessta.a(xcpt.o)
 .text.sysXCPT_TlbMiscXcptHdlr
                0x000051d0        0x4 .\libandessta.a(xcpt.o)
 .text.sysXCPT_TlbVlptMissXcptHdlr
                0x000051d4        0x4 .\libandessta.a(xcpt.o)
 .text.sysXCPT_MachineErrXcptHdlr
                0x000051d8        0x4 .\libandessta.a(xcpt.o)
 .text.sysXCPT_DebugRelatedXcptHdlr
                0x000051dc        0x4 .\libandessta.a(xcpt.o)
 .text.sysXCPT_GeneralXcptHdlr
                0x000051e0        0x4 .\libandessta.a(xcpt.o)
 .text.sysXCPT_SysCallXcptHdlr
                0x000051e4        0x4 .\libandessta.a(xcpt.o)
 .text.sysXCPT_Hw0IntrHdlr
                0x000051e8        0x4 .\libandessta.a(xcpt.o)
 .text.sysXCPT_Hw1IntrHdlr
                0x000051ec        0x4 .\libandessta.a(xcpt.o)
 .text.sysXCPT_Hw2IntrHdlr
                0x000051f0        0x4 .\libandessta.a(xcpt.o)
 .text.sysXCPT_Hw3IntrHdlr
                0x000051f4        0x4 .\libandessta.a(xcpt.o)
 .text.sysXCPT_Hw4IntrHdlr
                0x000051f8        0x4 .\libandessta.a(xcpt.o)
 .text.sysXCPT_Hw5IntrHdlr
                0x000051fc        0x4 .\libandessta.a(xcpt.o)
 .text.sysXCPT_SwIntrHdlr
                0x00005200        0x4 .\libandessta.a(xcpt.o)
 .text.sysKernelStart
                0x00005204       0x18 .\libandessta.a(initial.o)
                0x00005204                sysKernelStart
 .text.SYSirq_Disable_Interrupts_Save_Flags
                0x0000521c       0x14 .\libandessta.a(mutex.o)
                0x0000521c                SYSirq_Disable_Interrupts_Save_Flags
 .text.SYSirq_Interrupts_Restore_Flags
                0x00005230       0x18 .\libandessta.a(mutex.o)
                0x00005230                SYSirq_Interrupts_Restore_Flags
 .text.sysTASK_LowPrioTask
                0x00005248       0x28 .\libandessta.a(task.o)
                0x00005248                sysTASK_LowPrioTask
 .text.sysTASK_DeassertSignal
                0x00005270       0x44 .\libandessta.a(task.o)
                0x00005270                sysTASK_DeassertSignal
 .text.sysTASK_AssertSignal
                0x000052b4       0x40 .\libandessta.a(task.o)
                0x000052b4                sysTASK_AssertSignal
 .text.apiInitListEntry
                0x000052f4        0x8 .\libandessta.a(list.o)
                0x000052f4                apiInitListEntry
 .text.apiInsertListEntry
                0x000052fc        0xc .\libandessta.a(list.o)
                0x000052fc                apiInsertListEntry
 .text.apiInsertTailEntry
                0x00005308       0x20 .\libandessta.a(list.o)
                0x00005308                apiInsertTailEntry
 .text.apiRemoveHeadEntry
                0x00005328       0x1c .\libandessta.a(list.o)
                0x00005328                apiRemoveHeadEntry
 .text.apiRand  0x00005344       0x1c .\libandessta.a(random.o)
                0x00005344                apiRand
 .text.vprintf  0x00005360       0x24 .\libandessta.a(printf.o)
                0x00005360                vprintf
 .text.Printf_High
                0x00005384       0x34 .\libandessta.a(printf.o)
                0x00005384                Printf_High
 .text.vprintf_help
                0x000053b8       0x1c .\libandessta.a(printf.o)
 .text.malloc   0x000053d4       0x14 .\libandessta.a(stdlib.o)
                0x000053d4                malloc
 .text.free     0x000053e8       0x14 .\libandessta.a(stdlib.o)
                0x000053e8                free
 .text.strcmp   0x000053fc       0x20 .\libandessta.a(strcmp.o)
                0x000053fc                strcmp
 .text.strcpy   0x0000541c       0x14 .\libandessta.a(strcpy.o)
                0x0000541c                strcpy
 .text.strlen   0x00005430       0x10 .\libandessta.a(strlen.o)
                0x00005430                strlen
 .text.__toupper
                0x00005440       0x1c .\libandessta.a(vsprintf.o)
 .text.simple_strtoul
                0x0000545c       0xe4 .\libandessta.a(vsprintf.o)
                0x0000545c                simple_strtoul
 .text.simple_strtol
                0x00005540       0x2c .\libandessta.a(vsprintf.o)
                0x00005540                simple_strtol
 .text.drvMCUCTL_IntrHdlr
                0x0000556c       0xc4 .\libandessta.a(mcuctl.o)
                0x0000556c                drvMCUCTL_IntrHdlr
 .text.sysDelayxu
                0x00005630       0x18 .\libandessta.a(mt7681_ChSw.o)
 .text.RF_READ  0x00005648       0xb8 .\libandessta.a(mt7681_ChSw.o)
                0x00005648                RF_READ
 .text.RF_WRITE
                0x00005700       0x84 .\libandessta.a(mt7681_ChSw.o)
                0x00005700                RF_WRITE
 .text.RF_WRITE8
                0x00005784       0x20 .\libandessta.a(mt7681_ChSw.o)
                0x00005784                RF_WRITE8
 .text.BBP_READ
                0x000057a4       0x78 .\libandessta.a(mt7681_ChSw.o)
                0x000057a4                BBP_READ
 .text.BBP_WRITE
                0x0000581c       0x54 .\libandessta.a(mt7681_ChSw.o)
                0x0000581c                BBP_WRITE
 .text.Config_ChannelInfo
                0x00005870       0x54 .\libandessta.a(mt7681_ChSw.o)
                0x00005870                Config_ChannelInfo
 .text.CaliPeriodExec
                0x000058c4       0x40 .\libandessta.a(mt7681_ChSw.o)
                0x000058c4                CaliPeriodExec
 .text.T.215    0x00005904       0x58 .\libandessta.a(mt7681_ChSw.o)
 .text.drvPBF_IntHdler
                0x0000595c       0x18 .\libandessta.a(wifi_ps.o)
                0x0000595c                drvPBF_IntHdler
 .text.GetQueueInfo
                0x00005974        0xc .\libandessta.a(wifi_task.o)
                0x00005974                GetQueueInfo
 .text.GetFceIntStat
                0x00005980        0xc .\libandessta.a(wifi_task.o)
                0x00005980                GetFceIntStat
 .text.GetMsTimer
                0x0000598c        0xc .\libandessta.a(wifi_task.o)
                0x0000598c                GetMsTimer
 .text.StorePhyMode
                0x00005998        0xc .\libandessta.a(wifi_task.o)
                0x00005998                StorePhyMode
 .text.GetClearFrameFlag
                0x000059a4        0xc .\libandessta.a(wifi_task.o)
                0x000059a4                GetClearFrameFlag
 .text.handle_FCE_interrupt
                0x000059b0       0x64 .\libandessta.a(wifi_task.o)
                0x000059b0                handle_FCE_interrupt
 .text.BtoH     0x00005a14       0x34 .\libandessta.a(cmm_wep.o)
                0x00005a14                BtoH
 .text.AtoH     0x00005a48       0x44 .\libandessta.a(cmm_wep.o)
                0x00005a48                AtoH
 .text.drvGPIO_IntHdler
                0x00005a8c       0x44 .\libandessta.a(led.o)
                0x00005a8c                drvGPIO_IntHdler
 .text.T.3      0x00005ad0       0x48 .\libandessta.a(led.o)
 .text.do_printf
                0x00005b18      0x2e8 .\libandessta.a(do_printf.o)
                0x00005b18                do_printf
 .text.fputc    0x00005e00       0x2c .\libandessta.a(fputs.o)
                0x00005e00                fputc
 .text.putchar  0x00005e2c       0x1c .\libandessta.a(fputs.o)
                0x00005e2c                putchar
                0x00005e50                . = ALIGN (0x10)
                0x00005e50                STACK_SECT_VMA = .

.STACK          0x00005e50      0x800
                0x00005e50                PROVIDE (_STACK_START, .)
 *(.stack)
 .stack         0x00005e50      0x800 .\libandessta.a(stack.o)
                0x00005e50                sysStack
                0x00006650                PROVIDE (_STACK_END, .)
                0x00006650                . = ALIGN (0x10)
                0x00006650                DATA_SECT_VMA = .

.DATA           0x00006650     0x1018
 *(.rodata)
 *(.rodata.*)
 .rodata.str1.4
                0x00006650       0xba obj/sta/iot_at_cmd.o
                                 0xbc (size before relaxing)
 *fill*         0x0000670a        0x2 00000000
 .rodata.str1.4
                0x0000670c       0x95 obj/sta/iot_custom.o
                                 0x98 (size before relaxing)
 *fill*         0x000067a1        0x3 00000000
 .rodata.cst4   0x000067a4        0x4 obj/sta/iot_uart_rb.o
 .rodata.str1.4
                0x000067a8      0x1da obj/sta/ZC_Adpter/zc_mt7681_adapter.o
                                0x1dc (size before relaxing)
 *fill*         0x00006982        0x2 00000000
 .rodata.str1.4
                0x00006984       0x1c obj/sta/AC/src/ac_hal.o
 .rodata.C.1.1204
                0x000069a0       0x24 obj/sta/AC/src/ac_hal.o
 .rodata.str1.4
                0x000069c4       0xb3 obj/sta/ZC/src/zc/zc_common.o
                                 0xb4 (size before relaxing)
 .rodata.str1.4
                0x00000000       0x14 obj/sta/ZC/src/zc/zc_configuration.o
 *fill*         0x00006a77        0x1 00000000
 .rodata.str1.4
                0x00006a78       0x18 obj/sta/ZC/src/zc/zc_message_queue.o
 .rodata.str1.4
                0x00006a90      0x248 obj/sta/ZC/src/zc/zc_protocol_controller.o
 .rodata.str1.4
                0x00006cd8       0x80 obj/sta/ZC/src/zc/zc_sec_engine.o
 .rodata.C.9.1864
                0x00006d58        0x8 obj/sta/ZC/src/zc/zc_sec_engine.o
 .rodata.str1.4
                0x00006d60       0x39 obj/sta/ZC/src/zc/zc_timer.o
                                 0x3c (size before relaxing)
 *fill*         0x00006d99        0x3 00000000
 .rodata.str1.4
                0x00006d9c      0x117 obj/sta/iot_aes_pub.o
                                0x118 (size before relaxing)
 *fill*         0x00006eb3        0x1 00000000
 .rodata.str1.4
                0x00006eb4        0x7 obj/sta/iot_at_cmd_utility.o
                                  0x8 (size before relaxing)
 *fill*         0x00006ebb        0x1 00000000
 .rodata.str1.4
                0x00006ebc        0x9 obj/sta/iot_xmodem.o
                                  0xc (size before relaxing)
 *fill*         0x00006ec5        0x3 00000000
 .rodata.C.25.2941
                0x00006ec8        0x8 obj/sta/iot_xmodem.o
 .rodata.str1.4
                0x00006ed0       0xa6 obj/sta/spi-flash_pub.o
                                 0xac (size before relaxing)
 *fill*         0x00006f76        0x2 00000000
 .rodata.C.8.3168
                0x00006f78        0x4 obj/sta/spi-flash_pub.o
 .rodata.xid    0x00006f7c        0x4 obj/sta/tcpip/dhcpc.o
 .rodata.magic_cookie
                0x00006f80        0x4 obj/sta/tcpip/dhcpc.o
 .rodata.str1.4
                0x00006f84       0x30 obj/sta/tcpip/tcpip_main.o
 .rodata.broadcast_ethaddr
                0x00006fb4        0x8 obj/sta/tcpip/uip_arp.o
 .rodata.str1.4
                0x00006fbc       0x2b .\libandessta.a(xip_ovly.o)
                                 0x2c (size before relaxing)
 *fill*         0x00006fe7        0x1 00000000
 .rodata.C.2.5843
                0x00006fe8       0x10 .\libandessta.a(app_nos_main.o)
 .rodata.str1.4
                0x00006ff8       0x14 .\libandessta.a(assoc.o)
 .rodata.__FUNCTION__.4345
                0x0000700c       0x10 .\libandessta.a(assoc.o)
 .rodata.str1.4
                0x0000701c       0x4b .\libandessta.a(chip_init.o)
                                 0x58 (size before relaxing)
 *fill*         0x00007067        0x1 00000000
 .rodata.C.24.4502
                0x00007068        0xc .\libandessta.a(cmm_wpa.o)
 .rodata.C.21.4442
                0x00007074       0x18 .\libandessta.a(cmm_wpa.o)
 .rodata.cst4   0x0000708c        0x4 .\libandessta.a(crypt_aes.o)
                                  0x8 (size before relaxing)
 .rodata.aes_mul_2
                0x00007090      0x100 .\libandessta.a(crypt_aes.o)
 .rodata.aes_mul_3
                0x00007190      0x100 .\libandessta.a(crypt_aes.o)
 .rodata.str1.4
                0x00007290        0xb .\libandessta.a(scan.o)
                                  0xc (size before relaxing)
 *fill*         0x0000729b        0x1 00000000
 .rodata.str1.4
                0x0000729c        0x5 .\libandessta.a(bsp.o)
                                  0x8 (size before relaxing)
 *fill*         0x000072a1        0x3 00000000
 .rodata.str1.4
                0x000072a4       0x37 .\libandessta.a(ee_efuse.o)
                                 0x38 (size before relaxing)
 *fill*         0x000072db        0x1 00000000
 .rodata.MT7681_Frequency_Plan
                0x000072dc       0x48 .\libandessta.a(mt7681_ChSw.o)
 .rodata.str1.4
                0x00007324       0x48 .\libandessta.a(wifi_task.o)
                0x00007370                . = ALIGN (0x10)
 *fill*         0x0000736c        0x4 00000000
 *(.data)
 *(.data.*)
 .data.Com_Cfg  0x00007370       0x2c obj/sta/iot_custom.o
                0x00007370                Com_Cfg
 .data.bSpecAP  0x0000739c        0x1 obj/sta/iot_custom.o
                0x0000739c                bSpecAP
 .data.PRINT_FLAG
                0x0000739d        0x1 obj/sta/iot_custom.o
                0x0000739d                PRINT_FLAG
 *fill*         0x0000739e        0x2 00000000
 .data.ATCmdPrefixAT
                0x000073a0        0x4 obj/sta/iot_uart_rb.o
                0x000073a0                ATCmdPrefixAT
 .data.ATCmdPrefixIW
                0x000073a4        0xc obj/sta/iot_uart_rb.o
                0x000073a4                ATCmdPrefixIW
 .data.AtCmdPrefixMsg
                0x000073b0        0x4 obj/sta/iot_uart_rb.o
                0x000073b0                AtCmdPrefixMsg
 .data.gCurrentAddress
                0x000073b4        0x8 obj/sta/wifi_task_pub.o
                0x000073b4                gCurrentAddress
 .data.BCAST_ADDR
                0x000073bc        0x8 obj/sta/wifi_task_pub.o
                0x000073bc                BCAST_ADDR
 .data.endquery.1371
                0x000073c4        0x8 obj/sta/tcpip/resolv.o
 .data.g_u8ModuleKey
                0x000073cc       0x70 obj/sta/AC/src/ac_hal.o
                0x000073cc                g_u8ModuleKey
 *fill*         0x0000743c        0x4 00000000
 .data.g_u64Domain
                0x00007440        0x8 obj/sta/AC/src/ac_hal.o
                0x00007440                g_u64Domain
 .data.g_u8DefaultCloudKey
                0x00007448       0x24 obj/sta/ZC/src/zc/zc_configuration.o
                0x00007448                g_u8DefaultCloudKey
 .data.g_u8DefaultTokenKey
                0x0000746c       0x10 obj/sta/ZC/src/zc/zc_configuration.o
                0x0000746c                g_u8DefaultTokenKey
 .data.optind   0x0000747c        0x2 obj/sta/iot_at_cmd_utility.o
                0x0000747c                optind
 .data.opterr   0x0000747e        0x1 obj/sta/iot_at_cmd_utility.o
                0x0000747e                opterr
 *fill*         0x0000747f        0x1 00000000
 .data.SNAP_802_1H
                0x00007480        0x8 obj/sta/iot_uplink.o
                0x00007480                SNAP_802_1H
 .data.SNAP_BRIDGE_TUNNEL
                0x00007488        0x8 obj/sta/iot_uplink.o
                0x00007488                SNAP_BRIDGE_TUNNEL
 .data.EAPOL    0x00007490        0x4 obj/sta/iot_uplink.o
                0x00007490                EAPOL
 .data.hostname
                0x00007494        0x8 obj/sta/tcpip/dhcpc.o
 .data.cli_fd   0x0000749c        0x4 obj/sta/tcpip/tcpip_main.o
                0x0000749c                cli_fd
 .data.uip_ethaddr
                0x000074a0        0x8 obj/sta/tcpip/uip.o
                0x000074a0                uip_ethaddr
 .data.OUI_WPA_NONE_AKM
                0x000074a8        0x4 .\libandessta.a(cmm_wpa.o)
                0x000074a8                OUI_WPA_NONE_AKM
 .data.OUI_WPA_VERSION
                0x000074ac        0x4 .\libandessta.a(cmm_wpa.o)
                0x000074ac                OUI_WPA_VERSION
 .data.OUI_WPA_TKIP
                0x000074b0        0x4 .\libandessta.a(cmm_wpa.o)
                0x000074b0                OUI_WPA_TKIP
 .data.OUI_WPA_CCMP
                0x000074b4        0x4 .\libandessta.a(cmm_wpa.o)
                0x000074b4                OUI_WPA_CCMP
 .data.OUI_WPA_8021X_AKM
                0x000074b8        0x4 .\libandessta.a(cmm_wpa.o)
                0x000074b8                OUI_WPA_8021X_AKM
 .data.OUI_WPA_PSK_AKM
                0x000074bc        0x4 .\libandessta.a(cmm_wpa.o)
                0x000074bc                OUI_WPA_PSK_AKM
 .data.OUI_WPA2
                0x000074c0        0x4 .\libandessta.a(cmm_wpa.o)
                0x000074c0                OUI_WPA2
 .data.OUI_WPA2_TKIP
                0x000074c4        0x4 .\libandessta.a(cmm_wpa.o)
                0x000074c4                OUI_WPA2_TKIP
 .data.OUI_WPA2_CCMP
                0x000074c8        0x4 .\libandessta.a(cmm_wpa.o)
                0x000074c8                OUI_WPA2_CCMP
 .data.OUI_WPA2_8021X_AKM
                0x000074cc        0x4 .\libandessta.a(cmm_wpa.o)
                0x000074cc                OUI_WPA2_8021X_AKM
 .data.OUI_WPA2_PSK_AKM
                0x000074d0        0x4 .\libandessta.a(cmm_wpa.o)
                0x000074d0                OUI_WPA2_PSK_AKM
 .data.g_tx_pkt_id
                0x000074d4        0x1 .\libandessta.a(rtmp_data.o)
 *fill*         0x000074d5        0x3 00000000
 .data.Full_ChannelList
                0x000074d8       0x28 .\libandessta.a(scan.o)
                0x000074d8                Full_ChannelList
 .data.Full_ChannelList_Size
                0x00007500        0x1 .\libandessta.a(scan.o)
                0x00007500                Full_ChannelList_Size
 .data.HtCapIe  0x00007501        0x1 .\libandessta.a(scan.o)
                0x00007501                HtCapIe
 *fill*         0x00007502        0x2 00000000
 .data.WPA_OUI  0x00007504        0x4 .\libandessta.a(scan.o)
                0x00007504                WPA_OUI
 .data.RSN_OUI  0x00007508        0x4 .\libandessta.a(scan.o)
                0x00007508                RSN_OUI
 .data.WPS_OUI  0x0000750c        0x4 .\libandessta.a(scan.o)
                0x0000750c                WPS_OUI
 .data.sysXcptVctr
                0x00007510       0x40 .\libandessta.a(xcpt.o)
 .data.Random   0x00007550        0x4 .\libandessta.a(random.o)
 .data.SupRateIe
                0x00007554        0x1 .\libandessta.a(mt7681_ChSw.o)
                0x00007554                SupRateIe
 .data.ExtRateIe
                0x00007555        0x1 .\libandessta.a(mt7681_ChSw.o)
                0x00007555                ExtRateIe
 *fill*         0x00007556        0x2 00000000
 .data.WME_PARM_ELEM
                0x00007558        0x8 .\libandessta.a(mt7681_ChSw.o)
                0x00007558                WME_PARM_ELEM
 .data.SSID_TMP
                0x00007560        0x4 .\libandessta.a(wifi_task.o)
                0x00007560                SSID_TMP
 .data.RTDebugLevel
                0x00007564        0x1 .\libandessta.a(wifi_task.o)
                0x00007564                RTDebugLevel
 *fill*         0x00007565        0x3 00000000
 .data._ctype   0x00007568      0x100 .\libandessta.a(ctype.o)
                0x00007568                _ctype
                0x00007668                . = ALIGN (0x4)

FW_VERSION_TAG  0x00007668        0xc
 *(FW_VERSION_TAG)
 FW_VERSION_TAG
                0x00007668        0xc .\libandessta.a(bsp.o)
                0x00007668                gVersionTag
                0x00007674                __tag_end = .

.ovlysec0       0x00007674      0xf94 load address 0x0053f000
 .ovlysec0      0x00007674      0xf94 obj/sta/tcpip/uip.o
                0x00007674                _uip_process
                0x0053f000                PROVIDE (__load_start_ovlysec0, LOADADDR (.ovlysec0))
                0x0053ff94                PROVIDE (__load_stop_ovlysec0, (LOADADDR (.ovlysec0) + SIZEOF (.ovlysec0)))

.ovlysec1       0x00007674        0x0 load address 0x0053ff94
                0x0053ff94                PROVIDE (__load_start_ovlysec1, LOADADDR (.ovlysec1))
                0x0053ff94                PROVIDE (__load_stop_ovlysec1, (LOADADDR (.ovlysec1) + SIZEOF (.ovlysec1)))

.ovlysec2       0x00007674      0x814 load address 0x0053ff94
 .ovlysec2      0x00007674      0x814 .\libandessta.a(chip_init.o)
                0x00007674                MACRegTable
                0x00007dd4                MT7681_RF_VGA_RegTb
                0x0000779c                MT7681_MACRegTable
                0x00007d20                MT7681_RF_Channel_RegTb
                0x00007c9c                MT7681_RF_Central_RegTb
                0x000077ec                MT7681_BBP_InitRegTb
                0x000077cc                BBPRegTable
                0x0053ff94                PROVIDE (__load_start_ovlysec2, LOADADDR (.ovlysec2))
                0x005407a8                PROVIDE (__load_stop_ovlysec2, (LOADADDR (.ovlysec2) + SIZEOF (.ovlysec2)))

.ovlysec3       0x00007674      0x480 load address 0x005407a8
 .ovlysec3      0x00007674      0x480 .\libandessta.a(scan.o)
                0x00007674                PeerBeaconAndProbeRspSanity
                0x005407a8                PROVIDE (__load_start_ovlysec3, LOADADDR (.ovlysec3))
                0x00540c28                PROVIDE (__load_stop_ovlysec3, (LOADADDR (.ovlysec3) + SIZEOF (.ovlysec3)))

.ovlysec4       0x00007674      0x43c load address 0x00540c28
 .ovlysec4      0x00007674      0x43c .\libandessta.a(smtcn.o)
                0x00007674                SMTCNRX_done
                0x00007860                _SMTCNParsingMulticast
                0x000076fc                _SMTCNGetInfo
                0x00540c28                PROVIDE (__load_start_ovlysec4, LOADADDR (.ovlysec4))
                0x00541064                PROVIDE (__load_stop_ovlysec4, (LOADADDR (.ovlysec4) + SIZEOF (.ovlysec4)))

.ovlysec5       0x00007674      0x594 load address 0x00541064
 .ovlysec5      0x00007674      0x594 .\libandessta.a(assoc.o)
                0x0000799c                _MlmeAssocReqAction
                0x0000789c                _PeerAssocRspAction
                0x00007674                PeerAssocRspSanity
                0x00007840                _PeerDisassocAction
                0x00541064                PROVIDE (__load_start_ovlysec5, LOADADDR (.ovlysec5))
                0x005415f8                PROVIDE (__load_stop_ovlysec5, (LOADADDR (.ovlysec5) + SIZEOF (.ovlysec5)))

.ovlysec6       0x00007674      0x1b4 load address 0x005415f8
 .ovlysec6      0x00007674      0x1b4 .\libandessta.a(auth.o)
                0x00007724                _AUTH_ReqSend
                0x00007674                _MlmeAuthProcess
                0x005415f8                PROVIDE (__load_start_ovlysec6, LOADADDR (.ovlysec6))
                0x005417ac                PROVIDE (__load_stop_ovlysec6, (LOADADDR (.ovlysec6) + SIZEOF (.ovlysec6)))

.ovlysec7       0x00007674      0xe68 load address 0x005417ac
 .ovlysec7      0x00007674      0xe68 .\libandessta.a(cmm_wpa.o)
                0x00007890                _CalculateMIC
                0x00007a30                _ConstructEapolMsg
                0x00007c8c                _WpaDeriveGTK
                0x00007d78                _WpaDerivePTK
                0x0000825c                _PeerPairMsg3Action
                0x00007f08                _PeerWpaMessageSanity
                0x00008160                _PeerGroupMsg1Action
                0x00007674                _WPAInstallSharedKey
                0x00007740                _RTMPParseEapolKeyData
                0x0000838c                _PeerPairMsg1Action
                0x00007964                _ConstructEapolKeyData
                0x005417ac                PROVIDE (__load_start_ovlysec7, LOADADDR (.ovlysec7))
                0x00542614                PROVIDE (__load_stop_ovlysec7, (LOADADDR (.ovlysec7) + SIZEOF (.ovlysec7)))

.ovlysec8       0x00008608      0x438 load address 0x00542614
 .ovlysec8      0x00008608      0x438 .\libandessta.a(scan.o)
                0x00008608                _PeerBeaconAtScanAction
                0x00542614                PROVIDE (__load_start_ovlysec8, LOADADDR (.ovlysec8))
                0x00542a4c                PROVIDE (__load_stop_ovlysec8, (LOADADDR (.ovlysec8) + SIZEOF (.ovlysec8)))

.ovlysec9       0x00008608      0x1f4 load address 0x00542a4c
 .ovlysec9      0x00008608      0x1f4 obj/sta/tcpip/tcpip_main.o
                0x00008608                _tcpip_init
                0x00542a4c                PROVIDE (__load_start_ovlysec9, LOADADDR (.ovlysec9))
                0x00542c40                PROVIDE (__load_stop_ovlysec9, (LOADADDR (.ovlysec9) + SIZEOF (.ovlysec9)))

.ovlysec10      0x00008608      0x150 load address 0x00542c40
 .ovlysec10     0x00008608      0x150 obj/sta/tcpip/dhcpc.o
                0x00008608                _handle_dhcp
                0x00542c40                PROVIDE (__load_start_ovlysec10, LOADADDR (.ovlysec10))
                0x00542d90                PROVIDE (__load_stop_ovlysec10, (LOADADDR (.ovlysec10) + SIZEOF (.ovlysec10)))

.ovlysec11      0x00008608      0x178 load address 0x00542d90
 .ovlysec11     0x00008608      0x178 .\libandessta.a(chip_init.o)
                0x00008654                wait_bbp_rf_wakeup
                0x00008690                NICInitMT7681BbpRegisters
                0x000086f4                NICInitMT7681RFRegisters
                0x00008608                NICInitMT7681MacRegisters
                0x00542d90                PROVIDE (__load_start_ovlysec11, LOADADDR (.ovlysec11))
                0x00542f08                PROVIDE (__load_stop_ovlysec11, (LOADADDR (.ovlysec11) + SIZEOF (.ovlysec11)))
                0x00008a40                . = ALIGN (0x4)

.nds32.ovly.tbl
                0x00008a40       0xe4
                0x00008a40                _ovly_table = .
                0x00008a40        0x4 LONG 0x7674 ABSOLUTE (ADDR (.ovlysec0))
                0x00008a44        0x4 LONG 0xf94 SIZEOF (.ovlysec0)
                0x00008a48        0x4 LONG 0x53f000 ABSOLUTE (LOADADDR (.ovlysec0))
                0x00008a4c        0x4 LONG 0x0
                0x00008a50        0x4 LONG 0x7674 ABSOLUTE (ADDR (.ovlysec1))
                0x00008a54        0x4 LONG 0x0 SIZEOF (.ovlysec1)
                0x00008a58        0x4 LONG 0x53ff94 ABSOLUTE (LOADADDR (.ovlysec1))
                0x00008a5c        0x4 LONG 0x0
                0x00008a60        0x4 LONG 0x7674 ABSOLUTE (ADDR (.ovlysec2))
                0x00008a64        0x4 LONG 0x814 SIZEOF (.ovlysec2)
                0x00008a68        0x4 LONG 0x53ff94 ABSOLUTE (LOADADDR (.ovlysec2))
                0x00008a6c        0x4 LONG 0x0
                0x00008a70        0x4 LONG 0x7674 ABSOLUTE (ADDR (.ovlysec3))
                0x00008a74        0x4 LONG 0x480 SIZEOF (.ovlysec3)
                0x00008a78        0x4 LONG 0x5407a8 ABSOLUTE (LOADADDR (.ovlysec3))
                0x00008a7c        0x4 LONG 0x0
                0x00008a80        0x4 LONG 0x7674 ABSOLUTE (ADDR (.ovlysec4))
                0x00008a84        0x4 LONG 0x43c SIZEOF (.ovlysec4)
                0x00008a88        0x4 LONG 0x540c28 ABSOLUTE (LOADADDR (.ovlysec4))
                0x00008a8c        0x4 LONG 0x0
                0x00008a90        0x4 LONG 0x7674 ABSOLUTE (ADDR (.ovlysec5))
                0x00008a94        0x4 LONG 0x594 SIZEOF (.ovlysec5)
                0x00008a98        0x4 LONG 0x541064 ABSOLUTE (LOADADDR (.ovlysec5))
                0x00008a9c        0x4 LONG 0x0
                0x00008aa0        0x4 LONG 0x7674 ABSOLUTE (ADDR (.ovlysec6))
                0x00008aa4        0x4 LONG 0x1b4 SIZEOF (.ovlysec6)
                0x00008aa8        0x4 LONG 0x5415f8 ABSOLUTE (LOADADDR (.ovlysec6))
                0x00008aac        0x4 LONG 0x0
                0x00008ab0        0x4 LONG 0x7674 ABSOLUTE (ADDR (.ovlysec7))
                0x00008ab4        0x4 LONG 0xe68 SIZEOF (.ovlysec7)
                0x00008ab8        0x4 LONG 0x5417ac ABSOLUTE (LOADADDR (.ovlysec7))
                0x00008abc        0x4 LONG 0x0
                0x00008ac0        0x4 LONG 0x8608 ABSOLUTE (ADDR (.ovlysec8))
                0x00008ac4        0x4 LONG 0x438 SIZEOF (.ovlysec8)
                0x00008ac8        0x4 LONG 0x542614 ABSOLUTE (LOADADDR (.ovlysec8))
                0x00008acc        0x4 LONG 0x1
                0x00008ad0        0x4 LONG 0x8608 ABSOLUTE (ADDR (.ovlysec9))
                0x00008ad4        0x4 LONG 0x1f4 SIZEOF (.ovlysec9)
                0x00008ad8        0x4 LONG 0x542a4c ABSOLUTE (LOADADDR (.ovlysec9))
                0x00008adc        0x4 LONG 0x1
                0x00008ae0        0x4 LONG 0x8608 ABSOLUTE (ADDR (.ovlysec10))
                0x00008ae4        0x4 LONG 0x150 SIZEOF (.ovlysec10)
                0x00008ae8        0x4 LONG 0x542c40 ABSOLUTE (LOADADDR (.ovlysec10))
                0x00008aec        0x4 LONG 0x1
                0x00008af0        0x4 LONG 0x8608 ABSOLUTE (ADDR (.ovlysec11))
                0x00008af4        0x4 LONG 0x178 SIZEOF (.ovlysec11)
                0x00008af8        0x4 LONG 0x542d90 ABSOLUTE (LOADADDR (.ovlysec11))
                0x00008afc        0x4 LONG 0x1
                0x00008b00                _novlys = .
                0x00008b00        0x4 LONG 0xc ((_novlys - _ovly_table) / 0x10)
                0x00008b08                . = ALIGN (0x8)
 *fill*         0x00008b04        0x4 00
                0x00008b08                _ovly_ram_table = .
                0x00008b08        0x4 LONG 0x0
                0x00008b0c        0x4 LONG 0xffffffff
                0x00008b10        0x4 LONG 0x0
                0x00008b14        0x4 LONG 0x1
                0x00008b18        0x4 LONG 0xffffffff
                0x00008b1c        0x4 LONG 0x0
                0x00008b20                _novlyr = .
                0x00008b20        0x4 LONG 0x2 ((_novlyr - _ovly_ram_table) / 0xc)
                0x00008b30                . = ALIGN (0x10)
                0x00008b30                BSS_SECT_VMA = .

.BSS            0x00008b30     0x6868
                0x00008b30                PROVIDE (_BSS_START, .)
 *(.sbss)
 *(.sbss.*)
 *(.scommon)
 *(.scommon.*)
 *(.sbss_w)
 .sbss_w        0x00008b30        0x8 obj/sta/wifi_task_pub.o
                0x00008b30                pIoTMlme
                0x00008b34                pIoTStaCfg
 .sbss_w        0x00008b38        0x4 obj/sta/ZC/src/zc/zc_bc.o
                0x00008b38                g_u32GloablIp
 .sbss_w        0x00008b3c       0x10 obj/sta/tcpip/uip.o
                0x00008b48                uip_sappdata
                0x00008b3c                uip_udp_conn
                0x00008b40                uip_appdata
                0x00008b44                uip_conn
 .sbss_w        0x00008b4c        0x4 .\libandessta.a(bsp.o)
                0x00008b4c                __OS_Heap_Start
 *(.sbss_w.*)
 *(.sbss_h)
 .sbss_h        0x00008b50        0x6 obj/sta/ZC_Adpter/zc_mt7681_adapter.o
                0x00008b50                g_u16TcpMss
                0x00008b54                g_u16LocalListenPort
                0x00008b52                g_u16LocalPort
 .sbss_h        0x00008b56        0x6 obj/sta/tcpip/uip.o
                0x00008b56                uip_len
                0x00008b5a                ipid
                0x00008b58                uip_slen
 *(.sbss_h.*)
 *(.sbss_b)
 .sbss_b        0x00008b5c        0x1 obj/sta/tcpip/uip.o
                0x00008b5c                uip_flags
 .sbss_b        0x00008b5d        0x1 .\libandessta.a(iot_priv.o)
                0x00008b5d                bXmodelStart
 *(.sbss_b.*)
                0x00008b60                . = ALIGN (0x10)
 *fill*         0x00008b5e        0x2 00000000
 *(.bss)
 *(.bss.*)
 .bss.Usr_Cfg   0x00008b60      0x128 obj/sta/iot_custom.o
                0x00008b60                Usr_Cfg
 .bss.gCaliFrEfuse
                0x00008c88        0x1 obj/sta/iot_custom.o
                0x00008c88                gCaliFrEfuse
 .bss.UART_TX_POLL_ENABLE
                0x00008c89        0x1 obj/sta/iot_custom.o
                0x00008c89                UART_TX_POLL_ENABLE
 .bss.MsgLen.3044
                0x00008c8a        0x2 obj/sta/iot_uart_rb.o
 .bss.LastCh.3043
                0x00008c8c        0x1 obj/sta/iot_uart_rb.o
 .bss.MsgMatchNum.3042
                0x00008c8d        0x1 obj/sta/iot_uart_rb.o
 .bss.IWMatchNum.3041
                0x00008c8e        0x1 obj/sta/iot_uart_rb.o
 .bss.ATMatchNum.3040
                0x00008c8f        0x1 obj/sta/iot_uart_rb.o
 .bss.gSmnted   0x00008c90        0x1 obj/sta/wifi_task_pub.o
                0x00008c90                gSmnted
 *fill*         0x00008c91        0x3 00000000
 .bss.PreTime.2590
                0x00008c94        0x4 obj/sta/wifi_task_pub.o
 .bss.i.1547    0x00008c98        0x1 obj/sta/tcpip/resolv.o
 *fill*         0x00008c99        0x3 00000000
 .bss.resolv_conn
                0x00008c9c        0x4 obj/sta/tcpip/resolv.o
 .bss.i.1512    0x00008ca0        0x1 obj/sta/tcpip/resolv.o
 .bss.lseqi.1483
                0x00008ca1        0x1 obj/sta/tcpip/resolv.o
 .bss.lseq.1482
                0x00008ca2        0x1 obj/sta/tcpip/resolv.o
 .bss.i.1481    0x00008ca3        0x1 obj/sta/tcpip/resolv.o
 .bss.i.1420    0x00008ca4        0x2 obj/sta/tcpip/resolv.o
 .bss.nanswers.1419
                0x00008ca6        0x2 obj/sta/tcpip/resolv.o
 .bss.nquestions.1418
                0x00008ca8        0x2 obj/sta/tcpip/resolv.o
 .bss.n.1363    0x00008caa        0x1 obj/sta/tcpip/resolv.o
 .bss.i.1362    0x00008cab        0x1 obj/sta/tcpip/resolv.o
 .bss.names     0x00008cac       0x2c obj/sta/tcpip/resolv.o
 .bss.seqno     0x00008cd8        0x1 obj/sta/tcpip/resolv.o
 .bss.g_u8ClientSendLen
                0x00008cd9        0x1 obj/sta/ZC_Adpter/zc_mt7681_adapter.o
                0x00008cd9                g_u8ClientSendLen
 *fill*         0x00008cda        0x2 00000000
 .bss.g_u32BcSleepCount
                0x00008cdc        0x4 obj/sta/ZC_Adpter/zc_mt7681_adapter.o
                0x00008cdc                g_u32BcSleepCount
 .bss.g_u32CloudStatus
                0x00008ce0        0x4 obj/sta/AC/src/ac_hal.o
                0x00008ce0                g_u32CloudStatus
 .bss.g_u32WifiPowerStatus
                0x00008ce4        0x4 obj/sta/AC/src/ac_hal.o
                0x00008ce4                g_u32WifiPowerStatus
 .bss.g_u8EqVersion
                0x00008ce8        0x4 obj/sta/AC/src/ac_hal.o
                0x00008ce8                g_u8EqVersion
 .bss.g_Bcfd    0x00008cec        0x4 obj/sta/ZC/src/zc/zc_bc.o
                0x00008cec                g_Bcfd
 .bss.g_pu8RemoteAddr
                0x00008cf0        0x4 obj/sta/ZC/src/zc/zc_bc.o
                0x00008cf0                g_pu8RemoteAddr
 .bss.sleepcount.1760
                0x00008cf4        0x4 obj/sta/ZC/src/zc/zc_bc.o
 .bss.optarg    0x00008cf8        0x4 obj/sta/iot_at_cmd_utility.o
                0x00008cf8                optarg
 .bss.pIndexPosition.1213
                0x00008cfc        0x4 obj/sta/iot_at_cmd_utility.o
 .bss.last_error
                0x00008d00        0x4 obj/sta/iot_xmodem.o
 .bss.gCPULowClok
                0x00008d04        0x4 obj/sta/misc_pub.o
                0x00008d04                gCPULowClok
 .bss.s         0x00008d08       0x34 obj/sta/tcpip/dhcpc.o
 .bss.ss        0x00008d3c        0x4 obj/sta/tcpip/sample_resolv_usage.o
 .bss.iss       0x00008d40        0x4 obj/sta/tcpip/uip.o
 .bss.lastport  0x00008d44        0x2 obj/sta/tcpip/uip.o
 .bss.c         0x00008d46        0x1 obj/sta/tcpip/uip.o
 .bss.opt       0x00008d47        0x1 obj/sta/tcpip/uip.o
 .bss.tmp16     0x00008d48        0x2 obj/sta/tcpip/uip.o
 *fill*         0x00008d4a        0x2 00000000
 .bss.arp_table
                0x00008d4c       0x60 obj/sta/tcpip/uip_arp.o
 .bss.ipaddr    0x00008dac        0x4 obj/sta/tcpip/uip_arp.o
 .bss.i         0x00008db0        0x1 obj/sta/tcpip/uip_arp.o
 .bss.c         0x00008db1        0x1 obj/sta/tcpip/uip_arp.o
 .bss.arptime   0x00008db2        0x1 obj/sta/tcpip/uip_arp.o
 .bss.tmpage    0x00008db3        0x1 obj/sta/tcpip/uip_arp.o
 .bss.BufMem1   0x00008db4     0x18d8 .\libandessta.a(queue.o)
 .bss.BufDesc1  0x0000a68c       0x90 .\libandessta.a(queue.o)
 .bss.eepcfg    0x0000a71c       0x44 .\libandessta.a(chip_init.o)
                0x0000a71c                eepcfg
 .bss.gSequence
                0x0000a760        0x2 .\libandessta.a(rtmp_data.o)
                0x0000a760                gSequence
 *fill*         0x0000a762        0x2 00000000
 .bss.pfsm      0x0000a764      0x128 .\libandessta.a(smtcn.o)
 .bss.FceIntHdlr
                0x0000a88c       0x80 .\libandessta.a(fce.o)
 .bss.jiffies   0x0000a90c        0x4 .\libandessta.a(timer.o)
                0x0000a90c                jiffies
 .bss.Timers_List
                0x0000a910        0x4 .\libandessta.a(timer.o)
                0x0000a910                Timers_List
 .bss.Timer_Start
                0x0000a914        0x4 .\libandessta.a(timer.o)
                0x0000a914                Timer_Start
 .bss.last_start_time
                0x0000a918        0x4 .\libandessta.a(timer.o)
                0x0000a918                last_start_time
 .bss.McuCtlIntHdlr
                0x0000a91c       0x80 .\libandessta.a(mcuctl.o)
 .bss.SsidIe    0x0000a99c        0x1 .\libandessta.a(mt7681_ChSw.o)
                0x0000a99c                SsidIe
 *fill*         0x0000a99d        0x3 00000000
 .bss.PreTime.5759
                0x0000a9a0        0x4 .\libandessta.a(mt7681_ChSw.o)
 .bss.PreBW.5623
                0x0000a9a4        0x1 .\libandessta.a(mt7681_ChSw.o)
 .bss.RF_ABB_R6_R7_IN_BW20
                0x0000a9a5        0x1 .\libandessta.a(mt7681_ChSw.o)
 .bss.RF_ABB_R58_R59_IN_BW20
                0x0000a9a6        0x1 .\libandessta.a(mt7681_ChSw.o)
 .bss.RF_ABB_R6_R7_IN_BW40
                0x0000a9a7        0x1 .\libandessta.a(mt7681_ChSw.o)
 .bss.RF_ABB_R58_R59_IN_BW40
                0x0000a9a8        0x1 .\libandessta.a(mt7681_ChSw.o)
 *fill*         0x0000a9a9        0x3 00000000
 .bss.PARAM_Info
                0x0000a9ac        0x4 .\libandessta.a(mt7681_ChSw.o)
 .bss.TxPWR     0x0000a9b0        0x4 .\libandessta.a(mt7681_ChSw.o)
 .bss.LNAGain   0x0000a9b4        0x4 .\libandessta.a(mt7681_ChSw.o)
 .bss.wakeup_from_grant
                0x0000a9b8        0x1 .\libandessta.a(wifi_ps.o)
                0x0000a9b8                wakeup_from_grant
 .bss.gPmuINT   0x0000a9b9        0x1 .\libandessta.a(wifi_ps.o)
                0x0000a9b9                gPmuINT
 .bss.gPmuAbort
                0x0000a9ba        0x1 .\libandessta.a(wifi_ps.o)
                0x0000a9ba                gPmuAbort
 *(COMMON)
 *fill*         0x0000a9bb        0x1 00000000
 COMMON         0x0000a9bc      0x28d obj/sta/iot_custom.o
                0x0000a9bc                IoTCustOp
                0x0000a9d8                IoTCustTimer
                0x0000a9f4                IoTpAd
 *fill*         0x0000ac49        0x3 00000000
 COMMON         0x0000ac4c      0x448 obj/sta/iot_uart_rb.o
                0x0000ac4c                uart_rb_info
                0x0000ac58                UARTPort
                0x0000ad70                UARTTxBuf
                0x0000adb0                uart_rb_addr
                0x0000ae94                UARTRxBuf
 COMMON         0x0000b094     0x1178 obj/sta/ZC_Adpter/zc_mt7681_adapter.o
                0x0000b094                g_struClientBuffer
                0x0000b2f4                g_struMtTimer
                0x0000b344                g_struRecvBuffer
                0x0000b5a4                g_struMt7681Adapter
                0x0000b5e4                g_u8MsgBuildBuffer
                0x0000b83c                g_struSendQueue
                0x0000b864                g_struRecvQueue
                0x0000b88c                g_struRetxBuffer
                0x0000baec                g_struSendBuffer
 COMMON         0x0000c20c      0x12c obj/sta/AC/src/ac_api.o
                0x0000c20c                g_u8DevMsgBuildBuffer
 COMMON         0x0000c338     0x1868 obj/sta/ZC/src/tropicssl/bignum.o
                0x0000c338                O_T1
                0x0000c390                Y
                0x0000c3e8                O_RR
                0x0000c440                O_T
                0x0000c498                O_W
                0x0000da98                O_T2
                0x0000daf0                Z
                0x0000db48                X
 COMMON         0x0000dba0      0x148 obj/sta/ZC/src/tropicssl/rsa.o
                0x0000dba0                T2
                0x0000dbf8                T
                0x0000dc50                T1
                0x0000dca8                buf
 COMMON         0x0000dce8       0x28 obj/sta/ZC/src/zc/zc_client_manager.o
                0x0000dce8                g_struClientInfo
 COMMON         0x0000dd10      0x1bc obj/sta/ZC/src/zc/zc_configuration.o
                0x0000dd10                g_struRegisterInfo
                0x0000dd9c                g_struZcConfigDb
 COMMON         0x0000decc       0x8c obj/sta/ZC/src/zc/zc_protocol_controller.o
                0x0000decc                g_struProtocolController
 COMMON         0x0000df58       0x50 obj/sta/ZC/src/zc/zc_timer.o
                0x0000df58                g_struTimer
 COMMON         0x0000dfa8       0x18 obj/sta/tcpip/tcpip_main.o
                0x0000dfa8                arp_timer
                0x0000dfb0                periodic_timer
                0x0000dfb8                cli_timer
 COMMON         0x0000dfc0      0xcf4 obj/sta/tcpip/uip.o
                0x0000dfc0                uip_acc32
                0x0000dfc4                uip_conns
                0x0000e9d4                uip_listenports
                0x0000e9dc                uip_draddr
                0x0000e9e0                uip_netmask
                0x0000e9e4                uip_hostaddr
                0x0000e9e8                uip_buf
                0x0000ec44                uip_udp_conns
 COMMON         0x0000ecb4        0x6 obj/sta/tcpip/uip_arp.o
                0x0000ecb4                uip_sourceAddr
 *fill*         0x0000ecba        0x2 00000000
 COMMON         0x0000ecbc       0x14 .\libandessta.a(cnm_timer.o)
                0x0000ecbc                rRootTimer
 COMMON         0x0000ecd0       0x5a .\libandessta.a(iot_io_cmd.o)
                0x0000ecd0                mt7681_PWMInfo
 *fill*         0x0000ed2a        0x2 00000000
 COMMON         0x0000ed2c       0x10 .\libandessta.a(queue.o)
                0x0000ed2c                gFreeQueue1
 COMMON         0x0000ed3c      0x5f0 .\libandessta.a(app_nos_main.o)
                0x0000ed3c                pAd
 COMMON         0x0000f32c       0x24 .\libandessta.a(timer.o)
                0x0000f32c                System_Timer_Pool
                0x0000f340                Free_Timer_List
 COMMON         0x0000f350       0x34 .\libandessta.a(task.o)
                0x0000f350                sysTaskingCtl
 COMMON         0x0000f384       0x14 .\libandessta.a(wifi_ps.o)
                0x0000f384                AdvPSMode
                0x0000f398                . = ALIGN (0x4)
                0x0000f398                PROVIDE (_BSS_END, .)
                0x0000f398                __ilm_end = .
                0x0000f3a0                . = ALIGN (0x20)
                0x0000f3a0                _end = .
                0x0000f3a0                PROVIDE (_MEMORY_TOP, .)

.stab
 *(.stab)

.stabstr
 *(.stabstr)

.stab.excl
 *(.stab.excl)

.stab.exclstr
 *(.stab.exclstr)

.stab.index
 *(.stab.index)

.stab.indexstr
 *(.stab.indexstr)

.comment        0x00000000      0x947
 *(.comment)
 .comment       0x00000000       0x19 obj/sta/iot_at_cmd.o
 .comment       0x00000019       0x19 obj/sta/iot_custom.o
 .comment       0x00000032       0x19 obj/sta/iot_uart_rb.o
 .comment       0x0000004b       0x19 obj/sta/mt7681_ChSw_pub.o
 .comment       0x00000064       0x19 obj/sta/wifi_task_pub.o
 .comment       0x0000007d       0x19 obj/sta/tcpip/resolv.o
 .comment       0x00000096       0x19 obj/sta/ZC_Adpter/zc_mt7681_adapter.o
 .comment       0x000000af       0x19 obj/sta/AC/src/ac_api.o
 .comment       0x000000c8       0x19 obj/sta/AC/src/ac_hal.o
 .comment       0x000000e1       0x19 obj/sta/ZC/src/tropicssl/bignum.o
 .comment       0x000000fa       0x19 obj/sta/ZC/src/tropicssl/rsa.o
 .comment       0x00000113       0x19 obj/sta/ZC/src/zc/zc_bc.o
 .comment       0x0000012c       0x19 obj/sta/ZC/src/zc/zc_client_manager.o
 .comment       0x00000145       0x19 obj/sta/ZC/src/zc/zc_cloud_event.o
 .comment       0x0000015e       0x19 obj/sta/ZC/src/zc/zc_common.o
 .comment       0x00000177       0x19 obj/sta/ZC/src/zc/zc_configuration.o
 .comment       0x00000190       0x19 obj/sta/ZC/src/zc/zc_message_queue.o
 .comment       0x000001a9       0x19 obj/sta/ZC/src/zc/zc_moudle_manager.o
 .comment       0x000001c2       0x19 obj/sta/ZC/src/zc/zc_protocol_controller.o
 .comment       0x000001db       0x19 obj/sta/ZC/src/zc/zc_sec_engine.o
 .comment       0x000001f4       0x19 obj/sta/ZC/src/zc/zc_timer.o
 .comment       0x0000020d       0x19 obj/sta/iot_aes_pub.o
 .comment       0x00000226       0x19 obj/sta/iot_at_cmd_utility.o
 .comment       0x0000023f       0x19 obj/sta/iot_custom_uart2wifi.o
 .comment       0x00000258       0x19 obj/sta/iot_uplink.o
 .comment       0x00000271       0x19 obj/sta/iot_xmodem.o
 .comment       0x0000028a       0x19 obj/sta/main_pub.o
 .comment       0x000002a3       0x19 obj/sta/misc_pub.o
 .comment       0x000002bc       0x19 obj/sta/rtmp_data_pub.o
 .comment       0x000002d5       0x19 obj/sta/spi-flash_pub.o
 .comment       0x000002ee       0x19 obj/sta/tcpip/clock-arch.o
 .comment       0x00000307       0x19 obj/sta/tcpip/dhcpc.o
 .comment       0x00000320       0x19 obj/sta/tcpip/dhcpd.o
 .comment       0x00000339       0x19 obj/sta/tcpip/iot_tcp_app.o
 .comment       0x00000352       0x19 obj/sta/tcpip/iot_udp_app.o
 .comment       0x0000036b       0x19 obj/sta/tcpip/mt76xx_dev.o
 .comment       0x00000384       0x19 obj/sta/tcpip/sample_resolv_usage.o
 .comment       0x0000039d       0x19 obj/sta/tcpip/tcpip_main.o
 .comment       0x000003b6       0x19 obj/sta/tcpip/uip-neighbor.o
 .comment       0x000003cf       0x19 obj/sta/tcpip/uip-split.o
 .comment       0x000003e8       0x19 obj/sta/tcpip/uip.o
 .comment       0x00000401       0x19 obj/sta/tcpip/uip_arp.o
 .comment       0x0000041a       0x19 obj/sta/tcpip/uip_timer.o
 .comment       0x00000433       0x19 obj/sta/tcpip/uiplib.o
 .comment       0x0000044c       0x19 .\libandessta.a(xip_ovly.o)
 .comment       0x00000465       0x19 .\libandessta.a(cnm_timer.o)
 .comment       0x0000047e       0x19 .\libandessta.a(iot_io_cmd.o)
 .comment       0x00000497       0x19 .\libandessta.a(iot_mgmt_cmd.o)
 .comment       0x000004b0       0x19 .\libandessta.a(iot_priv.o)
 .comment       0x000004c9       0x19 .\libandessta.a(queue.o)
 .comment       0x000004e2       0x19 .\libandessta.a(app_nos_main.o)
 .comment       0x000004fb       0x19 .\libandessta.a(assoc.o)
 .comment       0x00000514       0x19 .\libandessta.a(auth.o)
 .comment       0x0000052d       0x19 .\libandessta.a(chip_init.o)
 .comment       0x00000546       0x19 .\libandessta.a(cmm_wpa.o)
 .comment       0x0000055f       0x19 .\libandessta.a(crypt_aes.o)
 .comment       0x00000578       0x19 .\libandessta.a(crypt_hmac.o)
 .comment       0x00000591       0x19 .\libandessta.a(rtmp_data.o)
 .comment       0x000005aa       0x19 .\libandessta.a(rtmp_general.o)
 .comment       0x000005c3       0x19 .\libandessta.a(scan.o)
 .comment       0x000005dc       0x19 .\libandessta.a(smtcn.o)
 .comment       0x000005f5       0x19 .\libandessta.a(wow.o)
 .comment       0x0000060e       0x19 .\libandessta.a(bsp.o)
 .comment       0x00000627       0x19 .\libandessta.a(ee_efuse.o)
 .comment       0x00000640       0x19 .\libandessta.a(fce.o)
 .comment       0x00000659       0x19 .\libandessta.a(pdma.o)
 .comment       0x00000672       0x19 .\libandessta.a(spi-flash.o)
 .comment       0x0000068b       0x19 .\libandessta.a(timer.o)
 .comment       0x000006a4       0x19 .\libandessta.a(uart.o)
 .comment       0x000006bd       0x19 .\libandessta.a(uartlite.o)
 .comment       0x000006d6       0x19 .\libandessta.a(main.o)
 .comment       0x000006ef       0x19 .\libandessta.a(xcpt.o)
 .comment       0x00000708       0x19 .\libandessta.a(initial.o)
 .comment       0x00000721       0x19 .\libandessta.a(mutex.o)
 .comment       0x0000073a       0x19 .\libandessta.a(stack.o)
 .comment       0x00000753       0x19 .\libandessta.a(syscall.o)
 .comment       0x0000076c       0x19 .\libandessta.a(task.o)
 .comment       0x00000785       0x19 .\libandessta.a(list.o)
 .comment       0x0000079e       0x19 .\libandessta.a(random.o)
 .comment       0x000007b7       0x19 .\libandessta.a(printf.o)
 .comment       0x000007d0       0x19 .\libandessta.a(stdlib.o)
 .comment       0x000007e9       0x19 .\libandessta.a(strcmp.o)
 .comment       0x00000802       0x19 .\libandessta.a(strcpy.o)
 .comment       0x0000081b       0x19 .\libandessta.a(strlen.o)
 .comment       0x00000834       0x19 .\libandessta.a(vsprintf.o)
 .comment       0x0000084d       0x19 .\libandessta.a(mcuctl.o)
 .comment       0x00000866       0x19 .\libandessta.a(mt7681_ChSw.o)
 .comment       0x0000087f       0x19 .\libandessta.a(wifi_ps.o)
 .comment       0x00000898       0x19 .\libandessta.a(wifi_task.o)
 .comment       0x000008b1       0x19 .\libandessta.a(ate.o)
 .comment       0x000008ca       0x19 .\libandessta.a(cmm_wep.o)
 .comment       0x000008e3       0x19 .\libandessta.a(led.o)
 .comment       0x000008fc       0x19 .\libandessta.a(do_printf.o)
 .comment       0x00000915       0x19 .\libandessta.a(fputs.o)
 .comment       0x0000092e       0x19 .\libandessta.a(ctype.o)

.debug
 *(.debug)

.line
 *(.line)

.debug_srcinfo
 *(.debug_srcinfo)

.debug_sfnames
 *(.debug_sfnames)

.debug_aranges
 *(.debug_aranges)

.debug_pubnames
 *(.debug_pubnames)

.debug_info
 *(.debug_info .gnu.linkonce.wi.*)

.debug_abbrev
 *(.debug_abbrev)

.debug_line
 *(.debug_line)

.debug_frame
 *(.debug_frame)

.debug_str
 *(.debug_str)

.debug_loc
 *(.debug_loc)

.debug_macinfo
 *(.debug_macinfo)

.debug_weaknames
 *(.debug_weaknames)

.debug_funcnames
 *(.debug_funcnames)

.debug_typenames
 *(.debug_typenames)

.debug_varnames
 *(.debug_varnames)

/DISCARD/
 *(.note.GNU-stack)
 *(.preboot)
 *(.boot)

.xipsec0        0x00530000     0x4768
 .xipsec0       0x00530000       0x38 .\libandessta.a(cnm_timer.o)
                0x00530000                cnmTimerInitialize
 .xipsec0       0x00530038       0x34 .\libandessta.a(iot_mgmt_cmd.o)
                0x00530038                IoT_Cmd_LinkDown
 .xipsec0       0x0053006c       0x58 .\libandessta.a(queue.o)
                0x0053006c                apiQU_Initialize
 .xipsec0       0x005300c4      0x194 .\libandessta.a(app_nos_main.o)
                0x005300c4                AES_Key_init
                0x0053012c                APP_Init
 .xipsec0       0x00530258      0x294 .\libandessta.a(assoc.o)
                0x00530488                AssocTimeoutAction
                0x00530328                SendNullFrame
                0x00530408                MlmeDisassocReqAction
                0x00530258                FourWayHSTimeoutAction
                0x00530274                Assoc_Initialization
 .xipsec0       0x005304ec       0xf0 .\libandessta.a(auth.o)
                0x005305a0                Auth_Initialization
                0x0053056c                MlmeAuthReqAction
                0x005304ec                MlmeDeauthReqAction
 .xipsec0       0x005305dc      0x658 .\libandessta.a(chip_init.o)
                0x005309c4                MT7681_INIT_CAL
                0x00530714                MT7681_AsicExtraPowerOverMAC
                0x00530624                Reg_bssid_init
                0x00530a28                MT7681_eep_cfg2
                0x00530b44                chip_reg_init
                0x005308e4                MT7681_RXDC_CAL
                0x005305dc                Reg_mac_add_init
                0x0053065c                Sys_reboot
                0x00530750                MT7681_ReadTxPwrPerRate
 .xipsec0       0x00530c34      0x648 .\libandessta.a(cmm_wpa.o)
                0x00530fcc                RTMPMakeRSNIE
                0x00530e84                WPAInstallPairwiseKey
                0x00530df8                RTMPSetWcidSecurityInfo
                0x00530f54                RTMPInsertRSNIE
                0x00530c34                AsicAddPairwiseKeyEntry
                0x00530c8c                AsicAddSharedKeyEntry
                0x00530d90                AsicUpdateWCIDIVEIV
                0x00530da4                AsicUpdateWcidAttributeEntry
 .xipsec0       0x0053127c      0x3fc .\libandessta.a(rtmp_data.o)
                0x00531300                RTMPWriteTxWI_Data
                0x0053127c                STAFindCipherAlgorithm
                0x005315b0                STA_Legacy_Frame_Tx
                0x0053142c                STABuildCommon802_11Header
                0x005314fc                MiniportMMRequest
 .xipsec0       0x00531678      0x674 .\libandessta.a(scan.o)
                0x00531a78                ScanNextChannel
                0x005319f8                ParsingProbeRspBeacon
                0x005318d4                ListScan_Init
                0x005319a4                rtmp_bbp_set_ctrlch
                0x00531794                CfgSupportExtRate
                0x00531c84                StartScan
                0x0053195c                ContScanTimeoutAction
                0x00531678                WPA_ExtractSuiteFromRSNIE
                0x00531764                SCAN_Initialization
                0x00531884                SetScanParam
                0x00531c48                ScanTimeoutAction
                0x00531a34                ScanProcessMgmt
                0x00531738                rtmp_mac_set_ctrlch
                0x00531900                NLO_Initialization
 .xipsec0       0x00531cec      0x310 .\libandessta.a(smtcn.o)
                0x00531dc4                SMTCNfsm_init
                0x00531e38                SMTCNSwitchfsm
                0x00531d78                SMTCNfsm_rst
                0x00531f30                SMTCN_process
                0x00531df0                SMTCN_state_chg_init
                0x00531cec                reset_smnt_set
                0x00531f0c                SMTCNRXFrameHandle
                0x00531e80                SearchTimeoutAction
                0x00531fb8                SMTCN_init
                0x00531d18                reset_smnt_info
 .xipsec0       0x00531ffc       0x60 .\libandessta.a(wow.o)
                0x00531ffc                WOW_Initialization
 .xipsec0       0x0053205c       0xe8 .\libandessta.a(bsp.o)
                0x0053205c                BSP_Init
 .xipsec0       0x00532144      0x7b0 .\libandessta.a(ee_efuse.o)
                0x00532560                eEpWrite
                0x005324a0                eEp_init
                0x005323dc                eEpGetFreeBlockCount
                0x00532528                eEpRead
                0x005322e8                eEpReadRegisters
 .xipsec0       0x005328f4       0xc0 .\libandessta.a(fce.o)
                0x005328f4                drvFCE_Initialize
 .xipsec0       0x005329b4      0x204 .\libandessta.a(pdma.o)
                0x00532b38                drvPDMA_RxInitialize
                0x005329b4                rlk_fce_txts_hard_xmit
                0x00532aec                drvPDMA_TxInitialize
 .xipsec0       0x00532bb8       0xd0 .\libandessta.a(timer.o)
                0x00532c48                drvTMR_Tick_Init
                0x00532bb8                sys_init_timer
                0x00532bf0                kal_create_timer
 .xipsec0       0x00532c88      0x1f8 .\libandessta.a(uart.o)
                0x00532cb0                UART_Close
                0x00532c88                UART_SetBaudRate
                0x00532cbc                UART_Register_TX_cb
                0x00532e48                UART_Open
                0x00532cd4                UART_SetDCBConfig
                0x00532cc8                UART_Register_RX_cb
                0x00532db8                UART_Configure_From_Flash
                0x00532df0                UART_HWInit
 .xipsec0       0x00532e80       0x94 .\libandessta.a(uartlite.o)
                0x00532e80                UART_Init
 .xipsec0       0x00532f14       0xf0 .\libandessta.a(main.o)
                0x00532f14                sys_Init
                0x00532fb4                sysTASK_RegTask
 .xipsec0       0x00533004       0x10 .\libandessta.a(xcpt.o)
                0x00533004                sysXCPT_RegisterHdlr
 .xipsec0       0x00533014       0x88 .\libandessta.a(task.o)
                0x00533050                sysTASK_CreateTask
                0x00533014                sysTASK_RegisterLowPrioTask
 .xipsec0       0x0053309c       0x24 .\libandessta.a(mcuctl.o)
                0x0053309c                drvMCUCTL_RegisterIntHdlr
 .xipsec0       0x005330c0     0x11bc .\libandessta.a(mt7681_ChSw.o)
                0x005330c0                TXDCOCCalibration
                0x0053326c                RCalibration
                0x005331a4                rtmp_bbp_set_bw
                0x0053315c                VCO_Calibration
                0x005334b4                BWCalibration
                0x00533f40                AsicSwitchChannel
 .xipsec0       0x0053427c      0x2e8 .\libandessta.a(wifi_task.o)
                0x0053427c                ws_assoc
                0x005342c0                wifi_state_chg
                0x00534420                ws_auth
                0x005344e8                ws_scan
 .xipsec0       0x00534564       0x5c .\libandessta.a(ate.o)
                0x00534564                Set_ATE_Efuse_Read
 .xipsec0       0x005345c0      0x16c .\libandessta.a(cmm_wep.o)
                0x005345c0                AsicUpdateRxWCIDTable
                0x005345f8                Set_Wep_Key_Proc
 .xipsec0       0x0053472c       0x3c .\libandessta.a(led.o)
                0x0053472c                GPIOInitialize

.xipsec1        0x00534768     0x21b0
 obj/sta/iot_at_cmd.o(.xipsec0)
 .xipsec0       0x00534768      0x2b4 obj/sta/iot_at_cmd.o
                0x005348ac                IoT_parse_ATcommand
                0x00534768                IoT_exec_AT_cmd_reboot
                0x00534780                IoT_exec_AT_Set_Smnt
                0x005349a4                IoT_AT_cmd_resp_header
                0x005347ac                IoT_exec_AT_cmd_Flash_Set
 obj/sta/iot_custom.o(.xipsec0)
 .xipsec0       0x00534a1c      0x354 obj/sta/iot_custom.o
                0x00534a1c                IoT_Cust_SMNT_Sta_Chg_Init
                0x00534aec                reset_usr_cfg
                0x00534c08                load_com_cfg
                0x00534b90                load_usr_cfg
                0x00534a34                reset_com_cfg
 obj/sta/iot_uart_rb.o(.xipsec0)
 .xipsec0       0x00534d70       0x4c obj/sta/iot_uart_rb.o
                0x00534d70                uart_customize_init
 obj/sta/mt7681_ChSw_pub.o(.xipsec0)
 .xipsec0       0x00534dbc       0x6c obj/sta/mt7681_ChSw_pub.o
                0x00534dbc                AsicSetChannel
                0x00534e04                IoT_Cmd_Set_Channel
 obj/sta/wifi_task_pub.o(.xipsec0)
 .xipsec0       0x00534e28      0x1b4 obj/sta/wifi_task_pub.o
                0x00534f1c                load_sta_cfg
                0x00534e28                check_data_valid
                0x00534e6c                store_sta_cfg
 obj/sta/tcpip/resolv.o()
 .mdebug.abi_nds32
                0x00534fdc        0x0 obj/sta/tcpip/resolv.o
 .text.parse_name
                0x00534fdc       0x1c obj/sta/tcpip/resolv.o
 .text.resolv_init
                0x00534ff8       0x18 obj/sta/tcpip/resolv.o
                0x00534ff8                resolv_init
 .text.resolv_conf
                0x00535010       0x34 obj/sta/tcpip/resolv.o
                0x00535010                resolv_conf
 .text.resolv_lookup
                0x00535044       0x58 obj/sta/tcpip/resolv.o
                0x00535044                resolv_lookup
 .text.resolv_query
                0x0053509c       0x84 obj/sta/tcpip/resolv.o
                0x0053509c                resolv_query
 .text.resolv_newdata
                0x00535120      0x144 obj/sta/tcpip/resolv.o
                0x00535120                resolv_newdata
 .text.resolv_check_entries
                0x00535264      0x124 obj/sta/tcpip/resolv.o
                0x00535264                resolv_check_entries
 .text.handle_resolv
                0x00535388       0x40 obj/sta/tcpip/resolv.o
                0x00535388                handle_resolv
 obj/sta/ZC_Adpter/zc_mt7681_adapter.o()
 .mdebug.abi_nds32
                0x005353c8        0x0 obj/sta/ZC_Adpter/zc_mt7681_adapter.o
 .text.MT_GetLocalPortNum