Archive member included because of file (symbol)

./libandesap.a(xip_ovly.o)    obj/ap/tcpip/dhcpc.o (overlayunload)
./libandesap.a(ap.o)          obj/ap/wifi_task_pub.o (APStartUp)
./libandesap.a(ap_assoc.o)    obj/ap/rtmp_data_pub.o (APAssocReqActionAndSend)
./libandesap.a(ap_auth.o)     obj/ap/rtmp_data_pub.o (APPeerAuthReqAction)
./libandesap.a(ap_pub.o)      obj/ap/iot_at_cmd.o (store_ap_cfg)
./libandesap.a(cnm_timer.o)   obj/ap/iot_custom.o (cnmTimerInitTimer)
./libandesap.a(iot_crc16.o)   obj/ap/iot_xmodem.o (crc_cal_by_bit)
./libandesap.a(iot_io_cmd.o)  obj/ap/iot_parse.o (IoT_gpio_output)
./libandesap.a(iot_mgmt_cmd.o)
                              obj/ap/iot_at_cmd.o (IoT_Cmd_LinkDown)
./libandesap.a(queue.o)       obj/ap/iot_uplink.o (apiQU_Dequeue)
./libandesap.a(app_nos_main.o)
                              ./libandesap.a(ap.o) (pAd)
./libandesap.a(chip_init.o)   ./libandesap.a(ap.o) (Reg_mac_add_init)
./libandesap.a(crypt_aes.o)   obj/ap/iot_aes_pub.o (RT_AES_Encrypt)
./libandesap.a(rtmp_data.o)   obj/ap/rtmp_data_pub.o (RTMPCheckRxError)
./libandesap.a(rtmp_general.o)
                              ./libandesap.a(ap.o) (MgtMacHeaderInit)
./libandesap.a(scan.o)        obj/ap/mt7681_ChSw_pub.o (rtmp_mac_set_ctrlch)
./libandesap.a(wow.o)         ./libandesap.a(chip_init.o) (RTMP_EnableTxRx)
./libandesap.a(bsp.o)         obj/ap/main_pub.o (BSP_Init)
./libandesap.a(ee_efuse.o)    ./libandesap.a(chip_init.o) (eEp_init)
./libandesap.a(fce.o)         ./libandesap.a(app_nos_main.o) (drvFCE_RegisterIntHdlr)
./libandesap.a(pdma.o)        ./libandesap.a(app_nos_main.o) (PdmaVrPortIntHdlr)
./libandesap.a(spi-flash.o)   obj/ap/spi-flash_pub.o (SPI_REG8)
./libandesap.a(timer.o)       ./libandesap.a(bsp.o) (drvTMR_Init)
./libandesap.a(uart.o)        obj/ap/iot_uart_rb.o (UART_PutUARTByte)
./libandesap.a(uartlite.o)    obj/ap/iot_xmodem.o (UART_PutChar)
./libandesap.a(main.o)        obj/ap/main_pub.o (sys_Init)
./libandesap.a(xcpt.o)        cust/ctxsw.o (sysXCPT_XcptHdlr)
./libandesap.a(initial.o)     obj/ap/main_pub.o (sysKernelStart)
./libandesap.a(mutex.o)       ./libandesap.a(queue.o) (SYSirq_Disable_Interrupts_Save_Flags)
./libandesap.a(stack.o)       ./libandesap.a(main.o) (sysStack)
./libandesap.a(syscall.o)     ./libandesap.a(mutex.o) (sysCALL)
./libandesap.a(task.o)        cust/ctxsw.o (sysTaskingCtl)
./libandesap.a(list.o)        ./libandesap.a(queue.o) (apiInitListEntry)
./libandesap.a(printf.o)      obj/ap/iot_aes_pub.o (Printf_High)
./libandesap.a(stdlib.o)      ./libandesap.a(crypt_aes.o) (malloc)
./libandesap.a(strcmp.o)      obj/ap/iot_at_cmd_utility.o (strcmp)
./libandesap.a(strcpy.o)      obj/ap/tcpip/resolv.o (strcpy)
./libandesap.a(strlen.o)      obj/ap/iot_at_cmd.o (strlen)
./libandesap.a(vsprintf.o)    obj/ap/iot_at_cmd.o (simple_strtol)
./libandesap.a(mcuctl.o)      ./libandesap.a(uart.o) (drvMCUCTL_RegisterIntHdlr)
./libandesap.a(mt7681_ChSw.o)
                              ./libandesap.a(chip_init.o) (RF_WRITE8)
./libandesap.a(wifi_ps.o)     ./libandesap.a(main.o) (drvPBF_IntHdler)
./libandesap.a(wifi_task.o)   obj/ap/wifi_task_pub.o (GetQueueInfo)
./libandesap.a(assoc.o)       ./libandesap.a(rtmp_data.o) (MlmeDisassocReqAction)
./libandesap.a(ate.o)         ./libandesap.a(chip_init.o) (Set_ATE_Efuse_Read)
./libandesap.a(auth.o)        ./libandesap.a(rtmp_data.o) (MlmeDeauthReqAction)
./libandesap.a(led.o)         ./libandesap.a(wow.o) (LED_Fast_Blinking)
./libandesap.a(do_printf.o)   ./libandesap.a(printf.o) (do_printf)
./libandesap.a(fputs.o)       ./libandesap.a(printf.o) (putchar)
./libandesap.a(ctype.o)       ./libandesap.a(vsprintf.o) (_ctype)

Allocating common symbols
Common symbol       size              file

udp_app_state       0x10              obj/ap/tcpip/iot_udp_app.o
arp_timer           0x8               obj/ap/tcpip/tcpip_main.o
System_Timer_Pool   0x14              ./libandesap.a(timer.o)
CIPTER              0x100             obj/ap/iot_aes_pub.o
IoTCustOp           0x1c              obj/ap/iot_custom.o
uip_acc32           0x4               obj/ap/tcpip/uip.o
IoTCustTimer        0x1c              obj/ap/iot_custom.o
sysTaskingCtl       0x34              ./libandesap.a(task.o)
uart_rb_info        0xc               obj/ap/iot_uart_rb.o
gATEInfo            0x24d             ./libandesap.a(ate.o)
periodic_timer      0x8               obj/ap/tcpip/tcpip_main.o
Free_Timer_List     0x10              ./libandesap.a(timer.o)
IoTpAd              0x18d             obj/ap/iot_custom.o
AdvPSMode           0x14              ./libandesap.a(wifi_ps.o)
uip_dhpcd_conns     0xa0              obj/ap/tcpip/dhcpd.o
PLAIN2              0x100             obj/ap/iot_aes_pub.o
uip_conns           0xa10             obj/ap/tcpip/uip.o
gFreeQueue1         0x10              ./libandesap.a(queue.o)
rRootTimer          0x14              ./libandesap.a(cnm_timer.o)
UARTPort            0x118             obj/ap/iot_uart_rb.o
UARTTxBuf           0x40              obj/ap/iot_uart_rb.o
[...]
Memory Configuration

Name             Origin             Length             Attributes
SRAM             0x00000000         0x00010000         axw
ROM              0x00102000         0x00002000         axr
FLASH            0x00500000         0x00100000         axr
FLASH_XIP_AP     0x00560000         0x0000f000         axr
FLASH_OVERLAY_AP 0x0056f000         0x0000f000         axr
*default*        0x00000000         0xffffffff

Linker script and memory map

                0x00102d48                ARC4_Compute = 0x102d48
                0x00103e98                RT_MD5 = 0x103e98
                0x00102de0                RT_SHA1_Hash = 0x102de0
                0x0010252c                aes_mul_e = 0x10252c
                0x001026a4                memmove = 0x1026a4
                0x00103e54                RT_MD5_Init = 0x103e54
                0x0010242c                aes_mul_d = 0x10242c
                0x0010262c                SHA1_K = 0x10262c
                0x001026f0                memcpy = 0x1026f0
                0x00103d48                RT_MD5_End = 0x103d48
                0x0010263c                SHA1_DefaultHashValue = 0x10263c
                0x00103dc0                RT_MD5_Append = 0x103dc0
                0x001031bc                RT_SHA1 = 0x1031bc
                0x001027a0                RT_AES_KeyExpansion = 0x1027a0
                0x00102000                ROMBA = 0x102000
                0x00102cf0                ARC4_INIT = 0x102cf0
                0x00102fd8                RT_SHA1_End = 0x102fd8
                0x00102000                _SDA_BASE_ = 0x102000
                0x001026d4                memcmp = 0x1026d4
                0x0010271c                TKIP_GTK_KEY_WRAP = 0x10271c
                0x00102708                memset = 0x102708
                0x0010202c                aes_sbox_enc = 0x10202c
                0x00102650                MD5_DefaultHashValue = 0x102650
                0x0010222c                aes_mul_9 = 0x10222c
                0x00103178                RT_SHA1_Init = 0x103178
                0x00103ffe                ROMVersion = 0x103ffe
                0x001028ac                RT_AES_Decrypt = 0x1028ac
                0x00102000                aes_rcon = 0x102000
                0x001030e4                RT_SHA1_Append = 0x1030e4
                0x0010232c                aes_mul_b = 0x10232c
                0x00102660                strspn = 0x102660
                0x0010278c                TKIP_GTK_KEY_UNWRAP = 0x10278c
                0x00102da8                ARC4_Discard_KeyLength = 0x102da8
                0x001031fc                RT_MD5_Hash = 0x1031fc
                0x0010212c                aes_sbox_dec = 0x10212c
                0x00102684                strpbrk = 0x102684
                0x00102000                ROM_BASEADDR = 0x102000
                0x00002000                ROM_SIZE = 0x2000
                0x00102000                PROVIDE (_ROM_BASEADDR, ROM_BASEADDR)
                0x00002000                PROVIDE (_ROM_SIZE, ROM_SIZE)
                0x00000000                RAM_BASEADDR = 0x0
                0x00010000                RAM_SIZE = 0x10000
                0x00000000                PROVIDE (_RAM_BASEADDR, RAM_BASEADDR)
                0x00010000                PROVIDE (_RAM_SIZE, RAM_SIZE)
                0x00008000                HALF_SRAM_SIZE = 0x8000
                0x00000000                ILMBA = 0x0
                0x00008000                DLMBA = (0x0 + HALF_SRAM_SIZE)
                0x00102000                ROMBA = 0x102000
                0x00500000                FLASHBA = 0x500000
                0x00000000                PROVIDE (_ILMBA, ILMBA)
                0x00008000                PROVIDE (_DLMBA, DLMBA)
                0x0000ff00                STACK_ORIGIN = 0xff00
                0x00000000                GLOBAL_ORIGIN = ILMBA
                0x0000ff00                PROVIDE (_STACK_ORIGIN, STACK_ORIGIN)
                0x00000000                PROVIDE (_GLOBAL_ORIGIN, GLOBAL_ORIGIN)
                0x00000000                __ilm_start = .
                0x00000000                VECT_SECT_VMA = RAM_BASEADDR

.VECT           0x00000000       0x40
 *(.vector)
 .vector        0x00000000       0x40 cust/vectors.o
                0x00000000                _xcpt_vctr
                0x00000040                . = ALIGN (0x10)
                0x00000040                TEXT_SECT_VMA = .

.TEXT           0x00000040     0x5bec
 *(.Xcpt)
 .Xcpt          0x00000040        0x8 cust/ctxsw.o
                0x00000040                sysXcpt
 *(.ctxsw)
 .ctxsw         0x00000048       0x5c cust/ctxsw.o
                0x00000078                sysLoadCtx
                0x00000048                sysCtxSw
 *(.startup)
 .startup       0x000000a4       0x68 cust/startup.o
                0x000000a4                _startup
 *(.text)
 *(.text.*)
 .text.IoT_parse_IWCmd
                0x0000010c        0x4 obj/ap/iot_at_cmd.o
                0x0000010c                IoT_parse_IWCmd
 .text.strchr   0x00000110       0x20 obj/ap/iot_at_cmd_utility.o
                0x00000110                strchr
 .text.split_string_cmd
                0x00000130       0x60 obj/ap/iot_at_cmd_utility.o
                0x00000130                split_string_cmd
 .text.getopt   0x00000190      0x168 obj/ap/iot_at_cmd_utility.o
                0x00000190                getopt
 .text.IoT_Cust_Ops
                0x000002f8       0x44 obj/ap/iot_custom.o
                0x000002f8                IoT_Cust_Ops
 .text.default_uart_cfg
                0x0000033c       0x24 obj/ap/iot_custom.o
                0x0000033c                default_uart_cfg
 .text.IoT_Cust_SM_Smnt
                0x00000360        0x4 obj/ap/iot_custom.o
                0x00000360                IoT_Cust_SM_Smnt
 .text.IoT_Cust_HW_Timer1_Hdlr
                0x00000364        0x4 obj/ap/iot_custom.o
                0x00000364                IoT_Cust_HW_Timer1_Hdlr
 .text.IoT_Cust_Get_HW_Timer1_TICK_HZ
                0x00000368        0x4 obj/ap/iot_custom.o
                0x00000368                IoT_Cust_Get_HW_Timer1_TICK_HZ
 .text.IoT_Cust_GPIINT_Hdlr
                0x0000036c       0x9c obj/ap/iot_custom.o
                0x0000036c                IoT_Cust_GPIINT_Hdlr
 .text.reset_ap_cfg
                0x00000408       0x2c obj/ap/iot_custom.o
                0x00000408                reset_ap_cfg
 .text.reset_sta_cfg
                0x00000434       0x2c obj/ap/iot_custom.o
                0x00000434                reset_sta_cfg
 .text.default_ip_cfg
                0x00000460       0x30 obj/ap/iot_custom.o
                0x00000460                default_ip_cfg
 .text.reset_cfg
                0x00000490       0x30 obj/ap/iot_custom.o
                0x00000490                reset_cfg
 .text.Pre_init_cfg
                0x000004c0       0x58 obj/ap/iot_custom.o
                0x000004c0                Pre_init_cfg
 .text.CustTimer0TimeoutAction
                0x00000518       0x24 obj/ap/iot_custom.o
                0x00000518                CustTimer0TimeoutAction
 .text.IoT_Cust_Init
                0x0000053c       0x50 obj/ap/iot_custom.o
                0x0000053c                IoT_Cust_Init
 .text.IoT_Cust_Sub_Task
                0x0000058c       0x18 obj/ap/iot_custom.o
                0x0000058c                IoT_Cust_Sub_Task
 .text.IoT_process_app_packet
                0x000005a4       0xfc obj/ap/iot_parse.o
                0x000005a4                IoT_process_app_packet
 .text.UARTRx_Buf_Init
                0x000006a0       0x24 obj/ap/iot_uart_rb.o
                0x000006a0                UARTRx_Buf_Init
 .text.UART_Tx_Cb
                0x000006c4        0x4 obj/ap/iot_uart_rb.o
                0x000006c4                UART_Tx_Cb
 .text.uart_rb_init
                0x000006c8       0x20 obj/ap/iot_uart_rb.o
                0x000006c8                uart_rb_init
 .text.uart_rb_pop
                0x000006e8       0x24 obj/ap/iot_uart_rb.o
                0x000006e8                uart_rb_pop
 .text.uart_rb_push
                0x0000070c       0x24 obj/ap/iot_uart_rb.o
                0x0000070c                uart_rb_push
 .text.uart_get_avail
                0x00000730       0x1c obj/ap/iot_uart_rb.o
                0x00000730                uart_get_avail
 .text.UART_Rx_Packet_Dispatch
                0x0000074c       0xd8 obj/ap/iot_uart_rb.o
                0x0000074c                UART_Rx_Packet_Dispatch
 .text.UART_GetByte
                0x00000824       0x3c obj/ap/iot_uart_rb.o
                0x00000824                UART_GetByte
 .text.UART_Rx_Cb
                0x00000860      0x1cc obj/ap/iot_uart_rb.o
                0x00000860                UART_Rx_Cb
 .text.UART_PutBytes
                0x00000a2c       0xe8 obj/ap/iot_uart_rb.o
                0x00000a2c                UART_PutBytes
 .text.main     0x00000b14       0x88 obj/ap/main_pub.o
                0x00000b14                main
 .text.DelayTick
                0x00000b9c        0xc obj/ap/misc_pub.o
                0x00000b9c                DelayTick
 .text.usecDelay
                0x00000ba8       0x4c obj/ap/misc_pub.o
                0x00000ba8                usecDelay
 .text.msecDelay
                0x00000bf4       0x54 obj/ap/misc_pub.o
                0x00000bf4                msecDelay
 .text.RxFsIntFilterOut
                0x00000c48       0x54 obj/ap/rtmp_data_pub.o
                0x00000c48                RxFsIntFilterOut
 .text.STAHandleRxMgmtFrame
                0x00000c9c       0x54 obj/ap/rtmp_data_pub.o
                0x00000c9c                STAHandleRxMgmtFrame
 .text.STAHandleRxDataFrame
                0x00000cf0       0x60 obj/ap/rtmp_data_pub.o
                0x00000cf0                STAHandleRxDataFrame
 .text.STARxDoneInterruptHandle
                0x00000d50       0xd0 obj/ap/rtmp_data_pub.o
                0x00000d50                STARxDoneInterruptHandle
 .text.BeaconTimeoutAction
                0x00000e20       0x1c obj/ap/rtmp_data_pub.o
                0x00000e20                BeaconTimeoutAction
 .text.spi_flash_page_write
                0x00000e3c       0x88 obj/ap/spi-flash_pub.o
 .text.spi_flash_write_func
                0x00000ec4       0x94 obj/ap/spi-flash_pub.o
                0x00000ec4                spi_flash_write_func
 .text.spi_flash_erase_SE
                0x00000f58       0x6c obj/ap/spi-flash_pub.o
                0x00000f58                spi_flash_erase_SE
 .text.spi_flash_write
                0x00000fc4      0x19c obj/ap/spi-flash_pub.o
                0x00000fc4                spi_flash_write
 .text.clock_time
                0x00001160       0x24 obj/ap/tcpip/clock-arch.o
                0x00001160                clock_time
 .text.handle_dhcp
                0x00001184       0x34 obj/ap/tcpip/dhcpc.o
                0x00001184                handle_dhcp
 .text.add_msg_type
                0x000011b8       0x14 obj/ap/tcpip/dhcpd.o
 .text.ntohl    0x000011cc       0x2c obj/ap/tcpip/dhcpd.o
                0x000011cc                ntohl
 .text.dhcpd_init
                0x000011f8       0x9c obj/ap/tcpip/dhcpd.o
                0x000011f8                dhcpd_init
 .text.dhcpd_pickup_opt
                0x00001294       0xc8 obj/ap/tcpip/dhcpd.o
                0x00001294                dhcpd_pickup_opt
 .text.discover
                0x0000135c      0x258 obj/ap/tcpip/dhcpd.o
 .text.request  0x000015b4      0x300 obj/ap/tcpip/dhcpd.o
 .text.handle_dhcpd
                0x000018b4       0xa4 obj/ap/tcpip/dhcpd.o
                0x000018b4                handle_dhcpd
 .text.iot_tcp_appcall
                0x00001958      0x200 obj/ap/tcpip/iot_tcp_app.o
                0x00001958                iot_tcp_appcall
 .text.iot_tcp_app_init
                0x00001b58       0x74 obj/ap/tcpip/iot_tcp_app.o
                0x00001b58                iot_tcp_app_init
 .text.iot_udp_appcall
                0x00001bcc       0x60 obj/ap/tcpip/iot_udp_app.o
                0x00001bcc                iot_udp_appcall
 .text.iot_udp_app_init
                0x00001c2c       0x24 obj/ap/tcpip/iot_udp_app.o
                0x00001c2c                iot_udp_app_init
 .text.mt76xx_dev_init
                0x00001c50        0x4 obj/ap/tcpip/mt76xx_dev.o
                0x00001c50                mt76xx_dev_init
 .text.mt76xx_dev_read
                0x00001c54       0x2c obj/ap/tcpip/mt76xx_dev.o
                0x00001c54                mt76xx_dev_read
 .text.mt76xx_dev_send
                0x00001c80       0x54 obj/ap/tcpip/mt76xx_dev.o
                0x00001c80                mt76xx_dev_send
 .text.resolv_lookup
                0x00001cd4       0x5c obj/ap/tcpip/resolv.o
                0x00001cd4                resolv_lookup
 .text.resolv_query
                0x00001d30       0x84 obj/ap/tcpip/resolv.o
                0x00001d30                resolv_query
 .text.udp_server_sample
                0x00001db4       0xf8 obj/ap/tcpip/sample_udp_server.o
                0x00001db4                udp_server_sample
 .text.udp_server_init
                0x00001eac       0x24 obj/ap/tcpip/sample_udp_server.o
                0x00001eac                udp_server_init
 .text.dhcpc_configured
                0x00001ed0       0x4c obj/ap/tcpip/tcpip_main.o
                0x00001ed0                dhcpc_configured
 .text.netif_rx
                0x00001f1c       0xb0 obj/ap/tcpip/tcpip_main.o
                0x00001f1c                netif_rx
 .text.tcpip_init
                0x00001fcc       0x38 obj/ap/tcpip/tcpip_main.o
                0x00001fcc                tcpip_init
 .text.uip_add32
                0x00002004       0x5c obj/ap/tcpip/uip.o
                0x00002004                uip_add32
 .text.chksum   0x00002060       0x40 obj/ap/tcpip/uip.o
 .text.uip_ipchksum
                0x000020a0       0x3c obj/ap/tcpip/uip.o
                0x000020a0                uip_ipchksum
 .text.upper_layer_chksum
                0x000020dc       0x5c obj/ap/tcpip/uip.o
 .text.uip_tcpchksum
                0x00002138       0x1c obj/ap/tcpip/uip.o
                0x00002138                uip_tcpchksum
 .text.uip_udpchksum
                0x00002154       0x1c obj/ap/tcpip/uip.o
                0x00002154                uip_udpchksum
 .text.uip_add_rcv_nxt
                0x00002170       0x4c obj/ap/tcpip/uip.o
 .text.htons    0x000021bc       0x14 obj/ap/tcpip/uip.o
                0x000021bc                htons
 .text.uip_process
                0x000021d0       0x34 obj/ap/tcpip/uip.o
                0x000021d0                uip_process
 .text.uip_arp_update
                0x00002204      0x12c obj/ap/tcpip/uip_arp.o
 .text.uip_arp_arpin
                0x00002330      0x110 obj/ap/tcpip/uip_arp.o
                0x00002330                uip_arp_arpin
 .text.uip_arp_out
                0x00002440      0x1f4 obj/ap/tcpip/uip_arp.o
                0x00002440                uip_arp_out
 .text.timer_expired
                0x00002634       0x24 obj/ap/tcpip/uip_timer.o
                0x00002634                timer_expired
 .text.timer_set
                0x00002658       0x1c obj/ap/tcpip/uip_timer.o
                0x00002658                timer_set
 .text.uiplib_ipaddrconv
                0x00002674       0x60 obj/ap/tcpip/uiplib.o
                0x00002674                uiplib_ipaddrconv
 .text.copy_string
                0x000026d4       0x20 obj/ap/tcpip/webclient.o
 .text.senddata
                0x000026f4       0xe0 obj/ap/tcpip/webclient.o
                0x000026f4                senddata
 .text.T.32     0x000027d4       0x4c obj/ap/tcpip/webclient.o
 .text.newdata  0x00002820      0x298 obj/ap/tcpip/webclient.o
                0x00002820                newdata
 .text.webclient_appcall
                0x00002ab8      0x124 obj/ap/tcpip/webclient.o
                0x00002ab8                webclient_appcall
 .text.wifi_rx_proc
                0x00002bdc       0x5c obj/ap/wifi_task_pub.o
                0x00002bdc                wifi_rx_proc
 .text.wifiTASK_LowPrioTask
                0x00002c38       0xd8 obj/ap/wifi_task_pub.o
                0x00002c38                wifiTASK_LowPrioTask
 .text.overlayunload
                0x00002d10       0x7c ./libandesap.a(xip_ovly.o)
                0x00002d10                overlayunload
 .text.overlaycopy
                0x00002d8c       0x18 ./libandesap.a(xip_ovly.o)
                0x00002d8c                overlaycopy
 .text.overlayload
                0x00002da4       0xc8 ./libandesap.a(xip_ovly.o)
                0x00002da4                overlayload
 .text.AsicEnableBssSync
                0x00002e6c       0x30 ./libandesap.a(ap.o)
                0x00002e6c                AsicEnableBssSync
 .text.AsicSetPreTbttInt
                0x00002e9c       0x28 ./libandesap.a(ap.o)
                0x00002e9c                AsicSetPreTbttInt
 .text.RTMPWriteTxWI
                0x00002ec4      0x128 ./libandesap.a(ap.o)
                0x00002ec4                RTMPWriteTxWI
 .text.APMakeBssBeacon
                0x00002fec      0x280 ./libandesap.a(ap.o)
                0x00002fec                APMakeBssBeacon
 .text.APStartUp
                0x0000326c       0xec ./libandesap.a(ap.o)
                0x0000326c                APStartUp
 .text.Config_SoftAP
                0x00003358       0x60 ./libandesap.a(ap.o)
                0x00003358                Config_SoftAP
 .text.PeerAssocReqSanity
                0x000033b8       0xb0 ./libandesap.a(ap_assoc.o)
                0x000033b8                PeerAssocReqSanity
 .text.APAssocReqActionAndSend
                0x00003468      0x12c ./libandesap.a(ap_assoc.o)
                0x00003468                APAssocReqActionAndSend
 .text.APPeerAuthSimpleRspGenAndSend
                0x00003594       0xa0 ./libandesap.a(ap_auth.o)
                0x00003594                APPeerAuthSimpleRspGenAndSend
 .text.APPeerAuthReqAction
                0x00003634       0xb4 ./libandesap.a(ap_auth.o)
                0x00003634                APPeerAuthReqAction
 .text.APSendProbeAction
                0x000036e8      0x180 ./libandesap.a(ap_auth.o)
                0x000036e8                APSendProbeAction
 .text.PreApCfgInit
                0x00003868      0x15c ./libandesap.a(ap_pub.o)
                0x00003868                PreApCfgInit
 .text.store_ap_cfg
                0x000039c4       0xa4 ./libandesap.a(ap_pub.o)
                0x000039c4                store_ap_cfg
 .text.load_ap_cfg
                0x00003a68       0xa4 ./libandesap.a(ap_pub.o)
                0x00003a68                load_ap_cfg
 .text.APInitialize
                0x00003b0c       0xf8 ./libandesap.a(ap_pub.o)
                0x00003b0c                APInitialize
 .text.cnmTimerInitTimer
                0x00003c04       0x10 ./libandesap.a(cnm_timer.o)
                0x00003c04                cnmTimerInitTimer
 .text.cnmTimerStopTimer
                0x00003c14       0x40 ./libandesap.a(cnm_timer.o)
                0x00003c14                cnmTimerStopTimer
 .text.cnmTimerSetTimer
                0x00003c54       0x3c ./libandesap.a(cnm_timer.o)
 .text.cnmTimerDoTimeOutCheck
                0x00003c90       0xb4 ./libandesap.a(cnm_timer.o)
                0x00003c90                cnmTimerDoTimeOutCheck
 .text.cnmTimerStartTimer
                0x00003d44       0x98 ./libandesap.a(cnm_timer.o)
                0x00003d44                cnmTimerStartTimer
 .text.IoT_gpio_output
                0x00003ddc       0xac ./libandesap.a(iot_io_cmd.o)
                0x00003ddc                IoT_gpio_output
 .text.IoT_gpio_output_noSwap
                0x00003e88       0x28 ./libandesap.a(iot_io_cmd.o)
                0x00003e88                IoT_gpio_output_noSwap
 .text.IoT_gpio_batch_modify_output_value
                0x00003eb0       0x3c ./libandesap.a(iot_io_cmd.o)
                0x00003eb0                IoT_gpio_batch_modify_output_value
 .text.IoT_gpio_input
                0x00003eec       0x94 ./libandesap.a(iot_io_cmd.o)
                0x00003eec                IoT_gpio_input
 .text.IoT_software_pwm_handler
                0x00003f80       0xd0 ./libandesap.a(iot_io_cmd.o)
                0x00003f80                IoT_software_pwm_handler
 .text.IoT_software_pwm_init
                0x00004050       0x28 ./libandesap.a(iot_io_cmd.o)
                0x00004050                IoT_software_pwm_init
 .text.IoT_uart_output
                0x00004078       0x18 ./libandesap.a(iot_io_cmd.o)
                0x00004078                IoT_uart_output
 .text.apiQU_Dequeue
                0x00004090       0x44 ./libandesap.a(queue.o)
                0x00004090                apiQU_Dequeue
 .text.apiQU_Enqueue
                0x000040d4       0x40 ./libandesap.a(queue.o)
                0x000040d4                apiQU_Enqueue
 .text.sysDelay1u
                0x00004114       0x10 ./libandesap.a(chip_init.o)
 .text.clean_key_tb
                0x00004124       0x50 ./libandesap.a(chip_init.o)
                0x00004124                clean_key_tb
 .text.MT7681_ReadEEPROM
                0x00004174       0x50 ./libandesap.a(chip_init.o)
                0x00004174                MT7681_ReadEEPROM
 .text.rtmp_bbp_is_ready
                0x000041c4       0x58 ./libandesap.a(chip_init.o)
                0x000041c4                rtmp_bbp_is_ready
 .text.RTMPCheckRxError
                0x0000421c       0x14 ./libandesap.a(rtmp_data.o)
                0x0000421c                RTMPCheckRxError
 .text.RTMPWriteTxWI_Mgmt
                0x00004230       0xa8 ./libandesap.a(rtmp_data.o)
                0x00004230                RTMPWriteTxWI_Mgmt
 .text.WriteSingleTxResource
                0x000042d8       0x48 ./libandesap.a(rtmp_data.o)
                0x000042d8                WriteSingleTxResource
 .text.RTMPRawDataSanity
                0x00004320       0xd8 ./libandesap.a(rtmp_data.o)
                0x00004320                RTMPRawDataSanity
 .text.MgtMacHeaderInit
                0x000043f8       0x78 ./libandesap.a(rtmp_general.o)
                0x000043f8                MgtMacHeaderInit
 .text.MakeOutgoingFrame
                0x00004470       0x4c ./libandesap.a(rtmp_general.o)
                0x00004470                MakeOutgoingFrame
 .text.NextChannel
                0x000044bc       0x20 ./libandesap.a(scan.o)
                0x000044bc                NextChannel
 .text.PeerBeaconAtScanAction
                0x000044dc       0x28 ./libandesap.a(scan.o)
                0x000044dc                PeerBeaconAtScanAction
 .text.RTMP_EnableTxRx
                0x00004504       0x10 ./libandesap.a(wow.o)
                0x00004504                RTMP_EnableTxRx
 .text.rtmp_eep_read16
                0x00004514       0x20 ./libandesap.a(ee_efuse.o)
                0x00004514                rtmp_eep_read16
 .text.drvFCE_RegisterIntHdlr
                0x00004534       0x34 ./libandesap.a(fce.o)
                0x00004534                drvFCE_RegisterIntHdlr
 .text.drvFCE_IntHdlr
                0x00004568       0x8c ./libandesap.a(fce.o)
                0x00004568                drvFCE_IntHdlr
 .text.PdmaVrPortIntHdlr
                0x000045f4       0xf4 ./libandesap.a(pdma.o)
                0x000045f4                PdmaVrPortIntHdlr
 .text.PdmaVtPortIntHdlr
                0x000046e8      0x100 ./libandesap.a(pdma.o)
                0x000046e8                PdmaVtPortIntHdlr
 .text.PdmaTxTsHdlr
                0x000047e8       0x70 ./libandesap.a(pdma.o)
                0x000047e8                PdmaTxTsHdlr
 .text.TxTsIntHdlr
                0x00004858       0x18 ./libandesap.a(pdma.o)
                0x00004858                TxTsIntHdlr
 .text.PdmaRxFsHdlr
                0x00004870      0x108 ./libandesap.a(pdma.o)
                0x00004870                PdmaRxFsHdlr
 .text.RxFsIntHdlr
                0x00004978       0x18 ./libandesap.a(pdma.o)
                0x00004978                RxFsIntHdlr
 .text.SPI_REG8
                0x00004990       0x10 ./libandesap.a(spi-flash.o)
                0x00004990                SPI_REG8
 .text.SPI_READOUT
                0x000049a0        0xc ./libandesap.a(spi-flash.o)
                0x000049a0                SPI_READOUT
 .text.WAIT_OP_DONE_PUB
                0x000049ac       0x10 ./libandesap.a(spi-flash.o)
                0x000049ac                WAIT_OP_DONE_PUB
 .text.spi_flash_read
                0x000049bc       0x28 ./libandesap.a(spi-flash.o)
                0x000049bc                spi_flash_read
 .text.drvTMR_Init
                0x000049e4       0x14 ./libandesap.a(timer.o)
                0x000049e4                drvTMR_Init
 .text.kal_get_systime
                0x000049f8        0xc ./libandesap.a(timer.o)
                0x000049f8                kal_get_systime
 .text.kal_stop_timer
                0x00004a04       0x84 ./libandesap.a(timer.o)
                0x00004a04                kal_stop_timer
 .text.kal_start_timer
                0x00004a88      0x104 ./libandesap.a(timer.o)
                0x00004a88                kal_start_timer
 .text.SwTimerHandler
                0x00004b8c       0x30 ./libandesap.a(timer.o)
                0x00004b8c                SwTimerHandler
 .text.hw_timer1_IntHdler
                0x00004bbc       0x3c ./libandesap.a(timer.o)
                0x00004bbc                hw_timer1_IntHdler
 .text.drvTMR_IntHdler
                0x00004bf8       0x4c ./libandesap.a(timer.o)
                0x00004bf8                drvTMR_IntHdler
 .text.UART_PutUARTByte
                0x00004c44       0x20 ./libandesap.a(uart.o)
                0x00004c44                UART_PutUARTByte
 .text._UART_GetByte
                0x00004c64       0x24 ./libandesap.a(uart.o)
                0x00004c64                _UART_GetByte
 .text.UART_RecHandler
                0x00004c88       0x38 ./libandesap.a(uart.o)
                0x00004c88                UART_RecHandler
 .text.UART_TrxHandler
                0x00004cc0       0xbc ./libandesap.a(uart.o)
                0x00004cc0                UART_TrxHandler
 .text.UART_LISR
                0x00004d7c       0x48 ./libandesap.a(uart.o)
                0x00004d7c                UART_LISR
 .text.UART_EnableTX
                0x00004dc4       0x38 ./libandesap.a(uart.o)
                0x00004dc4                UART_EnableTX
 .text.UART_DisableTX
                0x00004dfc       0x3c ./libandesap.a(uart.o)
                0x00004dfc                UART_DisableTX
 .text.UART_EnableRX
                0x00004e38       0x38 ./libandesap.a(uart.o)
                0x00004e38                UART_EnableRX
 .text.UART_DisableRX
                0x00004e70       0x3c ./libandesap.a(uart.o)
                0x00004e70                UART_DisableRX
 .text.sysXCPT_XcptHdlr
                0x00004eac       0x18 ./libandesap.a(xcpt.o)
                0x00004eac                sysXCPT_XcptHdlr
 .text.sysXCPT_ResetXcptHdlr
                0x00004ec4        0x4 ./libandesap.a(xcpt.o)
 .text.sysXCPT_TlbFillXcptHdlr
                0x00004ec8        0x4 ./libandesap.a(xcpt.o)
 .text.sysXCPT_PteNotPresentXcptHdlr
                0x00004ecc        0x4 ./libandesap.a(xcpt.o)
 .text.sysXCPT_TlbMiscXcptHdlr
                0x00004ed0        0x4 ./libandesap.a(xcpt.o)
 .text.sysXCPT_TlbVlptMissXcptHdlr
                0x00004ed4        0x4 ./libandesap.a(xcpt.o)
 .text.sysXCPT_MachineErrXcptHdlr
                0x00004ed8        0x4 ./libandesap.a(xcpt.o)
 .text.sysXCPT_DebugRelatedXcptHdlr
                0x00004edc        0x4 ./libandesap.a(xcpt.o)
 .text.sysXCPT_GeneralXcptHdlr
                0x00004ee0        0x4 ./libandesap.a(xcpt.o)
 .text.sysXCPT_SysCallXcptHdlr
                0x00004ee4        0x4 ./libandesap.a(xcpt.o)
 .text.sysXCPT_Hw0IntrHdlr
                0x00004ee8        0x4 ./libandesap.a(xcpt.o)
 .text.sysXCPT_Hw1IntrHdlr
                0x00004eec        0x4 ./libandesap.a(xcpt.o)
 .text.sysXCPT_Hw2IntrHdlr
                0x00004ef0        0x4 ./libandesap.a(xcpt.o)
 .text.sysXCPT_Hw3IntrHdlr
                0x00004ef4        0x4 ./libandesap.a(xcpt.o)
 .text.sysXCPT_Hw4IntrHdlr
                0x00004ef8        0x4 ./libandesap.a(xcpt.o)
 .text.sysXCPT_Hw5IntrHdlr
                0x00004efc        0x4 ./libandesap.a(xcpt.o)
 .text.sysXCPT_SwIntrHdlr
                0x00004f00        0x4 ./libandesap.a(xcpt.o)
 .text.sysKernelStart
                0x00004f04       0x18 ./libandesap.a(initial.o)
                0x00004f04                sysKernelStart
 .text.SYSirq_Disable_Interrupts_Save_Flags
                0x00004f1c       0x14 ./libandesap.a(mutex.o)
                0x00004f1c                SYSirq_Disable_Interrupts_Save_Flags
 .text.SYSirq_Interrupts_Restore_Flags
                0x00004f30       0x18 ./libandesap.a(mutex.o)
                0x00004f30                SYSirq_Interrupts_Restore_Flags
 .text.sysTASK_LowPrioTask
                0x00004f48       0x3c ./libandesap.a(task.o)
                0x00004f48                sysTASK_LowPrioTask
 .text.sysTASK_DeassertSignal
                0x00004f84       0x44 ./libandesap.a(task.o)
                0x00004f84                sysTASK_DeassertSignal
 .text.sysTASK_AssertSignal
                0x00004fc8       0x40 ./libandesap.a(task.o)
                0x00004fc8                sysTASK_AssertSignal
 .text.apiInitListEntry
                0x00005008        0x8 ./libandesap.a(list.o)
                0x00005008                apiInitListEntry
 .text.apiInsertListEntry
                0x00005010        0xc ./libandesap.a(list.o)
                0x00005010                apiInsertListEntry
 .text.apiInsertTailEntry
                0x0000501c       0x20 ./libandesap.a(list.o)
                0x0000501c                apiInsertTailEntry
 .text.apiRemoveHeadEntry
                0x0000503c       0x1c ./libandesap.a(list.o)
                0x0000503c                apiRemoveHeadEntry
 .text.vsprintf_help
                0x00005058        0xc ./libandesap.a(printf.o)
 .text.vprintf  0x00005064       0x24 ./libandesap.a(printf.o)
                0x00005064                vprintf
 .text.Printf_High
                0x00005088       0x34 ./libandesap.a(printf.o)
                0x00005088                Printf_High
 .text.vsprintf
                0x000050bc       0x2c ./libandesap.a(printf.o)
                0x000050bc                vsprintf
 .text.sprintf  0x000050e8       0x24 ./libandesap.a(printf.o)
                0x000050e8                sprintf
 .text.vprintf_help
                0x0000510c       0x1c ./libandesap.a(printf.o)
 .text.atoi     0x00005128       0xcc ./libandesap.a(stdlib.o)
                0x00005128                atoi
 .text.strcmp   0x000051f4       0x20 ./libandesap.a(strcmp.o)
                0x000051f4                strcmp
 .text.strncmp  0x00005214       0x24 ./libandesap.a(strcmp.o)
                0x00005214                strncmp
 .text.strcpy   0x00005238       0x14 ./libandesap.a(strcpy.o)
                0x00005238                strcpy
 .text.strncpy  0x0000524c       0x1c ./libandesap.a(strcpy.o)
                0x0000524c                strncpy
 .text.strlen   0x00005268       0x10 ./libandesap.a(strlen.o)
                0x00005268                strlen
 .text.__toupper
                0x00005278       0x1c ./libandesap.a(vsprintf.o)
 .text.simple_strtoul
                0x00005294       0xe4 ./libandesap.a(vsprintf.o)
                0x00005294                simple_strtoul
 .text.simple_strtol
                0x00005378       0x2c ./libandesap.a(vsprintf.o)
                0x00005378                simple_strtol
 .text.drvMCUCTL_IntrHdlr
                0x000053a4       0xc4 ./libandesap.a(mcuctl.o)
                0x000053a4                drvMCUCTL_IntrHdlr
 .text.sysDelayxu
                0x00005468       0x18 ./libandesap.a(mt7681_ChSw.o)
 .text.RF_READ  0x00005480       0xb8 ./libandesap.a(mt7681_ChSw.o)
                0x00005480                RF_READ
 .text.RF_WRITE
                0x00005538       0x84 ./libandesap.a(mt7681_ChSw.o)
                0x00005538                RF_WRITE
 .text.RF_WRITE8
                0x000055bc       0x20 ./libandesap.a(mt7681_ChSw.o)
                0x000055bc                RF_WRITE8
 .text.BBP_READ
                0x000055dc       0x78 ./libandesap.a(mt7681_ChSw.o)
                0x000055dc                BBP_READ
 .text.BBP_WRITE
                0x00005654       0x54 ./libandesap.a(mt7681_ChSw.o)
                0x00005654                BBP_WRITE
 .text.Config_ChannelInfo
                0x000056a8       0x54 ./libandesap.a(mt7681_ChSw.o)
                0x000056a8                Config_ChannelInfo
 .text.CaliPeriodExec
                0x000056fc       0x40 ./libandesap.a(mt7681_ChSw.o)
                0x000056fc                CaliPeriodExec
 .text.T.215    0x0000573c       0x58 ./libandesap.a(mt7681_ChSw.o)
 .text.drvPBF_IntHdler
                0x00005794       0x18 ./libandesap.a(wifi_ps.o)
                0x00005794                drvPBF_IntHdler
 .text.GetQueueInfo
                0x000057ac        0xc ./libandesap.a(wifi_task.o)
                0x000057ac                GetQueueInfo
 .text.GetFceIntStat
                0x000057b8        0xc ./libandesap.a(wifi_task.o)
                0x000057b8                GetFceIntStat
 .text.GetMsTimer
                0x000057c4        0xc ./libandesap.a(wifi_task.o)
                0x000057c4                GetMsTimer
 .text.StorePhyMode
                0x000057d0        0xc ./libandesap.a(wifi_task.o)
                0x000057d0                StorePhyMode
 .text.handle_FCE_interrupt
                0x000057dc       0x64 ./libandesap.a(wifi_task.o)
                0x000057dc                handle_FCE_interrupt
 .text.AuthTimeoutAction
                0x00005840        0x4 ./libandesap.a(auth.o)
                0x00005840                AuthTimeoutAction
 .text.AUTH_ReqSend
                0x00005844       0x2c ./libandesap.a(auth.o)
                0x00005844                AUTH_ReqSend
 .text.drvGPIO_IntHdler
                0x00005870       0x44 ./libandesap.a(led.o)
                0x00005870                drvGPIO_IntHdler
 .text.T.3      0x000058b4       0x48 ./libandesap.a(led.o)
 .text.do_printf
                0x000058fc      0x2e8 ./libandesap.a(do_printf.o)
                0x000058fc                do_printf
 .text.fputc    0x00005be4       0x2c ./libandesap.a(fputs.o)
                0x00005be4                fputc
 .text.putchar  0x00005c10       0x1c ./libandesap.a(fputs.o)
                0x00005c10                putchar
                0x00005c30                . = ALIGN (0x10)
                0x00005c30                STACK_SECT_VMA = .

.STACK          0x00005c30      0x800
                0x00005c30                PROVIDE (_STACK_START, .)
 *(.stack)
 .stack         0x00005c30      0x800 ./libandesap.a(stack.o)
                0x00005c30                sysStack
                0x00006430                PROVIDE (_STACK_END, .)
                0x00006430                . = ALIGN (0x10)
                0x00006430                DATA_SECT_VMA = .

.DATA           0x00006430      0x7cc
 *(.rodata)
 .rodata        0x00006430        0x8 obj/ap/tcpip/dhcpd.o
 .rodata        0x00006438       0x10 obj/ap/tcpip/iot_tcp_app.o
 *(.rodata.*)
 .rodata.str1.4
                0x00006448       0xcf obj/ap/iot_at_cmd.o
                                 0xd0 (size before relaxing)
 *fill*         0x00006517        0x1 00000000
 .rodata.str1.4
                0x00006518        0x7 obj/ap/iot_at_cmd_utility.o
                                  0x8 (size before relaxing)
 *fill*         0x0000651f        0x1 00000000
 .rodata.str1.4
                0x00006520       0x95 obj/ap/iot_custom.o
                                 0x98 (size before relaxing)
 *fill*         0x000065b5        0x3 00000000
 .rodata.cst4   0x000065b8        0x4 obj/ap/iot_uart_rb.o
 .rodata.str1.4
                0x000065bc       0x14 obj/ap/tcpip/dhcpc.o
 .rodata.xid    0x000065d0        0x4 obj/ap/tcpip/dhcpc.o
 .rodata.magic_cookie
                0x000065d4        0x4 obj/ap/tcpip/dhcpc.o
 .rodata.str1.4
                0x000065d8       0x4e obj/ap/tcpip/dhcpd.o
                                 0x50 (size before relaxing)
 *fill*         0x00006626        0x2 00000000
 .rodata.str1.4
                0x00006628       0x57 obj/ap/tcpip/iot_tcp_app.o
                                 0x58 (size before relaxing)
 *fill*         0x0000667f        0x1 00000000
 .rodata.str1.4
                0x00006680        0x3 obj/ap/tcpip/sample_udp_server.o
                                 0x10 (size before relaxing)
 *fill*         0x00006683        0x1 00000000
 .rodata.str1.4
                0x00006684       0x30 obj/ap/tcpip/tcpip_main.o
 .rodata.uip_hostaddr
                0x000066b4        0x4 obj/ap/tcpip/uip.o
                0x000066b4                uip_hostaddr
 .rodata.uip_netmask
                0x000066b8        0x4 obj/ap/tcpip/uip.o
                0x000066b8                uip_netmask
 .rodata.uip_ethaddr
                0x000066bc        0x8 obj/ap/tcpip/uip.o
                0x000066bc                uip_ethaddr
 .rodata.broadcast_ethaddr
                0x000066c4        0x8 obj/ap/tcpip/uip_arp.o
 .rodata.http_http
                0x000066cc        0x8 obj/ap/tcpip/webclient-strings.o
                0x000066cc                http_http
 .rodata.http_200
                0x000066d4        0x8 obj/ap/tcpip/webclient-strings.o
                0x000066d4                http_200
 .rodata.http_301
                0x000066dc        0x8 obj/ap/tcpip/webclient-strings.o
                0x000066dc                http_301
 .rodata.http_302
                0x000066e4        0x8 obj/ap/tcpip/webclient-strings.o
                0x000066e4                http_302
 .rodata.http_get
                0x000066ec        0x8 obj/ap/tcpip/webclient-strings.o
                0x000066ec                http_get
 .rodata.http_10
                0x000066f4        0xc obj/ap/tcpip/webclient-strings.o
                0x000066f4                http_10
 .rodata.http_11
                0x00006700        0xc obj/ap/tcpip/webclient-strings.o
                0x00006700                http_11
 .rodata.http_content_type
                0x0000670c       0x10 obj/ap/tcpip/webclient-strings.o
                0x0000670c                http_content_type
 .rodata.http_location
                0x0000671c        0xc obj/ap/tcpip/webclient-strings.o
                0x0000671c                http_location
 .rodata.http_host
                0x00006728        0x8 obj/ap/tcpip/webclient-strings.o
                0x00006728                http_host
 .rodata.http_crnl
                0x00006730        0x4 obj/ap/tcpip/webclient-strings.o
                0x00006730                http_crnl
 .rodata.http_user_agent_fields
                0x00006734       0x50 obj/ap/tcpip/webclient-strings.o
                0x00006734                http_user_agent_fields
 .rodata.str1.4
                0x00006784       0x1a obj/ap/tcpip/webclient.o
                                 0x1c (size before relaxing)
 *fill*         0x0000679e        0x2 00000000
 .rodata.str1.4
                0x000067a0       0x1c obj/ap/wifi_task_pub.o
 .rodata.str1.4
                0x000067bc       0x2b ./libandesap.a(xip_ovly.o)
                                 0x2c (size before relaxing)
 *fill*         0x000067e7        0x1 00000000
 .rodata.str1.4
                0x000067e8       0x56 ./libandesap.a(ap.o)
                                 0x58 (size before relaxing)
 *fill*         0x0000683e        0x2 00000000
 .rodata.str1.4
                0x00006840       0x1f ./libandesap.a(ap_assoc.o)
                                 0x20 (size before relaxing)
 *fill*         0x0000685f        0x1 00000000
 .rodata.str1.4
                0x00006860       0x56 ./libandesap.a(ap_pub.o)
                                 0x58 (size before relaxing)
 *fill*         0x000068b6        0x2 00000000
 .rodata.C.2.5959
                0x000068b8       0x10 ./libandesap.a(app_nos_main.o)
 .rodata.str1.4
                0x000068c8       0x53 ./libandesap.a(chip_init.o)
                                 0x58 (size before relaxing)
 *fill*         0x0000691b        0x1 00000000
 .rodata.str1.4
                0x0000691c        0x5 ./libandesap.a(bsp.o)
                                  0x8 (size before relaxing)
 *fill*         0x00006921        0x3 00000000
 .rodata.str1.4
                0x00006924       0x38 ./libandesap.a(ee_efuse.o)
 .rodata.MT7681_Frequency_Plan
                0x0000695c       0x48 ./libandesap.a(mt7681_ChSw.o)
                0x000069b0                . = ALIGN (0x10)
 *fill*         0x000069a4        0xc 00000000
 *(.data)
 *(.data.*)
 .data.optind   0x000069b0        0x2 obj/ap/iot_at_cmd_utility.o
                0x000069b0                optind
 .data.opterr   0x000069b2        0x1 obj/ap/iot_at_cmd_utility.o
                0x000069b2                opterr
 *fill*         0x000069b3        0x1 00000000
 .data.Com_Cfg  0x000069b4       0x2c obj/ap/iot_custom.o
                0x000069b4                Com_Cfg
 .data.Usr_Cfg  0x000069e0       0x60 obj/ap/iot_custom.o
                0x000069e0                Usr_Cfg
 .data.PRINT_FLAG
                0x00006a40        0x1 obj/ap/iot_custom.o
                0x00006a40                PRINT_FLAG
 *fill*         0x00006a41        0x3 00000000
 .data.IoT_CmdPWD_Recv
                0x00006a44        0x4 obj/ap/iot_parse.o
                0x00006a44                IoT_CmdPWD_Recv
 .data.ATCmdPrefixAT
                0x00006a48        0x4 obj/ap/iot_uart_rb.o
                0x00006a48                ATCmdPrefixAT
 .data.ATCmdPrefixIW
                0x00006a4c        0xc obj/ap/iot_uart_rb.o
                0x00006a4c                ATCmdPrefixIW
 .data.SNAP_802_1H
                0x00006a58        0x8 obj/ap/iot_uplink.o
                0x00006a58                SNAP_802_1H
 .data.SNAP_BRIDGE_TUNNEL
                0x00006a60        0x8 obj/ap/iot_uplink.o
                0x00006a60                SNAP_BRIDGE_TUNNEL
 .data.hostname
                0x00006a68        0x8 obj/ap/tcpip/dhcpc.o
 .data.uip_softap_ipaddr
                0x00006a70        0x4 obj/ap/tcpip/dhcpd.o
 .data.uip_softap_netmask
                0x00006a74        0x4 obj/ap/tcpip/dhcpd.o
 .data.cli_fd   0x00006a78        0x4 obj/ap/tcpip/tcpip_main.o
                0x00006a78                cli_fd
 .data.gCurrentAddress
                0x00006a7c        0x8 obj/ap/wifi_task_pub.o
                0x00006a7c                gCurrentAddress
 .data.BCAST_ADDR
                0x00006a84        0x8 obj/ap/wifi_task_pub.o
                0x00006a84                BCAST_ADDR
 .data.g_tx_pkt_id
                0x00006a8c        0x1 ./libandesap.a(rtmp_data.o)
 *fill*         0x00006a8d        0x3 00000000
 .data.Full_ChannelList
                0x00006a90       0x28 ./libandesap.a(scan.o)
                0x00006a90                Full_ChannelList
 .data.sysXcptVctr
                0x00006ab8       0x40 ./libandesap.a(xcpt.o)
 .data.RTDebugLevel
                0x00006af8        0x1 ./libandesap.a(wifi_task.o)
                0x00006af8                RTDebugLevel
 *fill*         0x00006af9        0x3 00000000
 .data._ctype   0x00006afc      0x100 ./libandesap.a(ctype.o)
                0x00006afc                _ctype
                0x00006bfc                . = ALIGN (0x4)

FW_VERSION_TAG  0x00006bfc        0xc
 *(FW_VERSION_TAG)
 FW_VERSION_TAG
                0x00006bfc        0xc ./libandesap.a(bsp.o)
                0x00006bfc                gVersionTag
                0x00006c08                __tag_end = .

.ovlysec0       0x00006c08      0xf44 load address 0x0056f000
 .ovlysec0      0x00006c08      0xf44 obj/ap/tcpip/uip.o
                0x00006c08                _uip_process
                0x0056f000                PROVIDE (__load_start_ovlysec0, LOADADDR (.ovlysec0))
                0x0056ff44                PROVIDE (__load_stop_ovlysec0, (LOADADDR (.ovlysec0) + SIZEOF (.ovlysec0)))

.ovlysec1       0x00006c08        0x0 load address 0x0056ff44
                0x0056ff44                PROVIDE (__load_start_ovlysec1, LOADADDR (.ovlysec1))
                0x0056ff44                PROVIDE (__load_stop_ovlysec1, (LOADADDR (.ovlysec1) + SIZEOF (.ovlysec1)))

.ovlysec2       0x00006c08      0x814 load address 0x0056ff44
 .ovlysec2      0x00006c08      0x814 ./libandesap.a(chip_init.o)
                0x00006c08                MACRegTable
                0x00007368                MT7681_RF_VGA_RegTb
                0x00006d30                MT7681_MACRegTable
                0x000072b4                MT7681_RF_Channel_RegTb
                0x00007230                MT7681_RF_Central_RegTb
                0x00006d80                MT7681_BBP_InitRegTb
                0x00006d60                BBPRegTable
                0x0056ff44                PROVIDE (__load_start_ovlysec2, LOADADDR (.ovlysec2))
                0x00570758                PROVIDE (__load_stop_ovlysec2, (LOADADDR (.ovlysec2) + SIZEOF (.ovlysec2)))

.ovlysec3       0x00006c08        0x0 load address 0x00570758
                0x00570758                PROVIDE (__load_start_ovlysec3, LOADADDR (.ovlysec3))
                0x00570758                PROVIDE (__load_stop_ovlysec3, (LOADADDR (.ovlysec3) + SIZEOF (.ovlysec3)))

.ovlysec4       0x00006c08        0x0 load address 0x00570758
                0x00570758                PROVIDE (__load_start_ovlysec4, LOADADDR (.ovlysec4))
                0x00570758                PROVIDE (__load_stop_ovlysec4, (LOADADDR (.ovlysec4) + SIZEOF (.ovlysec4)))

.ovlysec5       0x00006c08        0x0 load address 0x00570758
                0x00570758                PROVIDE (__load_start_ovlysec5, LOADADDR (.ovlysec5))
                0x00570758                PROVIDE (__load_stop_ovlysec5, (LOADADDR (.ovlysec5) + SIZEOF (.ovlysec5)))

.ovlysec6       0x00006c08        0x0 load address 0x00570758
                0x00570758                PROVIDE (__load_start_ovlysec6, LOADADDR (.ovlysec6))
                0x00570758                PROVIDE (__load_stop_ovlysec6, (LOADADDR (.ovlysec6) + SIZEOF (.ovlysec6)))

.ovlysec7       0x00006c08        0x0 load address 0x00570758
                0x00570758                PROVIDE (__load_start_ovlysec7, LOADADDR (.ovlysec7))
                0x00570758                PROVIDE (__load_stop_ovlysec7, (LOADADDR (.ovlysec7) + SIZEOF (.ovlysec7)))

.ovlysec8       0x00007b4c        0x0 load address 0x00570758
                0x00570758                PROVIDE (__load_start_ovlysec8, LOADADDR (.ovlysec8))
                0x00570758                PROVIDE (__load_stop_ovlysec8, (LOADADDR (.ovlysec8) + SIZEOF (.ovlysec8)))

.ovlysec9       0x00007b4c       0xb4 load address 0x00570758
 .ovlysec9      0x00007b4c       0xb4 obj/ap/tcpip/tcpip_main.o
                0x00007b4c                _tcpip_init
                0x00570758                PROVIDE (__load_start_ovlysec9, LOADADDR (.ovlysec9))
                0x0057080c                PROVIDE (__load_stop_ovlysec9, (LOADADDR (.ovlysec9) + SIZEOF (.ovlysec9)))

.ovlysec10      0x00007b4c      0x178 load address 0x0057080c
 .ovlysec10     0x00007b4c      0x178 obj/ap/tcpip/dhcpc.o
                0x00007b4c                _handle_dhcp
                0x0057080c                PROVIDE (__load_start_ovlysec10, LOADADDR (.ovlysec10))
                0x00570984                PROVIDE (__load_stop_ovlysec10, (LOADADDR (.ovlysec10) + SIZEOF (.ovlysec10)))

.ovlysec11      0x00007b4c      0x178 load address 0x00570984
 .ovlysec11     0x00007b4c      0x178 ./libandesap.a(chip_init.o)
                0x00007b98                wait_bbp_rf_wakeup
                0x00007bd4                NICInitMT7681BbpRegisters
                0x00007c38                NICInitMT7681RFRegisters
                0x00007b4c                NICInitMT7681MacRegisters
                0x00570984                PROVIDE (__load_start_ovlysec11, LOADADDR (.ovlysec11))
                0x00570afc                PROVIDE (__load_stop_ovlysec11, (LOADADDR (.ovlysec11) + SIZEOF (.ovlysec11)))
                0x00007cc4                . = ALIGN (0x4)

.nds32.ovly.tbl
                0x00007cc4       0xe0
                0x00007cc4                _ovly_table = .
                0x00007cc4        0x4 LONG 0x6c08 ABSOLUTE (ADDR (.ovlysec0))
                0x00007cc8        0x4 LONG 0xf44 SIZEOF (.ovlysec0)
                0x00007ccc        0x4 LONG 0x56f000 ABSOLUTE (LOADADDR (.ovlysec0))
                0x00007cd0        0x4 LONG 0x0
                0x00007cd4        0x4 LONG 0x6c08 ABSOLUTE (ADDR (.ovlysec1))
                0x00007cd8        0x4 LONG 0x0 SIZEOF (.ovlysec1)
                0x00007cdc        0x4 LONG 0x56ff44 ABSOLUTE (LOADADDR (.ovlysec1))
                0x00007ce0        0x4 LONG 0x0
                0x00007ce4        0x4 LONG 0x6c08 ABSOLUTE (ADDR (.ovlysec2))
                0x00007ce8        0x4 LONG 0x814 SIZEOF (.ovlysec2)
                0x00007cec        0x4 LONG 0x56ff44 ABSOLUTE (LOADADDR (.ovlysec2))
                0x00007cf0        0x4 LONG 0x0
                0x00007cf4        0x4 LONG 0x6c08 ABSOLUTE (ADDR (.ovlysec3))
                0x00007cf8        0x4 LONG 0x0 SIZEOF (.ovlysec3)
                0x00007cfc        0x4 LONG 0x570758 ABSOLUTE (LOADADDR (.ovlysec3))
                0x00007d00        0x4 LONG 0x0
                0x00007d04        0x4 LONG 0x6c08 ABSOLUTE (ADDR (.ovlysec4))
                0x00007d08        0x4 LONG 0x0 SIZEOF (.ovlysec4)
                0x00007d0c        0x4 LONG 0x570758 ABSOLUTE (LOADADDR (.ovlysec4))
                0x00007d10        0x4 LONG 0x0
                0x00007d14        0x4 LONG 0x6c08 ABSOLUTE (ADDR (.ovlysec5))
                0x00007d18        0x4 LONG 0x0 SIZEOF (.ovlysec5)
                0x00007d1c        0x4 LONG 0x570758 ABSOLUTE (LOADADDR (.ovlysec5))
                0x00007d20        0x4 LONG 0x0
                0x00007d24        0x4 LONG 0x6c08 ABSOLUTE (ADDR (.ovlysec6))
                0x00007d28        0x4 LONG 0x0 SIZEOF (.ovlysec6)
                0x00007d2c        0x4 LONG 0x570758 ABSOLUTE (LOADADDR (.ovlysec6))
                0x00007d30        0x4 LONG 0x0
                0x00007d34        0x4 LONG 0x6c08 ABSOLUTE (ADDR (.ovlysec7))
                0x00007d38        0x4 LONG 0x0 SIZEOF (.ovlysec7)
                0x00007d3c        0x4 LONG 0x570758 ABSOLUTE (LOADADDR (.ovlysec7))
                0x00007d40        0x4 LONG 0x0
                0x00007d44        0x4 LONG 0x7b4c ABSOLUTE (ADDR (.ovlysec8))
                0x00007d48        0x4 LONG 0x0 SIZEOF (.ovlysec8)
                0x00007d4c        0x4 LONG 0x570758 ABSOLUTE (LOADADDR (.ovlysec8))
                0x00007d50        0x4 LONG 0x1
                0x00007d54        0x4 LONG 0x7b4c ABSOLUTE (ADDR (.ovlysec9))
                0x00007d58        0x4 LONG 0xb4 SIZEOF (.ovlysec9)
                0x00007d5c        0x4 LONG 0x570758 ABSOLUTE (LOADADDR (.ovlysec9))
                0x00007d60        0x4 LONG 0x1
                0x00007d64        0x4 LONG 0x7b4c ABSOLUTE (ADDR (.ovlysec10))
                0x00007d68        0x4 LONG 0x178 SIZEOF (.ovlysec10)
                0x00007d6c        0x4 LONG 0x57080c ABSOLUTE (LOADADDR (.ovlysec10))
                0x00007d70        0x4 LONG 0x1
                0x00007d74        0x4 LONG 0x7b4c ABSOLUTE (ADDR (.ovlysec11))
                0x00007d78        0x4 LONG 0x178 SIZEOF (.ovlysec11)
                0x00007d7c        0x4 LONG 0x570984 ABSOLUTE (LOADADDR (.ovlysec11))
                0x00007d80        0x4 LONG 0x1
                0x00007d84                _novlys = .
                0x00007d84        0x4 LONG 0xc ((_novlys - _ovly_table) / 0x10)
                0x00007d88                . = ALIGN (0x8)
                0x00007d88                _ovly_ram_table = .
                0x00007d88        0x4 LONG 0x0
                0x00007d8c        0x4 LONG 0xffffffff
                0x00007d90        0x4 LONG 0x0
                0x00007d94        0x4 LONG 0x1
                0x00007d98        0x4 LONG 0xffffffff
                0x00007d9c        0x4 LONG 0x0
                0x00007da0                _novlyr = .
                0x00007da0        0x4 LONG 0x2 ((_novlyr - _ovly_ram_table) / 0xc)
                0x00007db0                . = ALIGN (0x10)
                0x00007db0                BSS_SECT_VMA = .

.BSS            0x00007db0     0x36f0
                0x00007db0                PROVIDE (_BSS_START, .)
 *(.sbss)
 *(.sbss.*)
 *(.scommon)
 *(.scommon.*)
 *(.sbss_w)
 .sbss_w        0x00007db0       0x10 obj/ap/tcpip/uip.o
                0x00007dbc                uip_sappdata
                0x00007db0                uip_udp_conn
                0x00007db4                uip_appdata
                0x00007db8                uip_conn
 .sbss_w        0x00007dc0        0x8 obj/ap/wifi_task_pub.o
                0x00007dc0                pIoTMlme
                0x00007dc4                pIoTApCfg
 .sbss_w        0x00007dc8        0x4 ./libandesap.a(bsp.o)
                0x00007dc8                __OS_Heap_Start
 *(.sbss_w.*)
 *(.sbss_h)
 .sbss_h        0x00007dcc        0x6 obj/ap/tcpip/uip.o
                0x00007dcc                uip_len
                0x00007dd0                ipid
                0x00007dce                uip_slen
 .sbss_h        0x00007dd2        0x2 obj/ap/tcpip/webclient.o
                0x00007dd2                http_clientPort
 *(.sbss_h.*)
 *(.sbss_b)
 .sbss_b        0x00007dd4        0x1 obj/ap/tcpip/uip.o
                0x00007dd4                uip_flags
 *(.sbss_b.*)
                0x00007de0                . = ALIGN (0x10)
 *fill*         0x00007dd5        0xb 00000000
 *(.bss)
 *(.bss.*)
 .bss.optarg    0x00007de0        0x4 obj/ap/iot_at_cmd_utility.o
                0x00007de0                optarg
 .bss.pIndexPosition.1213
                0x00007de4        0x4 obj/ap/iot_at_cmd_utility.o
 .bss.gCaliFrEfuse
                0x00007de8        0x1 obj/ap/iot_custom.o
                0x00007de8                gCaliFrEfuse
 .bss.UART_TX_POLL_ENABLE
                0x00007de9        0x1 obj/ap/iot_custom.o
                0x00007de9                UART_TX_POLL_ENABLE
 .bss.preSeq    0x00007dea        0x2 obj/ap/iot_parse.o
                0x00007dea                preSeq
 .bss.appLen    0x00007dec        0x2 obj/ap/iot_parse.o
                0x00007dec                appLen
 *fill*         0x00007dee        0x2 00000000
 .bss.mt7681_HardwareStatus
                0x00007df0        0x8 obj/ap/iot_parse.o
                0x00007df0                mt7681_HardwareStatus
 .bss.IWMatchNum.2842
                0x00007df8        0x1 obj/ap/iot_uart_rb.o
 .bss.ATMatchNum.2841
                0x00007df9        0x1 obj/ap/iot_uart_rb.o
 *fill*         0x00007dfa        0x2 00000000
 .bss.gCPULowClok
                0x00007dfc        0x4 obj/ap/misc_pub.o
                0x00007dfc                gCPULowClok
 .bss.s         0x00007e00       0x34 obj/ap/tcpip/dhcpc.o
 .bss.i.1512    0x00007e34        0x1 obj/ap/tcpip/resolv.o
 .bss.lseqi.1483
                0x00007e35        0x1 obj/ap/tcpip/resolv.o
 .bss.lseq.1482
                0x00007e36        0x1 obj/ap/tcpip/resolv.o
 .bss.i.1481    0x00007e37        0x1 obj/ap/tcpip/resolv.o
 .bss.names     0x00007e38       0x2c obj/ap/tcpip/resolv.o
 .bss.seqno     0x00007e64        0x1 obj/ap/tcpip/resolv.o
 *fill*         0x00007e65        0x3 00000000
 .bss.iss       0x00007e68        0x4 obj/ap/tcpip/uip.o
 .bss.lastport  0x00007e6c        0x2 obj/ap/tcpip/uip.o
 .bss.c         0x00007e6e        0x1 obj/ap/tcpip/uip.o
 .bss.opt       0x00007e6f        0x1 obj/ap/tcpip/uip.o
 .bss.tmp16     0x00007e70        0x2 obj/ap/tcpip/uip.o
 *fill*         0x00007e72        0x2 00000000
 .bss.arp_table
                0x00007e74       0x60 obj/ap/tcpip/uip_arp.o
 .bss.ipaddr    0x00007ed4        0x4 obj/ap/tcpip/uip_arp.o
 .bss.i         0x00007ed8        0x1 obj/ap/tcpip/uip_arp.o
 .bss.c         0x00007ed9        0x1 obj/ap/tcpip/uip_arp.o
 .bss.arptime   0x00007eda        0x1 obj/ap/tcpip/uip_arp.o
 .bss.tmpage    0x00007edb        0x1 obj/ap/tcpip/uip_arp.o
 .bss.i.1595    0x00007edc        0x1 obj/ap/tcpip/webclient.o
 .bss.c.1575    0x00007edd        0x1 obj/ap/tcpip/webclient.o
 *fill*         0x00007ede        0x2 00000000
 .bss.addr.1451
                0x00007ee0        0x4 obj/ap/tcpip/webclient.o
 .bss.s         0x00007ee4      0x180 obj/ap/tcpip/webclient.o
 .bss.g_SoftAPStartFlag
                0x00008064        0x1 obj/ap/wifi_task_pub.o
                0x00008064                g_SoftAPStartFlag
 *fill*         0x00008065        0x3 00000000
 .bss.PreTime.2716
                0x00008068        0x4 obj/ap/wifi_task_pub.o
 .bss.BufMem1   0x0000806c     0x18d8 ./libandesap.a(queue.o)
 .bss.BufDesc1  0x00009944       0x90 ./libandesap.a(queue.o)
 .bss.eepcfg    0x000099d4       0x44 ./libandesap.a(chip_init.o)
                0x000099d4                eepcfg
 .bss.gSequence
                0x00009a18        0x2 ./libandesap.a(rtmp_data.o)
                0x00009a18                gSequence
 *fill*         0x00009a1a        0x2 00000000
 .bss.FceIntHdlr
                0x00009a1c       0x80 ./libandesap.a(fce.o)
 .bss.jiffies   0x00009a9c        0x4 ./libandesap.a(timer.o)
                0x00009a9c                jiffies
 .bss.Timers_List
                0x00009aa0        0x4 ./libandesap.a(timer.o)
                0x00009aa0                Timers_List
 .bss.Timer_Start
                0x00009aa4        0x4 ./libandesap.a(timer.o)
                0x00009aa4                Timer_Start
 .bss.last_start_time
                0x00009aa8        0x4 ./libandesap.a(timer.o)
                0x00009aa8                last_start_time
 .bss.McuCtlIntHdlr
                0x00009aac       0x80 ./libandesap.a(mcuctl.o)
 .bss.PreTime.5876
                0x00009b2c        0x4 ./libandesap.a(mt7681_ChSw.o)
 .bss.PreBW.5742
                0x00009b30        0x1 ./libandesap.a(mt7681_ChSw.o)
 .bss.RF_ABB_R6_R7_IN_BW20
                0x00009b31        0x1 ./libandesap.a(mt7681_ChSw.o)
 .bss.RF_ABB_R58_R59_IN_BW20
                0x00009b32        0x1 ./libandesap.a(mt7681_ChSw.o)
 .bss.RF_ABB_R6_R7_IN_BW40
                0x00009b33        0x1 ./libandesap.a(mt7681_ChSw.o)
 .bss.RF_ABB_R58_R59_IN_BW40
                0x00009b34        0x1 ./libandesap.a(mt7681_ChSw.o)
 *fill*         0x00009b35        0x3 00000000
 .bss.PARAM_Info
                0x00009b38        0x4 ./libandesap.a(mt7681_ChSw.o)
 .bss.TxPWR     0x00009b3c        0x4 ./libandesap.a(mt7681_ChSw.o)
 .bss.LNAGain   0x00009b40        0x4 ./libandesap.a(mt7681_ChSw.o)
 .bss.wakeup_from_grant
                0x00009b44        0x1 ./libandesap.a(wifi_ps.o)
                0x00009b44                wakeup_from_grant
 .bss.gPmuINT   0x00009b45        0x1 ./libandesap.a(wifi_ps.o)
                0x00009b45                gPmuINT
 .bss.gPmuAbort
                0x00009b46        0x1 ./libandesap.a(wifi_ps.o)
                0x00009b46                gPmuAbort
 *(COMMON)
 *fill*         0x00009b47        0x1 00000000
 COMMON         0x00009b48      0x1c5 obj/ap/iot_custom.o
                0x00009b48                IoTCustOp
                0x00009b64                IoTCustTimer
                0x00009b80                IoTpAd
 *fill*         0x00009d0d        0x3 00000000
 COMMON         0x00009d10      0x448 obj/ap/iot_uart_rb.o
                0x00009d10                uart_rb_info
                0x00009d1c                UARTPort
                0x00009e34                UARTTxBuf
                0x00009e74                uart_rb_addr
                0x00009f58                UARTRxBuf
 COMMON         0x0000a158       0xa0 obj/ap/tcpip/dhcpd.o
                0x0000a158                uip_dhpcd_conns
 COMMON         0x0000a1f8       0x18 obj/ap/tcpip/tcpip_main.o
                0x0000a1f8                arp_timer
                0x0000a200                periodic_timer
                0x0000a208                cli_timer
 COMMON         0x0000a210      0xcec obj/ap/tcpip/uip.o
                0x0000a210                uip_acc32
                0x0000a214                uip_conns
                0x0000ac24                uip_listenports
                0x0000ac2c                uip_draddr
                0x0000ac30                uip_buf
                0x0000ae8c                uip_udp_conns
 COMMON         0x0000aefc        0x6 obj/ap/tcpip/uip_arp.o
                0x0000aefc                uip_sourceAddr
 *fill*         0x0000af02        0x2 00000000
 COMMON         0x0000af04       0x14 ./libandesap.a(cnm_timer.o)
                0x0000af04                rRootTimer
 COMMON         0x0000af18       0x5a ./libandesap.a(iot_io_cmd.o)
                0x0000af18                mt7681_PWMInfo
 *fill*         0x0000af72        0x2 00000000
 COMMON         0x0000af74       0x10 ./libandesap.a(queue.o)
                0x0000af74                gFreeQueue1
 COMMON         0x0000af84      0x4c4 ./libandesap.a(app_nos_main.o)
                0x0000af84                pAd
 COMMON         0x0000b448       0x24 ./libandesap.a(timer.o)
                0x0000b448                System_Timer_Pool
                0x0000b45c                Free_Timer_List
 COMMON         0x0000b46c       0x34 ./libandesap.a(task.o)
                0x0000b46c                sysTaskingCtl
                0x0000b4a0                . = ALIGN (0x4)
                0x0000b4a0                PROVIDE (_BSS_END, .)
                0x0000b4a0                __ilm_end = .
                0x0000b4a0                . = ALIGN (0x20)
                0x0000b4a0                _end = .
                0x0000b4a0                PROVIDE (_MEMORY_TOP, .)

.stab
 *(.stab)

.stabstr
 *(.stabstr)

.stab.excl
 *(.stab.excl)

.stab.exclstr
 *(.stab.exclstr)

.stab.index
 *(.stab.index)

.stab.indexstr
 *(.stab.indexstr)

.comment        0x00000000      0x8b1
 *(.comment)
 .comment       0x00000000       0x19 obj/ap/iot_aes_pub.o
 .comment       0x00000019       0x19 obj/ap/iot_at_cmd.o
 .comment       0x00000032       0x19 obj/ap/iot_at_cmd_tcpip.o
 .comment       0x0000004b       0x19 obj/ap/iot_at_cmd_utility.o
 .comment       0x00000064       0x19 obj/ap/iot_custom.o
 .comment       0x0000007d       0x19 obj/ap/iot_custom_uart2wifi.o
 .comment       0x00000096       0x19 obj/ap/iot_parse.o
 .comment       0x000000af       0x19 obj/ap/iot_parse_conn_mgmt.o
 .comment       0x000000c8       0x19 obj/ap/iot_uart_rb.o
 .comment       0x000000e1       0x19 obj/ap/iot_uplink.o
 .comment       0x000000fa       0x19 obj/ap/iot_xmodem.o
 .comment       0x00000113       0x19 obj/ap/main_pub.o
 .comment       0x0000012c       0x19 obj/ap/misc_pub.o
 .comment       0x00000145       0x19 obj/ap/mt7681_ChSw_pub.o
 .comment       0x0000015e       0x19 obj/ap/rtmp_data_pub.o
 .comment       0x00000177       0x19 obj/ap/spi-flash_pub.o
 .comment       0x00000190       0x19 obj/ap/tcpip/clock-arch.o
 .comment       0x000001a9       0x19 obj/ap/tcpip/dhcpc.o
 .comment       0x000001c2       0x19 obj/ap/tcpip/dhcpd.o
 .comment       0x000001db       0x19 obj/ap/tcpip/iot_tcp_app.o
 .comment       0x000001f4       0x19 obj/ap/tcpip/iot_tcpip_interface.o
 .comment       0x0000020d       0x19 obj/ap/tcpip/iot_udp_app.o
 .comment       0x00000226       0x19 obj/ap/tcpip/memb.o
 .comment       0x0000023f       0x19 obj/ap/tcpip/mt76xx_dev.o
 .comment       0x00000258       0x19 obj/ap/tcpip/resolv.o
 .comment       0x00000271       0x19 obj/ap/tcpip/sample_resolv_usage.o
 .comment       0x0000028a       0x19 obj/ap/tcpip/sample_udp_client.o
 .comment       0x000002a3       0x19 obj/ap/tcpip/sample_udp_server.o
 .comment       0x000002bc       0x19 obj/ap/tcpip/tcpip_main.o
 .comment       0x000002d5       0x19 obj/ap/tcpip/uip-fw.o
 .comment       0x000002ee       0x19 obj/ap/tcpip/uip-neighbor.o
 .comment       0x00000307       0x19 obj/ap/tcpip/uip-split.o
 .comment       0x00000320       0x19 obj/ap/tcpip/uip.o
 .comment       0x00000339       0x19 obj/ap/tcpip/uip_arp.o
 .comment       0x00000352       0x19 obj/ap/tcpip/uip_timer.o
 .comment       0x0000036b       0x19 obj/ap/tcpip/uiplib.o
 .comment       0x00000384       0x19 obj/ap/tcpip/webclient-strings.o
 .comment       0x0000039d       0x19 obj/ap/tcpip/webclient.o
 .comment       0x000003b6       0x19 obj/ap/wifi_task_pub.o
 .comment       0x000003cf       0x19 ./libandesap.a(xip_ovly.o)
 .comment       0x000003e8       0x19 ./libandesap.a(ap.o)
 .comment       0x00000401       0x19 ./libandesap.a(ap_assoc.o)
 .comment       0x0000041a       0x19 ./libandesap.a(ap_auth.o)
 .comment       0x00000433       0x19 ./libandesap.a(ap_pub.o)
 .comment       0x0000044c       0x19 ./libandesap.a(cnm_timer.o)
 .comment       0x00000465       0x19 ./libandesap.a(iot_crc16.o)
 .comment       0x0000047e       0x19 ./libandesap.a(iot_io_cmd.o)
 .comment       0x00000497       0x19 ./libandesap.a(iot_mgmt_cmd.o)
 .comment       0x000004b0       0x19 ./libandesap.a(queue.o)
 .comment       0x000004c9       0x19 ./libandesap.a(app_nos_main.o)
 .comment       0x000004e2       0x19 ./libandesap.a(chip_init.o)
 .comment       0x000004fb       0x19 ./libandesap.a(crypt_aes.o)
 .comment       0x00000514       0x19 ./libandesap.a(rtmp_data.o)
 .comment       0x0000052d       0x19 ./libandesap.a(rtmp_general.o)
 .comment       0x00000546       0x19 ./libandesap.a(scan.o)
 .comment       0x0000055f       0x19 ./libandesap.a(wow.o)
 .comment       0x00000578       0x19 ./libandesap.a(bsp.o)
 .comment       0x00000591       0x19 ./libandesap.a(ee_efuse.o)
 .comment       0x000005aa       0x19 ./libandesap.a(fce.o)
 .comment       0x000005c3       0x19 ./libandesap.a(pdma.o)
 .comment       0x000005dc       0x19 ./libandesap.a(spi-flash.o)
 .comment       0x000005f5       0x19 ./libandesap.a(timer.o)
 .comment       0x0000060e       0x19 ./libandesap.a(uart.o)
 .comment       0x00000627       0x19 ./libandesap.a(uartlite.o)
 .comment       0x00000640       0x19 ./libandesap.a(main.o)
 .comment       0x00000659       0x19 ./libandesap.a(xcpt.o)
 .comment       0x00000672       0x19 ./libandesap.a(initial.o)
 .comment       0x0000068b       0x19 ./libandesap.a(mutex.o)
 .comment       0x000006a4       0x19 ./libandesap.a(stack.o)
 .comment       0x000006bd       0x19 ./libandesap.a(syscall.o)
 .comment       0x000006d6       0x19 ./libandesap.a(task.o)
 .comment       0x000006ef       0x19 ./libandesap.a(list.o)
 .comment       0x00000708       0x19 ./libandesap.a(printf.o)
 .comment       0x00000721       0x19 ./libandesap.a(stdlib.o)
 .comment       0x0000073a       0x19 ./libandesap.a(strcmp.o)
 .comment       0x00000753       0x19 ./libandesap.a(strcpy.o)
 .comment       0x0000076c       0x19 ./libandesap.a(strlen.o)
 .comment       0x00000785       0x19 ./libandesap.a(vsprintf.o)
 .comment       0x0000079e       0x19 ./libandesap.a(mcuctl.o)
 .comment       0x000007b7       0x19 ./libandesap.a(mt7681_ChSw.o)
 .comment       0x000007d0       0x19 ./libandesap.a(wifi_ps.o)
 .comment       0x000007e9       0x19 ./libandesap.a(wifi_task.o)
 .comment       0x00000802       0x19 ./libandesap.a(assoc.o)
 .comment       0x0000081b       0x19 ./libandesap.a(ate.o)
 .comment       0x00000834       0x19 ./libandesap.a(auth.o)
 .comment       0x0000084d       0x19 ./libandesap.a(led.o)
 .comment       0x00000866       0x19 ./libandesap.a(do_printf.o)
 .comment       0x0000087f       0x19 ./libandesap.a(fputs.o)
 .comment       0x00000898       0x19 ./libandesap.a(ctype.o)

.debug
 *(.debug)

.line
 *(.line)

.debug_srcinfo
 *(.debug_srcinfo)

.debug_sfnames
 *(.debug_sfnames)

.debug_aranges
 *(.debug_aranges)

.debug_pubnames
 *(.debug_pubnames)

.debug_info
 *(.debug_info .gnu.linkonce.wi.*)

.debug_abbrev
 *(.debug_abbrev)

.debug_line
 *(.debug_line)

.debug_frame
 *(.debug_frame)

.debug_str
 *(.debug_str)

.debug_loc
 *(.debug_loc)

.debug_macinfo
 *(.debug_macinfo)

.debug_weaknames
 *(.debug_weaknames)

.debug_funcnames
 *(.debug_funcnames)

.debug_typenames
 *(.debug_typenames)

.debug_varnames
 *(.debug_varnames)

/DISCARD/
 *(.note.GNU-stack)
 *(.preboot)
 *(.boot)

.xipsec0        0x00560000     0x437c
 *(.xipsec0)
 .xipsec0       0x00560000      0x100 obj/ap/iot_aes_pub.o
                0x00560000                PLAIN
 .xipsec0       0x00560100      0x440 obj/ap/iot_at_cmd.o
                0x0056047c                IoT_parse_ATcommand
                0x00560100                IoT_exec_AT_cmd_reboot
                0x00560118                IoT_AT_cmd_resp_header
                0x00560374                IoT_exec_AT_cmd_Flash_Set
                0x00560190                IoT_exec_AT_cmd_Conf_SoftAP
 .xipsec0       0x00560540      0x30c obj/ap/iot_custom.o
                0x00560540                IoT_Cust_SMNT_Sta_Chg_Init
                0x00560600                reset_usr_cfg
                0x005606e4                load_com_cfg
                0x00560688                load_usr_cfg
                0x00560544                reset_com_cfg
 .xipsec0       0x0056084c      0x544 obj/ap/iot_parse.o
                0x0056084c                IoT_process_app_management_packet
                0x005609f4                IoT_process_app_function_packet
 .xipsec0       0x00560d90       0x4c obj/ap/iot_uart_rb.o
                0x00560d90                uart_customize_init
 .xipsec0       0x00560ddc       0x9c obj/ap/iot_uplink.o
                0x00560ddc                IoT_build_app_response_header
 .xipsec0       0x00560e78       0x60 obj/ap/mt7681_ChSw_pub.o
                0x00560e78                AsicSetChannel
                0x00560ec0                IoT_Cmd_Set_Channel
 .xipsec0       0x00560ed8       0x44 obj/ap/wifi_task_pub.o
                0x00560ed8                check_data_valid
 .xipsec0       0x00560f1c       0x38 ./libandesap.a(cnm_timer.o)
                0x00560f1c                cnmTimerInitialize
 .xipsec0       0x00560f54      0x1a4 ./libandesap.a(iot_io_cmd.o)
                0x00561080                IoT_software_pwm_del
                0x00560f54                IoT_software_pwm_addset
 .xipsec0       0x005610f8        0x4 ./libandesap.a(iot_mgmt_cmd.o)
                0x005610f8                IoT_Cmd_LinkDown
 .xipsec0       0x005610fc       0x58 ./libandesap.a(queue.o)
                0x005610fc                apiQU_Initialize
 .xipsec0       0x00561154      0x15c ./libandesap.a(app_nos_main.o)
                0x00561154                AES_Key_init
                0x005611bc                APP_Init
 .xipsec0       0x005612b0      0x658 ./libandesap.a(chip_init.o)
                0x00561698                MT7681_INIT_CAL
                0x005613e8                MT7681_AsicExtraPowerOverMAC
                0x005612f8                Reg_bssid_init
                0x005616fc                MT7681_eep_cfg2
                0x00561818                chip_reg_init
                0x005615b8                MT7681_RXDC_CAL
                0x005612b0                Reg_mac_add_init
                0x00561330                Sys_reboot
                0x00561424                MT7681_ReadTxPwrPerRate
 .xipsec0       0x00561908      0x2ec ./libandesap.a(rtmp_data.o)
                0x0056191c                RTMPWriteTxWI_Data
                0x00561908                STAFindCipherAlgorithm
                0x00561b40                STA_Legacy_Frame_Tx
                0x005619d4                STABuildCommon802_11Header
                0x00561aa4                MiniportMMRequest
 .xipsec0       0x00561bf4      0x358 ./libandesap.a(scan.o)
                0x00561bf4                ScanNextChannel
                0x00561da8                ParsingProbeRspBeacon
                0x00561e7c                ListScan_Init
                0x00561e28                rtmp_bbp_set_ctrlch
                0x00561d48                CfgSupportExtRate
                0x00561ef0                StartScan
                0x00561ea8                ContScanTimeoutAction
                0x00561c28                WPA_ExtractSuiteFromRSNIE
                0x00561d14                SCAN_Initialization
                0x00561d44                SetScanParam
                0x00561bf8                ScanTimeoutAction
                0x00561de4                ScanProcessMgmt
                0x00561ce8                rtmp_mac_set_ctrlch
                0x00561d4c                NLO_Initialization
 .xipsec0       0x00561f4c        0x4 ./libandesap.a(wow.o)
                0x00561f4c                WOW_Initialization
 .xipsec0       0x00561f50       0xe8 ./libandesap.a(bsp.o)
                0x00561f50                BSP_Init
 .xipsec0       0x00562038      0x7b0 ./libandesap.a(ee_efuse.o)
                0x00562454                eEpWrite
                0x00562394                eEp_init
                0x005622d0                eEpGetFreeBlockCount
                0x0056241c                eEpRead
                0x005621dc                eEpReadRegisters
 .xipsec0       0x005627e8       0xc0 ./libandesap.a(fce.o)
                0x005627e8                drvFCE_Initialize
 .xipsec0       0x005628a8      0x204 ./libandesap.a(pdma.o)
                0x00562a2c                drvPDMA_RxInitialize
                0x005628a8                rlk_fce_txts_hard_xmit
                0x005629e0                drvPDMA_TxInitialize
 .xipsec0       0x00562aac       0xd0 ./libandesap.a(timer.o)
                0x00562b3c                drvTMR_Tick_Init
                0x00562aac                sys_init_timer
                0x00562ae4                kal_create_timer
 .xipsec0       0x00562b7c      0x1f8 ./libandesap.a(uart.o)
                0x00562ba4                UART_Close
                0x00562b7c                UART_SetBaudRate
                0x00562bb0                UART_Register_TX_cb
                0x00562d3c                UART_Open
                0x00562bc8                UART_SetDCBConfig
                0x00562bbc                UART_Register_RX_cb
                0x00562cac                UART_Configure_From_Flash
                0x00562ce4                UART_HWInit
 .xipsec0       0x00562d74       0x94 ./libandesap.a(uartlite.o)
                0x00562d74                UART_Init
 .xipsec0       0x00562e08       0xf0 ./libandesap.a(main.o)
                0x00562e08                sys_Init
                0x00562ea8                sysTASK_RegTask
 .xipsec0       0x00562ef8       0x10 ./libandesap.a(xcpt.o)
                0x00562ef8                sysXCPT_RegisterHdlr
 .xipsec0       0x00562f08       0x88 ./libandesap.a(task.o)
                0x00562f44                sysTASK_CreateTask
                0x00562f08                sysTASK_RegisterLowPrioTask
 .xipsec0       0x00562f90       0x24 ./libandesap.a(mcuctl.o)
                0x00562f90                drvMCUCTL_RegisterIntHdlr
 .xipsec0       0x00562fb4     0x11b0 ./libandesap.a(mt7681_ChSw.o)
                0x00562fb4                TXDCOCCalibration
                0x00563158                RCalibration
                0x00563098                rtmp_bbp_set_bw
                0x00563050                VCO_Calibration
                0x005633a0                BWCalibration
                0x00563e2c                AsicSwitchChannel
 .xipsec0       0x00564164        0x4 ./libandesap.a(wifi_task.o)
                0x00564164                wifi_state_chg
 .xipsec0       0x00564168       0x8c ./libandesap.a(assoc.o)
                0x00564168                AssocTimeoutAction
                0x0056416c                SendNullFrame
                0x00564174                MlmeDisassocReqAction
                0x00564170                Assoc_Initialization
 .xipsec0       0x005641f4       0x5c ./libandesap.a(ate.o)
                0x005641f4                Set_ATE_Efuse_Read
 .xipsec0       0x00564250       0xf0 ./libandesap.a(auth.o)
                0x00564304                Auth_Initialization
                0x00564250                MlmeAuthReqAction
                0x00564284                MlmeDeauthReqAction
 .xipsec0       0x00564340       0x3c ./libandesap.a(led.o)
                0x00564340                GPIOInitialize

.xipsec1        0x0056437c      0x818
 *(.xipsec1)
 .xipsec1       0x0056437c      0x37c obj/ap/tcpip/dhcpc.o
                0x00564394                ws_got_ip_fail
                0x00564390                ws_got_ip
                0x00564398                dhcpc_init
 .xipsec1       0x005646f8      0x398 obj/ap/tcpip/uip.o
                0x00564838                uip_unlisten
                0x005649a4                uip_udp_new
                0x00564874                uip_listen
                0x005646f8                uip_connect
                0x005648fc                uip_init
                0x005648a4                uip_send
 .xipsec1       0x00564a90      0x104 obj/ap/tcpip/webclient.o
                0x00564a90                webclient_get

.rela.dyn       0x0000b4a0        0x0 load address 0x00564b94
 .rela.text.AES_CBC_Decrypt
                0x00000000        0x0 obj/ap/iot_aes_pub.o
 .rela.text.AES_ECB_DecryTest
                0x00000000        0x0 obj/ap/iot_aes_pub.o
 .rela.text.AES_CBC_Encrypt
                0x00000000        0x0 obj/ap/iot_aes_pub.o
 .rela.text.AES_ECB_EncryTest
                0x00000000        0x0 obj/ap/iot_aes_pub.o
 .rela.rodata.cst4
                0x00000000        0x0 obj/ap/iot_aes_pub.o
 .rela.text.AES_Sample
                0x00000000        0x0 obj/ap/iot_aes_pub.o
 .rela.xipsec0  0x00000000        0x0 obj/ap/iot_aes_pub.o
 .rela.text.getopt
                0x00000000        0x0 obj/ap/iot_aes_pub.o
 .rela.text.IoT_Cust_Ops
                0x00000000        0x0 obj/ap/iot_aes_pub.o
 .rela.text.default_boot_cfg
                0x00000000        0x0 obj/ap/iot_aes_pub.o
 .rela.text.default_uart_cfg
                0x00000000        0x0 obj/ap/iot_aes_pub.o
 .rela.text.IoT_Cust_GPIINT_Hdlr
                0x00000000        0x0 obj/ap/iot_aes_pub.o
 .rela.text.reset_ap_cfg
                0x00000000        0x0 obj/ap/iot_aes_pub.o
 .rela.text.reset_sta_cfg
                0x00000000        0x0 obj/ap/iot_aes_pub.o
 .rela.text.default_ip_cfg
                0x00000000        0x0 obj/ap/iot_aes_pub.o
 .rela.text.Pre_init_cfg
                0x00000000        0x0 obj/ap/iot_aes_pub.o
 .rela.text.CustTimer0TimeoutAction
                0x00000000        0x0 obj/ap/iot_aes_pub.o
 .rela.text.IoT_Cust_Init
                0x00000000        0x0 obj/ap/iot_aes_pub.o
 .rela.text.IoT_Cust_Sub_Task
                0x00000000        0x0 obj/ap/iot_aes_pub.o
 .rela.text.IoT_process_app_packet
                0x00000000        0x0 obj/ap/iot_aes_pub.o
 .rela.text.UARTRx_Buf_Init
                0x00000000        0x0 obj/ap/iot_aes_pub.o
 .rela.text.uart_rb_init
                0x00000000        0x0 obj/ap/iot_aes_pub.o
 .rela.text.uart_rb_pop
                0x00000000        0x0 obj/ap/iot_aes_pub.o
 .rela.text.uart_rb_push
                0x00000000        0x0 obj/ap/iot_aes_pub.o
 .rela.text.uart_get_avail
                0x00000000        0x0 obj/ap/iot_aes_pub.o
 .rela.text.UART_Rx_Packet_Dispatch
                0x00000000        0x0 obj/ap/iot_aes_pub.o
 .rela.text.UART_GetByte
                0x00000000        0x0 obj/ap/iot_aes_pub.o
 .rela.text.UART_Rx_Cb
                0x00000000        0x0 obj/ap/iot_aes_pub.o
 .rela.text.UART_PutBytes
                0x00000000        0x0 obj/ap/iot_aes_pub.o
 .rela.text.IoT_send_udp_directly
                0x00000000        0x0 obj/ap/iot_aes_pub.o
 .rela.text.IoT_build_send_udp_packet
                0x00000000        0x0 obj/ap/iot_aes_pub.o
 .rela.text.port_inbyte
                0x00000000        0x0 obj/ap/iot_aes_pub.o
 .rela.text.port_outbyte
                0x00000000        0x0 obj/ap/iot_aes_pub.o
 .rela.text.crc16_ccitt
                0x00000000        0x0 obj/ap/iot_aes_pub.o
 .rela.text.IoT_Xmodem_Update_FW
                0x00000000        0x0 obj/ap/iot_aes_pub.o
 .rela.text.IoT_xmodemReceive
                0x00000000        0x0 obj/ap/iot_aes_pub.o
 .rela.text.IoT_xmodemTransmit
                0x00000000        0x0 obj/ap/iot_aes_pub.o
 .rela.text.main
                0x00000000        0x0 obj/ap/iot_aes_pub.o
 .rela.text.RxFsIntFilterOut
                0x00000000        0x0 obj/ap/iot_aes_pub.o
 .rela.text.STAHandleRxMgmtFrame
                0x00000000        0x0 obj/ap/iot_aes_pub.o
 .rela.text.STAHandleRxDataFrame
                0x00000000        0x0 obj/ap/iot_aes_pub.o
 .rela.text.STARxDoneInterruptHandle
                0x00000000        0x0 obj/ap/iot_aes_pub.o
 .rela.text.BeaconTimeoutAction
                0x00000000        0x0 obj/ap/iot_aes_pub.o
 .rela.text.RestartBCNTimer
                0x00000000        0x0 obj/ap/iot_aes_pub.o
 .rela.text.dump_spi_flash
                0x00000000        0x0 obj/ap/iot_aes_pub.o
 .rela.text.dump_spi_flash_fw
                0x00000000        0x0 obj/ap/iot_aes_pub.o
 .rela.text.spi_flash_update_fw_done
                0x00000000        0x0 obj/ap/iot_aes_pub.o
 .rela.text.spi_flash_page_write
                0x00000000        0x0 obj/ap/iot_aes_pub.o
 .rela.text.spi_flash_write_func
                0x00000000        0x0 obj/ap/iot_aes_pub.o
 .rela.text.spi_flash_read_m2
                0x00000000        0x0 obj/ap/iot_aes_pub.o
 .rela.text.spi_flash_erase_BE
                0x00000000        0x0 obj/ap/iot_aes_pub.o
 .rela.text.spi_flash_erase_SE
                0x00000000        0x0 obj/ap/iot_aes_pub.o
 .rela.text.spi_flash_write
                0x00000000        0x0 obj/ap/iot_aes_pub.o
 .rela.text.spi_flash_update_fw
                0x00000000        0x0 obj/ap/iot_aes_pub.o
 .rela.text.spi_flash_erase_CE
                0x00000000        0x0 obj/ap/iot_aes_pub.o
 .rela.text.clock_time
                0x00000000        0x0 obj/ap/iot_aes_pub.o
 .rela.xipsec1  0x00000000        0x0 obj/ap/iot_aes_pub.o
 .rela.text.dhcpc_request
                0x00000000        0x0 obj/ap/iot_aes_pub.o
 .rela.ovlysec10
                0x00000000        0x0 obj/ap/iot_aes_pub.o
 .rela.text.handle_dhcp
                0x00000000        0x0 obj/ap/iot_aes_pub.o
 .rela.text.dhcpd_init
                0x00000000        0x0 obj/ap/iot_aes_pub.o
 .rela.text.dhcpd_pickup_opt
                0x00000000        0x0 obj/ap/iot_aes_pub.o
 .rela.text.discover
                0x00000000        0x0 obj/ap/iot_aes_pub.o
 .rela.text.request
                0x00000000        0x0 obj/ap/iot_aes_pub.o
 .rela.text.handle_dhcpd
                0x00000000        0x0 obj/ap/iot_aes_pub.o
 .rela.text.iot_tcp_appcall
                0x00000000        0x0 obj/ap/iot_aes_pub.o
 .rela.text.iot_tcp_app_init
                0x00000000        0x0 obj/ap/iot_aes_pub.o
 .rela.text.iot_udp_appcall
                0x00000000        0x0 obj/ap/iot_aes_pub.o
 .rela.text.iot_udp_app_init
                0x00000000        0x0 obj/ap/iot_aes_pub.o
 .rela.text.memb_init
                0x00000000        0x0 obj/ap/iot_aes_pub.o
 .rela.text.mt76xx_dev_read
                0x00000000        0x0 obj/ap/iot_aes_pub.o
 .rela.text.mt76xx_dev_send
                0x00000000        0x0 obj/ap/iot_aes_pub.o
 .rela.text.resolv_conf
                0x00000000        0x0 obj/ap/iot_aes_pub.o
 .rela.text.resolv_lookup
                0x00000000        0x0 obj/ap/iot_aes_pub.o
 .rela.text.resolv_query
                0x00000000        0x0 obj/ap/iot_aes_pub.o
 .rela.text.resolv_newdata
                0x00000000        0x0 obj/ap/iot_aes_pub.o
 .rela.text.resolv_check_entries
                0x00000000        0x0 obj/ap/iot_aes_pub.o
 .rela.text.handle_resolv
                0x00000000        0x0 obj/ap/iot_aes_pub.o
 .rela.text.resolv_usage_init
                0x00000000        0x0 obj/ap/iot_aes_pub.o
 .rela.text.resolv_found
                0x00000000        0x0 obj/ap/iot_aes_pub.o
 .rela.text.udp_client_sample
                0x00000000        0x0 obj/ap/iot_aes_pub.o
 .rela.text.udp_client_init
                0x00000000        0x0 obj/ap/iot_aes_pub.o
 .rela.text.udp_server_sample
                0x00000000        0x0 obj/ap/iot_aes_pub.o
 .rela.text.udp_server_init
                0x00000000        0x0 obj/ap/iot_aes_pub.o
 .rela.text.dhcpc_configured
                0x00000000        0x0 obj/ap/iot_aes_pub.o
 .rela.text.uip_log
                0x00000000        0x0 obj/ap/iot_aes_pub.o
 .rela.text.tcpip_periodic_timer
                0x00000000        0x0 obj/ap/iot_aes_pub.o
 .rela.text.netif_rx
                0x00000000        0x0 obj/ap/iot_aes_pub.o
 .rela.ovlysec9
                0x00000000        0x0 obj/ap/iot_aes_pub.o
 .rela.text.tcpip_init
                0x00000000        0x0 obj/ap/iot_aes_pub.o
 .rela.text.uip_fw_output
                0x00000000        0x0 obj/ap/iot_aes_pub.o
 .rela.text.uip_fw_forward
                0x00000000        0x0 obj/ap/iot_aes_pub.o
 .rela.text.uip_neighbor_add
                0x00000000        0x0 obj/ap/iot_aes_pub.o
 .rela.text.uip_split_output
                0x00000000        0x0 obj/ap/iot_aes_pub.o
 .rela.text.uip_add32
                0x00000000        0x0 obj/ap/iot_aes_pub.o
 .rela.text.uip_ipchksum
                0x00000000        0x0 obj/ap/iot_aes_pub.o
 .rela.text.upper_layer_chksum
                0x00000000        0x0 obj/ap/iot_aes_pub.o
 .rela.text.uip_add_rcv_nxt
                0x00000000        0x0 obj/ap/iot_aes_pub.o
 .rela.ovlysec0
                0x00000000        0x0 obj/ap/iot_aes_pub.o
 .rela.text.uip_process
                0x00000000        0x0 obj/ap/iot_aes_pub.o
 .rela.text.uip_get_DestMAC
                0x00000000        0x0 obj/ap/iot_aes_pub.o
 .rela.text.uip_arp_update
                0x00000000        0x0 obj/ap/iot_aes_pub.o
 .rela.text.uip_arp_arpin
                0x00000000        0x0 obj/ap/iot_aes_pub.o
 .rela.text.uip_arp_out
                0x00000000        0x0 obj/ap/iot_aes_pub.o
 .rela.text.uip_arp_timer
                0x00000000        0x0 obj/ap/iot_aes_pub.o
 .rela.text.uip_arp_init
                0x00000000        0x0 obj/ap/iot_aes_pub.o
 .rela.text.copy_string
                0x00000000        0x0 obj/ap/iot_aes_pub.o
 .rela.text.senddata
                0x00000000        0x0 obj/ap/iot_aes_pub.o
 .rela.text.newdata
                0x00000000        0x0 obj/ap/iot_aes_pub.o
 .rela.text.wifi_rx_proc
                0x00000000        0x0 obj/ap/iot_aes_pub.o
 .rela.text.wifiTASK_LowPrioTask
                0x00000000        0x0 obj/ap/iot_aes_pub.o
 .rela.vector   0x00000000        0x0 obj/ap/iot_aes_pub.o
 .rela.startup  0x00000000        0x0 obj/ap/iot_aes_pub.o
 .rela.excepsysc
                0x00000000        0x0 obj/ap/iot_aes_pub.o
 .rela.ctxsw    0x00000000        0x0 obj/ap/iot_aes_pub.o
 .rela.text.overlayunload
                0x00000000        0x0 obj/ap/iot_aes_pub.o
 .rela.text.overlaycopy
                0x00000000        0x0 obj/ap/iot_aes_pub.o
 .rela.text.overlayload
                0x00000000        0x0 obj/ap/iot_aes_pub.o
 .rela.text.AsicEnableBssSync
                0x00000000        0x0 obj/ap/iot_aes_pub.o
 .rela.text.RTMPWriteTxWI
                0x00000000        0x0 obj/ap/iot_aes_pub.o
 .rela.text.APMakeBssBeacon
                0x00000000        0x0 obj/ap/iot_aes_pub.o
 .rela.text.APStartUp
                0x00000000        0x0 obj/ap/iot_aes_pub.o
 .rela.text.Config_SoftAP
                0x00000000        0x0 obj/ap/iot_aes_pub.o
 .rela.text.APMakeSoftBssBeacon
                0x00000000        0x0 obj/ap/iot_aes_pub.o
 .rela.text.PeerAssocReqSanity
                0x00000000        0x0 obj/ap/iot_aes_pub.o
 .rela.text.APAssocReqActionAndSend
                0x00000000        0x0 obj/ap/iot_aes_pub.o
 .rela.text.APPeerAuthSimpleRspGenAndSend
                0x00000000        0x0 obj/ap/iot_aes_pub.o
 .rela.text.APPeerAuthReqAction
                0x00000000        0x0 obj/ap/iot_aes_pub.o
 .rela.text.APSendProbeAction
                0x00000000        0x0 obj/ap/iot_aes_pub.o
 .rela.text.PreApCfgInit
                0x00000000        0x0 obj/ap/iot_aes_pub.o
 .rela.text.store_ap_cfg
                0x00000000        0x0 obj/ap/iot_aes_pub.o
 .rela.text.load_ap_cfg
                0x00000000        0x0 obj/ap/iot_aes_pub.o
 .rela.text.cnmTimerStopTimer
                0x00000000        0x0 obj/ap/iot_aes_pub.o
 .rela.text.cnmTimerSetTimer
                0x00000000        0x0 obj/ap/iot_aes_pub.o
 .rela.text.cnmTimerDoTimeOutCheck
                0x00000000        0x0 obj/ap/iot_aes_pub.o
 .rela.text.cnmTimerStartTimer
                0x00000000        0x0 obj/ap/iot_aes_pub.o
 .rela.text.cnmTimerDestroy
                0x00000000        0x0 obj/ap/iot_aes_pub.o
 .rela.text.IoT_software_pwm_handler
                0x00000000        0x0 obj/ap/iot_aes_pub.o
 .rela.text.IoT_software_pwm_init
                0x00000000        0x0 obj/ap/iot_aes_pub.o
 .rela.text.IoT_uart_input
                0x00000000        0x0 obj/ap/iot_aes_pub.o
 .rela.text.IoT_Cmd_Set_DBG_LVL
                0x00000000        0x0 obj/ap/iot_aes_pub.o
 .rela.text.apiQU_Dequeue
                0x00000000        0x0 obj/ap/iot_aes_pub.o
 .rela.text.apiQU_Enqueue
                0x00000000        0x0 obj/ap/iot_aes_pub.o
 .rela.ovlysec11
                0x00000000        0x0 obj/ap/iot_aes_pub.o
 .rela.text.dump_ram
                0x00000000        0x0 obj/ap/iot_aes_pub.o
 .rela.text.dump
                0x00000000        0x0 obj/ap/iot_aes_pub.o
 .rela.text.MT7681_ReadEEPROM
                0x00000000        0x0 obj/ap/iot_aes_pub.o
 .rela.text.rtmp_bbp_is_ready
                0x00000000        0x0 obj/ap/iot_aes_pub.o
 .rela.text.MT7681_eep_cfg
                0x00000000        0x0 obj/ap/iot_aes_pub.o
 .rela.text.AES_Key_Unwrap
                0x00000000        0x0 obj/ap/iot_aes_pub.o
 .rela.text.RT_AES_Encrypt
                0x00000000        0x0 obj/ap/iot_aes_pub.o
 .rela.text.AES_Key_Wrap
                0x00000000        0x0 obj/ap/iot_aes_pub.o
 .rela.text.RTMPWriteTxWI_Mgmt
                0x00000000        0x0 obj/ap/iot_aes_pub.o
 .rela.text.WriteSingleTxResource
                0x00000000        0x0 obj/ap/iot_aes_pub.o
 .rela.text.EnqueuePsPoll
                0x00000000        0x0 obj/ap/iot_aes_pub.o
 .rela.text.RTMPRawDataSanity
                0x00000000        0x0 obj/ap/iot_aes_pub.o
 .rela.text.STARxFrameClassVfy
                0x00000000        0x0 obj/ap/iot_aes_pub.o
 .rela.text.PeerBeaconAdvPwrSavingSanity
                0x00000000        0x0 obj/ap/iot_aes_pub.o
 .rela.text.ActHeaderInit
                0x00000000        0x0 obj/ap/iot_aes_pub.o
 .rela.text.MgtMacHeaderInit
                0x00000000        0x0 obj/ap/iot_aes_pub.o
 .rela.text.MakeOutgoingFrame
                0x00000000        0x0 obj/ap/iot_aes_pub.o
 .rela.text.OS_WAIT
                0x00000000        0x0 obj/ap/iot_aes_pub.o
 .rela.text.NextChannel
                0x00000000        0x0 obj/ap/iot_aes_pub.o
 .rela.text.RTMPCheckHt
                0x00000000        0x0 obj/ap/iot_aes_pub.o
 .rela.ovlysec3
                0x00000000        0x0 obj/ap/iot_aes_pub.o
 .rela.text.DoScan
                0x00000000        0x0 obj/ap/iot_aes_pub.o
 .rela.text.WAKEUP_HOST
                0x00000000        0x0 obj/ap/iot_aes_pub.o
 .rela.text.eEpPhysicalReadRegisters
                0x00000000        0x0 obj/ap/iot_aes_pub.o
 .rela.text.set_eEpGetFreeBlockCount_Proc
                0x00000000        0x0 obj/ap/iot_aes_pub.o
 .rela.text.set_eEpdump_Proc
                0x00000000        0x0 obj/ap/iot_aes_pub.o
 .rela.text.drvFCE_IntHdlr
                0x00000000        0x0 obj/ap/iot_aes_pub.o
 .rela.text.PdmaTxTsHdlr
                0x00000000        0x0 obj/ap/iot_aes_pub.o
 .rela.text.PdmaRxFsHdlr
                0x00000000        0x0 obj/ap/iot_aes_pub.o
 .rela.text.spi_flash_read
                0x00000000        0x0 obj/ap/iot_aes_pub.o
 .rela.text.kal_free_timer
                0x00000000        0x0 obj/ap/iot_aes_pub.o
 .rela.text.kal_stop_timer
                0x00000000        0x0 obj/ap/iot_aes_pub.o
 .rela.text.kal_start_timer
                0x00000000        0x0 obj/ap/iot_aes_pub.o
 .rela.text.SwTimerHandler
                0x00000000        0x0 obj/ap/iot_aes_pub.o
 .rela.text.UART_RecHandler
                0x00000000        0x0 obj/ap/iot_aes_pub.o
 .rela.text.UART_TrxHandler
                0x00000000        0x0 obj/ap/iot_aes_pub.o
 .rela.text.UART_LISR
                0x00000000        0x0 obj/ap/iot_aes_pub.o
 .rela.text.IoT_uart_AT_config
                0x00000000        0x0 obj/ap/iot_aes_pub.o
 .rela.text.UART_EnableTX
                0x00000000        0x0 obj/ap/iot_aes_pub.o
 .rela.text.UART_DisableTX
                0x00000000        0x0 obj/ap/iot_aes_pub.o
 .rela.text.UART_EnableRX
                0x00000000        0x0 obj/ap/iot_aes_pub.o
 .rela.text.UART_DisableRX
                0x00000000        0x0 obj/ap/iot_aes_pub.o
 .rela.text.UART_KbdHit
                0x00000000        0x0 obj/ap/iot_aes_pub.o
 .rela.text.sysKernelStart
                0x00000000        0x0 obj/ap/iot_aes_pub.o
 .rela.text.sysMutexLock
                0x00000000        0x0 obj/ap/iot_aes_pub.o
 .rela.text.sysMutexUnlock
                0x00000000        0x0 obj/ap/iot_aes_pub.o
 .rela.text.sysCALL_XcptHdlr
                0x00000000        0x0 obj/ap/iot_aes_pub.o
 .rela.text.sysCALL_SysCall0Hdlr
                0x00000000        0x0 obj/ap/iot_aes_pub.o
 .rela.text.sysTASK_ChkSignal
                0x00000000        0x0 obj/ap/iot_aes_pub.o
 .rela.text.sysTASK_LowPrioTask
                0x00000000        0x0 obj/ap/iot_aes_pub.o
 .rela.text.sysTASK_DeassertSignal
                0x00000000        0x0 obj/ap/iot_aes_pub.o
 .rela.text.sysTASK_AssertSignal
                0x00000000        0x0 obj/ap/iot_aes_pub.o
 .rela.text.sysTASK_WaitForSignal
                0x00000000        0x0 obj/ap/iot_aes_pub.o
 .rela.text.sysTASK_Dispatch
                0x00000000        0x0 obj/ap/iot_aes_pub.o
 .rela.text.vprintf
                0x00000000        0x0 obj/ap/iot_aes_pub.o
 .rela.text.vsprintf
                0x00000000        0x0 obj/ap/iot_aes_pub.o
 .rela.text.vprintf_help
                0x00000000        0x0 obj/ap/iot_aes_pub.o
 .rela.text.free
                0x00000000        0x0 obj/ap/iot_aes_pub.o
 .rela.text.__toupper
                0x00000000        0x0 obj/ap/iot_aes_pub.o
 .rela.text.simple_strtoul
                0x00000000        0x0 obj/ap/iot_aes_pub.o
 .rela.text.drvMCUCTL_IntrHdlr