Archive member included because of file (symbol)

./libandesrecovery.a(xip_ovly.o)
                              obj/recovery/tcpip/dhcpc.o (overlayload)
./libandesrecovery.a(cnm_timer.o)
                              obj/recovery/iot_custom.o (cnmTimerInitTimer)
./libandesrecovery.a(iot_crc16.o)
                              obj/recovery/iot_xmodem.o (crc_cal_by_bit)
./libandesrecovery.a(iot_io_cmd.o)
                              obj/recovery/iot_parse.o (IoT_gpio_output)
./libandesrecovery.a(iot_mgmt_cmd.o)
                              obj/recovery/iot_at_cmd.o (IoT_Cmd_LinkDown)
./libandesrecovery.a(iot_priv.o)
                              obj/recovery/iot_at_cmd.o (IoT_Xmodem_Update_FW_Stop)
./libandesrecovery.a(queue.o)
                              obj/recovery/iot_uplink.o (apiQU_Dequeue)
./libandesrecovery.a(app_nos_main.o)
                              ./libandesrecovery.a(iot_mgmt_cmd.o) (pAd)
./libandesrecovery.a(ate.o)   obj/recovery/iot_at_cmd.o (Set_ATE_TX_Cnt_Per_Speed)
./libandesrecovery.a(auth.o)  ./libandesrecovery.a(iot_mgmt_cmd.o) (MlmeDeauthReqAction)
./libandesrecovery.a(chip_init.o)
                              ./libandesrecovery.a(ate.o) (Reg_mac_add_init)
./libandesrecovery.a(crypt_aes.o)
                              obj/recovery/iot_aes_pub.o (RT_AES_Encrypt)
./libandesrecovery.a(rtmp_data.o)
                              obj/recovery/rtmp_data_pub.o (RTMPCheckRxError)
./libandesrecovery.a(rtmp_general.o)
                              ./libandesrecovery.a(auth.o) (MgtMacHeaderInit)
./libandesrecovery.a(scan.o)  obj/recovery/mt7681_ChSw_pub.o (rtmp_mac_set_ctrlch)
./libandesrecovery.a(smtcn.o)
                              obj/recovery/iot_custom.o (SMTCN_state_chg_init)
./libandesrecovery.a(wow.o)   ./libandesrecovery.a(chip_init.o) (RTMP_EnableTxRx)
./libandesrecovery.a(bsp.o)   obj/recovery/main_pub.o (BSP_Init)
./libandesrecovery.a(ee_efuse.o)
                              ./libandesrecovery.a(chip_init.o) (eEp_init)
./libandesrecovery.a(fce.o)   ./libandesrecovery.a(app_nos_main.o) (drvFCE_RegisterIntHdlr)
./libandesrecovery.a(pdma.o)  ./libandesrecovery.a(app_nos_main.o) (PdmaVrPortIntHdlr)
./libandesrecovery.a(spi-flash.o)
                              obj/recovery/spi-flash_pub.o (SPI_REG8)
./libandesrecovery.a(timer.o)
                              ./libandesrecovery.a(bsp.o) (drvTMR_Init)
./libandesrecovery.a(uart.o)  obj/recovery/iot_uart_rb.o (UART_PutUARTByte)
./libandesrecovery.a(uartlite.o)
                              obj/recovery/iot_xmodem.o (UART_PutChar)
./libandesrecovery.a(main.o)  obj/recovery/main_pub.o (sys_Init)
./libandesrecovery.a(xcpt.o)  cust/ctxsw.o (sysXCPT_XcptHdlr)
./libandesrecovery.a(initial.o)
                              obj/recovery/main_pub.o (sysKernelStart)
./libandesrecovery.a(mutex.o)
                              ./libandesrecovery.a(iot_priv.o) (SYSirq_Disable_Interrupts_Save_Flags)
./libandesrecovery.a(stack.o)
                              ./libandesrecovery.a(main.o) (sysStack)
./libandesrecovery.a(syscall.o)
                              ./libandesrecovery.a(mutex.o) (sysCALL)
./libandesrecovery.a(task.o)  cust/ctxsw.o (sysTaskingCtl)
./libandesrecovery.a(list.o)  ./libandesrecovery.a(queue.o) (apiInitListEntry)
./libandesrecovery.a(printf.o)
                              obj/recovery/iot_aes_pub.o (Printf_High)
./libandesrecovery.a(stdlib.o)
                              ./libandesrecovery.a(crypt_aes.o) (malloc)
./libandesrecovery.a(strcmp.o)
                              obj/recovery/iot_at_cmd_utility.o (strcmp)
./libandesrecovery.a(strcpy.o)
                              obj/recovery/tcpip/resolv.o (strcpy)
./libandesrecovery.a(strlen.o)
                              obj/recovery/iot_at_cmd.o (strlen)
./libandesrecovery.a(vsprintf.o)
                              obj/recovery/iot_at_cmd.o (simple_strtol)
./libandesrecovery.a(mcuctl.o)
                              ./libandesrecovery.a(uart.o) (drvMCUCTL_RegisterIntHdlr)
./libandesrecovery.a(mt7681_ChSw.o)
                              ./libandesrecovery.a(ate.o) (RF_WRITE8)
./libandesrecovery.a(wifi_ps.o)
                              ./libandesrecovery.a(main.o) (drvPBF_IntHdler)
./libandesrecovery.a(wifi_task.o)
                              obj/recovery/wifi_task_pub.o (SetRec2LoaderFlag)
./libandesrecovery.a(assoc.o)
                              ./libandesrecovery.a(wifi_task.o) (MlmeAssocReqAction)
./libandesrecovery.a(cmm_wpa.o)
                              ./libandesrecovery.a(wow.o) (GenericWowPatternCheck)
./libandesrecovery.a(crypt_hmac.o)
                              ./libandesrecovery.a(rtmp_data.o) (RT_HMAC_MD5)
./libandesrecovery.a(led.o)   ./libandesrecovery.a(wow.o) (LED_Fast_Blinking)
./libandesrecovery.a(random.o)
                              ./libandesrecovery.a(cmm_wpa.o) (apiRand)
./libandesrecovery.a(do_printf.o)
                              ./libandesrecovery.a(printf.o) (do_printf)
./libandesrecovery.a(fputs.o)
[...]
Memory Configuration

Name             Origin             Length             Attributes
SRAM             0x00000000         0x00010000         axw
ROM              0x00102000         0x00002000         axr
FLASH            0x00500000         0x00100000         axr
*default*        0x00000000         0xffffffff

Linker script and memory map

                0x00102d48                ARC4_Compute = 0x102d48
                0x00103e98                RT_MD5 = 0x103e98
                0x00102de0                RT_SHA1_Hash = 0x102de0
                0x0010252c                aes_mul_e = 0x10252c
                0x001026a4                memmove = 0x1026a4
                0x00103e54                RT_MD5_Init = 0x103e54
                0x0010242c                aes_mul_d = 0x10242c
                0x0010262c                SHA1_K = 0x10262c
                0x001026f0                memcpy = 0x1026f0
                0x00103d48                RT_MD5_End = 0x103d48
                0x0010263c                SHA1_DefaultHashValue = 0x10263c
                0x00103dc0                RT_MD5_Append = 0x103dc0
                0x001031bc                RT_SHA1 = 0x1031bc
                0x001027a0                RT_AES_KeyExpansion = 0x1027a0
                0x00102000                ROMBA = 0x102000
                0x00102cf0                ARC4_INIT = 0x102cf0
                0x00102fd8                RT_SHA1_End = 0x102fd8
                0x00102000                _SDA_BASE_ = 0x102000
                0x001026d4                memcmp = 0x1026d4
                0x0010271c                TKIP_GTK_KEY_WRAP = 0x10271c
                0x00102708                memset = 0x102708
                0x0010202c                aes_sbox_enc = 0x10202c
                0x00102650                MD5_DefaultHashValue = 0x102650
                0x0010222c                aes_mul_9 = 0x10222c
                0x00103178                RT_SHA1_Init = 0x103178
                0x00103ffe                ROMVersion = 0x103ffe
                0x001028ac                RT_AES_Decrypt = 0x1028ac
                0x00102000                aes_rcon = 0x102000
                0x001030e4                RT_SHA1_Append = 0x1030e4
                0x0010232c                aes_mul_b = 0x10232c
                0x00102660                strspn = 0x102660
                0x0010278c                TKIP_GTK_KEY_UNWRAP = 0x10278c
                0x00102da8                ARC4_Discard_KeyLength = 0x102da8
                0x001031fc                RT_MD5_Hash = 0x1031fc
                0x0010212c                aes_sbox_dec = 0x10212c
                0x00102684                strpbrk = 0x102684
                0x00102000                ROM_BASEADDR = 0x102000
                0x00002000                ROM_SIZE = 0x2000
                0x00102000                PROVIDE (_ROM_BASEADDR, ROM_BASEADDR)
                0x00002000                PROVIDE (_ROM_SIZE, ROM_SIZE)
                0x00000000                RAM_BASEADDR = 0x0
                0x00010000                RAM_SIZE = 0x10000
                0x00000000                PROVIDE (_RAM_BASEADDR, RAM_BASEADDR)
                0x00010000                PROVIDE (_RAM_SIZE, RAM_SIZE)
                0x00008000                HALF_SRAM_SIZE = 0x8000
                0x00000000                ILMBA = 0x0
                0x00008000                DLMBA = (0x0 + HALF_SRAM_SIZE)
                0x00102000                ROMBA = 0x102000
                0x00500000                FLASHBA = 0x500000
                0x00000000                PROVIDE (_ILMBA, ILMBA)
                0x00008000                PROVIDE (_DLMBA, DLMBA)
                0x0000ff00                STACK_ORIGIN = 0xff00
                0x00000000                GLOBAL_ORIGIN = ILMBA
                0x0000ff00                PROVIDE (_STACK_ORIGIN, STACK_ORIGIN)
                0x00000000                PROVIDE (_GLOBAL_ORIGIN, GLOBAL_ORIGIN)
                0x00000000                __ilm_start = .
                0x00000000                VECT_SECT_VMA = RAM_BASEADDR

.VECT           0x00000000       0x40
 *(.vector)
 .vector        0x00000000       0x40 cust/vectors.o
                0x00000000                _xcpt_vctr
                0x00000040                . = ALIGN (0x10)
                0x00000040                TEXT_SECT_VMA = .

.TEXT           0x00000040     0x8de8
 *(.Xcpt)
 .Xcpt          0x00000040        0x8 cust/ctxsw.o
                0x00000040                sysXcpt
 *(.ctxsw)
 .ctxsw         0x00000048       0x5c cust/ctxsw.o
                0x00000078                sysLoadCtx
                0x00000048                sysCtxSw
 *(.startup)
 .startup       0x000000a4       0x68 cust/startup.o
                0x000000a4                _startup
 *(.text)
 *(.text.*)
 .text.IoT_AT_cmd_resp_header
                0x0000010c       0x78 obj/recovery/iot_at_cmd.o
                0x0000010c                IoT_AT_cmd_resp_header
 .text.IoT_exec_AT_cmd_ver
                0x00000184       0xb0 obj/recovery/iot_at_cmd.o
                0x00000184                IoT_exec_AT_cmd_ver
 .text.IoT_exec_AT_cmd_reboot
                0x00000234       0x18 obj/recovery/iot_at_cmd.o
                0x00000234                IoT_exec_AT_cmd_reboot
 .text.IoT_exec_AT_cmd_ch_switch
                0x0000024c       0xf0 obj/recovery/iot_at_cmd.o
                0x0000024c                IoT_exec_AT_cmd_ch_switch
 .text.IoT_exec_AT_cmd_Efuse_Set
                0x0000033c      0x10c obj/recovery/iot_at_cmd.o
                0x0000033c                IoT_exec_AT_cmd_Efuse_Set
 .text.IoT_exec_AT_cmd_Flash_Set
                0x00000448      0x108 obj/recovery/iot_at_cmd.o
                0x00000448                IoT_exec_AT_cmd_Flash_Set
 .text.RTMPIoctlE2PROM
                0x00000550      0x184 obj/recovery/iot_at_cmd.o
                0x00000550                RTMPIoctlE2PROM
 .text.ATE_CMD_CALI_SET_HANDLE
                0x000006d4      0x3c4 obj/recovery/iot_at_cmd.o
                0x000006d4                ATE_CMD_CALI_SET_HANDLE
 .text.IoT_exec_AT_cmd_ATE_Cal
                0x00000a98       0xd4 obj/recovery/iot_at_cmd.o
                0x00000a98                IoT_exec_AT_cmd_ATE_Cal
 .text.IoT_parse_IWCmd
                0x00000b6c       0x2c obj/recovery/iot_at_cmd.o
                0x00000b6c                IoT_parse_IWCmd
 .text.IoT_exec_AT_cmd_ATE_Cal2
                0x00000b98      0x204 obj/recovery/iot_at_cmd.o
                0x00000b98                IoT_exec_AT_cmd_ATE_Cal2
 .text.IoT_exec_AT_cmd_uart
                0x00000d9c       0x1c obj/recovery/iot_at_cmd.o
                0x00000d9c                IoT_exec_AT_cmd_uart
 .text.IoT_parse_ATcommand
                0x00000db8      0x17c obj/recovery/iot_at_cmd.o
                0x00000db8                IoT_parse_ATcommand
 .text.strchr   0x00000f34       0x20 obj/recovery/iot_at_cmd_utility.o
                0x00000f34                strchr
 .text.split_string_cmd
                0x00000f54       0x60 obj/recovery/iot_at_cmd_utility.o
                0x00000f54                split_string_cmd
 .text.getopt   0x00000fb4      0x168 obj/recovery/iot_at_cmd_utility.o
                0x00000fb4                getopt
 .text.IoT_Cust_Ops
                0x0000111c       0x44 obj/recovery/iot_custom.o
                0x0000111c                IoT_Cust_Ops
 .text.default_uart_cfg
                0x00001160       0x24 obj/recovery/iot_custom.o
                0x00001160                default_uart_cfg
 .text.IoT_Cust_HW_Timer1_Hdlr
                0x00001184        0x4 obj/recovery/iot_custom.o
                0x00001184                IoT_Cust_HW_Timer1_Hdlr
 .text.IoT_Cust_Get_HW_Timer1_TICK_HZ
                0x00001188        0x4 obj/recovery/iot_custom.o
                0x00001188                IoT_Cust_Get_HW_Timer1_TICK_HZ
 .text.IoT_Cust_GPIINT_Hdlr
                0x0000118c       0x9c obj/recovery/iot_custom.o
                0x0000118c                IoT_Cust_GPIINT_Hdlr
 .text.IoT_Cust_SM_Smnt
                0x00001228       0x18 obj/recovery/iot_custom.o
                0x00001228                IoT_Cust_SM_Smnt
 .text.IoT_Cust_SMNT_Sta_Chg_Init
                0x00001240       0x18 obj/recovery/iot_custom.o
                0x00001240                IoT_Cust_SMNT_Sta_Chg_Init
 .text.reset_sta_cfg
                0x00001258       0x2c obj/recovery/iot_custom.o
                0x00001258                reset_sta_cfg
 .text.default_ip_cfg
                0x00001284       0x30 obj/recovery/iot_custom.o
                0x00001284                default_ip_cfg
 .text.reset_com_cfg
                0x000012b4       0xbc obj/recovery/iot_custom.o
                0x000012b4                reset_com_cfg
 .text.reset_usr_cfg
                0x00001370       0x88 obj/recovery/iot_custom.o
                0x00001370                reset_usr_cfg
 .text.reset_cfg
                0x000013f8       0x30 obj/recovery/iot_custom.o
                0x000013f8                reset_cfg
 .text.load_usr_cfg
                0x00001428       0x64 obj/recovery/iot_custom.o
                0x00001428                load_usr_cfg
 .text.load_com_cfg
                0x0000148c      0x16c obj/recovery/iot_custom.o
                0x0000148c                load_com_cfg
 .text.Pre_init_cfg
                0x000015f8       0x4c obj/recovery/iot_custom.o
                0x000015f8                Pre_init_cfg
 .text.CustTimer0TimeoutAction
                0x00001644       0x24 obj/recovery/iot_custom.o
                0x00001644                CustTimer0TimeoutAction
 .text.IoT_Cust_Init
                0x00001668       0x50 obj/recovery/iot_custom.o
                0x00001668                IoT_Cust_Init
 .text.IoT_Cust_Sub_Task
                0x000016b8       0x18 obj/recovery/iot_custom.o
                0x000016b8                IoT_Cust_Sub_Task
 .text.UARTRx_Buf_Init
                0x000016d0       0x24 obj/recovery/iot_uart_rb.o
                0x000016d0                UARTRx_Buf_Init
 .text.UART_Tx_Cb
                0x000016f4        0x4 obj/recovery/iot_uart_rb.o
                0x000016f4                UART_Tx_Cb
 .text.uart_customize_init
                0x000016f8       0x40 obj/recovery/iot_uart_rb.o
                0x000016f8                uart_customize_init
 .text.UART_Rx_Packet_Dispatch
                0x00001738       0xd8 obj/recovery/iot_uart_rb.o
                0x00001738                UART_Rx_Packet_Dispatch
 .text.UART_GetByte
                0x00001810       0x18 obj/recovery/iot_uart_rb.o
                0x00001810                UART_GetByte
 .text.UART_Rx_Cb
                0x00001828      0x1cc obj/recovery/iot_uart_rb.o
                0x00001828                UART_Rx_Cb
 .text.UART_PutBytes
                0x000019f4       0xe8 obj/recovery/iot_uart_rb.o
                0x000019f4                UART_PutBytes
 .text.port_inbyte
                0x00001adc       0x54 obj/recovery/iot_xmodem.o
                0x00001adc                port_inbyte
 .text.port_outbyte
                0x00001b30       0x1c obj/recovery/iot_xmodem.o
                0x00001b30                port_outbyte
 .text.crc16_ccitt
                0x00001b4c       0x1c obj/recovery/iot_xmodem.o
                0x00001b4c                crc16_ccitt
 .text.check    0x00001b68       0x54 obj/recovery/iot_xmodem.o
 .text.IoT_Xmodem_Update_FW
                0x00001bbc      0x300 obj/recovery/iot_xmodem.o
                0x00001bbc                IoT_Xmodem_Update_FW
 .text.main     0x00001ebc       0x88 obj/recovery/main_pub.o
                0x00001ebc                main
 .text.DelayTick
                0x00001f44        0xc obj/recovery/misc_pub.o
                0x00001f44                DelayTick
 .text.usecDelay
                0x00001f50       0x4c obj/recovery/misc_pub.o
                0x00001f50                usecDelay
 .text.msecDelay
                0x00001f9c       0x54 obj/recovery/misc_pub.o
                0x00001f9c                msecDelay
 .text.AsicSetChannel
                0x00001ff0       0x48 obj/recovery/mt7681_ChSw_pub.o
                0x00001ff0                AsicSetChannel
 .text.IoT_Cmd_Set_Channel
                0x00002038       0x28 obj/recovery/mt7681_ChSw_pub.o
                0x00002038                IoT_Cmd_Set_Channel
 .text.RxFsIntFilterOut
                0x00002060       0x5c obj/recovery/rtmp_data_pub.o
                0x00002060                RxFsIntFilterOut
 .text.STARxDoneInterruptHandle
                0x000020bc      0x120 obj/recovery/rtmp_data_pub.o
                0x000020bc                STARxDoneInterruptHandle
 .text.BeaconTimeoutAction
                0x000021dc       0x1c obj/recovery/rtmp_data_pub.o
                0x000021dc                BeaconTimeoutAction
 .text.reflect  0x000021f8       0x34 obj/recovery/spi-flash_pub.o
                0x000021f8                reflect
 .text.crc32    0x0000222c       0x68 obj/recovery/spi-flash_pub.o
                0x0000222c                crc32
 .text.spi_flash_update_fw_done
                0x00002294       0x24 obj/recovery/spi-flash_pub.o
                0x00002294                spi_flash_update_fw_done
 .text.spi_flash_page_write
                0x000022b8       0x88 obj/recovery/spi-flash_pub.o
 .text.spi_flash_write_func
                0x00002340       0x94 obj/recovery/spi-flash_pub.o
                0x00002340                spi_flash_write_func
 .text.spi_flash_erase_SE
                0x000023d4       0x6c obj/recovery/spi-flash_pub.o
                0x000023d4                spi_flash_erase_SE
 .text.spi_flash_write
                0x00002440      0x19c obj/recovery/spi-flash_pub.o
                0x00002440                spi_flash_write
 .text.spi_flash_update_fw
                0x000025dc      0x10c obj/recovery/spi-flash_pub.o
                0x000025dc                spi_flash_update_fw
 .text.check_data_valid
                0x000026e8       0x44 obj/recovery/wifi_task_pub.o
                0x000026e8                check_data_valid
 .text.wifi_rx_proc
                0x0000272c       0x5c obj/recovery/wifi_task_pub.o
                0x0000272c                wifi_rx_proc
 .text.wifiTASK_LowPrioTask
                0x00002788      0x16c obj/recovery/wifi_task_pub.o
                0x00002788                wifiTASK_LowPrioTask
 .text.overlayload
                0x000028f4        0x4 ./libandesrecovery.a(xip_ovly.o)
                0x000028f4                overlayload
 .text.overlayunload
                0x000028f8        0x4 ./libandesrecovery.a(xip_ovly.o)
                0x000028f8                overlayunload
 .text.cnmTimerInitTimer
                0x000028fc       0x10 ./libandesrecovery.a(cnm_timer.o)
                0x000028fc                cnmTimerInitTimer
 .text.cnmTimerStopTimer
                0x0000290c       0x40 ./libandesrecovery.a(cnm_timer.o)
                0x0000290c                cnmTimerStopTimer
 .text.cnmTimerSetTimer
                0x0000294c       0x3c ./libandesrecovery.a(cnm_timer.o)
 .text.cnmTimerDoTimeOutCheck
                0x00002988       0xb4 ./libandesrecovery.a(cnm_timer.o)
                0x00002988                cnmTimerDoTimeOutCheck
 .text.cnmTimerStartTimer
                0x00002a3c       0x98 ./libandesrecovery.a(cnm_timer.o)
                0x00002a3c                cnmTimerStartTimer
 .text.cnmTimerInitialize
                0x00002ad4       0x38 ./libandesrecovery.a(cnm_timer.o)
                0x00002ad4                cnmTimerInitialize
 .text.crc_cal_by_bit
                0x00002b0c       0x4c ./libandesrecovery.a(iot_crc16.o)
                0x00002b0c                crc_cal_by_bit
 .text.IoT_gpio_output
                0x00002b58       0xac ./libandesrecovery.a(iot_io_cmd.o)
                0x00002b58                IoT_gpio_output
 .text.IoT_software_pwm_handler
                0x00002c04        0x4 ./libandesrecovery.a(iot_io_cmd.o)
                0x00002c04                IoT_software_pwm_handler
 .text.IoT_uart_output
                0x00002c08       0x18 ./libandesrecovery.a(iot_io_cmd.o)
                0x00002c08                IoT_uart_output
 .text.IoT_Cmd_LinkDown
                0x00002c20       0x34 ./libandesrecovery.a(iot_mgmt_cmd.o)
                0x00002c20                IoT_Cmd_LinkDown
 .text.IoT_Xmodem_Update_FW_Stop
                0x00002c54       0x4c ./libandesrecovery.a(iot_priv.o)
                0x00002c54                IoT_Xmodem_Update_FW_Stop
 .text.IoT_Xmodem_Update_FW_Start
                0x00002ca0       0x48 ./libandesrecovery.a(iot_priv.o)
                0x00002ca0                IoT_Xmodem_Update_FW_Start
 .text.apiQU_Dequeue
                0x00002ce8       0x44 ./libandesrecovery.a(queue.o)
                0x00002ce8                apiQU_Dequeue
 .text.apiQU_Enqueue
                0x00002d2c       0x40 ./libandesrecovery.a(queue.o)
                0x00002d2c                apiQU_Enqueue
 .text.apiQU_Initialize
                0x00002d6c       0x58 ./libandesrecovery.a(queue.o)
                0x00002d6c                apiQU_Initialize
 .text.AES_Key_init
                0x00002dc4       0x68 ./libandesrecovery.a(app_nos_main.o)
                0x00002dc4                AES_Key_init
 .text.APP_Init
                0x00002e2c      0x114 ./libandesrecovery.a(app_nos_main.o)
                0x00002e2c                APP_Init
 .text.Set_ATE_TX_Cnt_Per_Speed
                0x00002f40       0x1c ./libandesrecovery.a(ate.o)
                0x00002f40                Set_ATE_TX_Cnt_Per_Speed
 .text.NICUpdateRawCounters
                0x00002f5c       0x88 ./libandesrecovery.a(ate.o)
                0x00002f5c                NICUpdateRawCounters
 .text.get_pkt_rssi_by_rxwi
                0x00002fe4       0x24 ./libandesrecovery.a(ate.o)
                0x00002fe4                get_pkt_rssi_by_rxwi
 .text.get_pkt_snr_by_rxwi
                0x00003008       0x10 ./libandesrecovery.a(ate.o)
                0x00003008                get_pkt_snr_by_rxwi
 .text.ConvertToRssi
                0x00003018      0x104 ./libandesrecovery.a(ate.o)
                0x00003018                ConvertToRssi
 .text.Update_Rssi_Sample
                0x0000311c      0x270 ./libandesrecovery.a(ate.o)
                0x0000311c                Update_Rssi_Sample
 .text.ATE_CMD_CALI_STAT
                0x0000338c      0x128 ./libandesrecovery.a(ate.o)
                0x0000338c                ATE_CMD_CALI_STAT
 .text.Set_ATE_RX_DURATION
                0x000034b4       0x48 ./libandesrecovery.a(ate.o)
                0x000034b4                Set_ATE_RX_DURATION
 .text.Set_ATE_TX_PAYLOAD_LEN
                0x000034fc       0x50 ./libandesrecovery.a(ate.o)
                0x000034fc                Set_ATE_TX_PAYLOAD_LEN
 .text.Set_ATE_TX_POWER
                0x0000354c       0xb4 ./libandesrecovery.a(ate.o)
                0x0000354c                Set_ATE_TX_POWER
 .text.Set_ATE_TX_Speed_Proc
                0x00003600       0x48 ./libandesrecovery.a(ate.o)
                0x00003600                Set_ATE_TX_Speed_Proc
 .text.Set_ATE_TX_COUNT_Proc
                0x00003648       0x48 ./libandesrecovery.a(ate.o)
                0x00003648                Set_ATE_TX_COUNT_Proc
 .text.Set_ATE_TX_GI_Proc
                0x00003690       0x48 ./libandesrecovery.a(ate.o)
                0x00003690                Set_ATE_TX_GI_Proc
 .text.Set_ATE_TX_MCS_Proc
                0x000036d8       0xb4 ./libandesrecovery.a(ate.o)
                0x000036d8                Set_ATE_TX_MCS_Proc
 .text.RXFRAME  0x0000378c       0x80 ./libandesrecovery.a(ate.o)
                0x0000378c                RXFRAME
 .text.Set_ATE_TX_MODE_Proc
                0x0000380c       0xcc ./libandesrecovery.a(ate.o)
                0x0000380c                Set_ATE_TX_MODE_Proc
 .text.Set_ATE_Efuse_Read
                0x000038d8       0x5c ./libandesrecovery.a(ate.o)
                0x000038d8                Set_ATE_Efuse_Read
 .text.Set_ATE_Efuse_Write
                0x00003934       0x90 ./libandesrecovery.a(ate.o)
                0x00003934                Set_ATE_Efuse_Write
 .text.Set_ResetStatCounter_Proc
                0x000039c4       0x9c ./libandesrecovery.a(ate.o)
                0x000039c4                Set_ResetStatCounter_Proc
 .text.ATE_INIT
                0x00003a60       0xac ./libandesrecovery.a(ate.o)
                0x00003a60                ATE_INIT
 .text.Set_ATE_TX_FREQ_OFFSET_Proc
                0x00003b0c       0x6c ./libandesrecovery.a(ate.o)
                0x00003b0c                Set_ATE_TX_FREQ_OFFSET_Proc
 .text.MT7681_Set_ATE_TX_BW_Proc
                0x00003b78       0xbc ./libandesrecovery.a(ate.o)
                0x00003b78                MT7681_Set_ATE_TX_BW_Proc
 .text.Set_ATE_Switch_CH
                0x00003c34       0x28 ./libandesrecovery.a(ate.o)
                0x00003c34                Set_ATE_Switch_CH
 .text.ATE_RXFRAME
                0x00003c5c       0x90 ./libandesrecovery.a(ate.o)
                0x00003c5c                ATE_RXFRAME
 .text.ATE_TXFRAME
                0x00003cec       0x80 ./libandesrecovery.a(ate.o)
                0x00003cec                ATE_TXFRAME
 .text.ATESTART
                0x00003d6c      0x1a0 ./libandesrecovery.a(ate.o)
                0x00003d6c                ATESTART
 .text.ATE_STOP
                0x00003f0c       0x50 ./libandesrecovery.a(ate.o)
                0x00003f0c                ATE_STOP
 .text.SendATETxDataFrame
                0x00003f5c       0xa4 ./libandesrecovery.a(ate.o)
                0x00003f5c                SendATETxDataFrame
 .text.ATEPeriodicExec
                0x00004000      0x190 ./libandesrecovery.a(ate.o)
                0x00004000                ATEPeriodicExec
 .text.MlmeDeauthReqAction
                0x00004190       0x80 ./libandesrecovery.a(auth.o)
                0x00004190                MlmeDeauthReqAction
 .text.sysDelay1u
                0x00004210       0x10 ./libandesrecovery.a(chip_init.o)
 .text.Reg_mac_add_init
                0x00004220       0x48 ./libandesrecovery.a(chip_init.o)
                0x00004220                Reg_mac_add_init
 .text.Reg_bssid_init
                0x00004268       0x38 ./libandesrecovery.a(chip_init.o)
                0x00004268                Reg_bssid_init
 .text.NICInitMT7681MacRegisters
                0x000042a0       0x6c ./libandesrecovery.a(chip_init.o)
                0x000042a0                NICInitMT7681MacRegisters
 .text.clean_key_tb
                0x0000430c       0x50 ./libandesrecovery.a(chip_init.o)
                0x0000430c                clean_key_tb
 .text.Sys_reboot
                0x0000435c       0xb8 ./libandesrecovery.a(chip_init.o)
                0x0000435c                Sys_reboot
 .text.MT7681_AsicExtraPowerOverMAC
                0x00004414       0x3c ./libandesrecovery.a(chip_init.o)
                0x00004414                MT7681_AsicExtraPowerOverMAC
 .text.MT7681_ReadEEPROM
                0x00004450       0x50 ./libandesrecovery.a(chip_init.o)
                0x00004450                MT7681_ReadEEPROM
 .text.MT7681_ReadTxPwrPerRate
                0x000044a0      0x198 ./libandesrecovery.a(chip_init.o)
                0x000044a0                MT7681_ReadTxPwrPerRate
 .text.wait_bbp_rf_wakeup
                0x00004638       0x3c ./libandesrecovery.a(chip_init.o)
                0x00004638                wait_bbp_rf_wakeup
 .text.MT7681_RXDC_CAL
                0x00004674       0xe0 ./libandesrecovery.a(chip_init.o)
                0x00004674                MT7681_RXDC_CAL
 .text.MT7681_INIT_CAL
                0x00004754       0x64 ./libandesrecovery.a(chip_init.o)
                0x00004754                MT7681_INIT_CAL
 .text.rtmp_bbp_is_ready
                0x000047b8       0x58 ./libandesrecovery.a(chip_init.o)
                0x000047b8                rtmp_bbp_is_ready
 .text.NICInitMT7681BbpRegisters
                0x00004810       0x64 ./libandesrecovery.a(chip_init.o)
                0x00004810                NICInitMT7681BbpRegisters
 .text.MT7681_eep_cfg2
                0x00004874      0x184 ./libandesrecovery.a(chip_init.o)
                0x00004874                MT7681_eep_cfg2
 .text.NICInitMT7681RFRegisters
                0x000049f8       0x8c ./libandesrecovery.a(chip_init.o)
                0x000049f8                NICInitMT7681RFRegisters
 .text.chip_reg_init
                0x00004a84       0xf0 ./libandesrecovery.a(chip_init.o)
                0x00004a84                chip_reg_init
 .text.RTMPCheckRxError
                0x00004b74       0x14 ./libandesrecovery.a(rtmp_data.o)
                0x00004b74                RTMPCheckRxError
 .text.RTMPWriteTxWI_Data
                0x00004b88      0x188 ./libandesrecovery.a(rtmp_data.o)
                0x00004b88                RTMPWriteTxWI_Data
 .text.RTMPWriteTxWI_Mgmt
                0x00004d10       0xb0 ./libandesrecovery.a(rtmp_data.o)
                0x00004d10                RTMPWriteTxWI_Mgmt
 .text.STABuildCommon802_11Header
                0x00004dc0      0x110 ./libandesrecovery.a(rtmp_data.o)
                0x00004dc0                STABuildCommon802_11Header
 .text.WriteSingleTxResource
                0x00004ed0       0x48 ./libandesrecovery.a(rtmp_data.o)
                0x00004ed0                WriteSingleTxResource
 .text.MiniportMMRequest
                0x00004f18       0x84 ./libandesrecovery.a(rtmp_data.o)
                0x00004f18                MiniportMMRequest
 .text.STA_Legacy_Frame_Tx
                0x00004f9c       0xdc ./libandesrecovery.a(rtmp_data.o)
                0x00004f9c                STA_Legacy_Frame_Tx
 .text.MgtMacHeaderInit
                0x00005078       0x78 ./libandesrecovery.a(rtmp_general.o)
                0x00005078                MgtMacHeaderInit
 .text.MakeOutgoingFrame
                0x000050f0       0x4c ./libandesrecovery.a(rtmp_general.o)
                0x000050f0                MakeOutgoingFrame
 .text.rtmp_mac_set_ctrlch
                0x0000513c       0x2c ./libandesrecovery.a(scan.o)
                0x0000513c                rtmp_mac_set_ctrlch
 .text.SCAN_Initialization
                0x00005168       0x30 ./libandesrecovery.a(scan.o)
                0x00005168                SCAN_Initialization
 .text.rtmp_bbp_set_ctrlch
                0x00005198       0x54 ./libandesrecovery.a(scan.o)
                0x00005198                rtmp_bbp_set_ctrlch
 .text.reset_smnt_set
                0x000051ec       0x2c ./libandesrecovery.a(smtcn.o)
                0x000051ec                reset_smnt_set
 .text.reset_smnt_info
                0x00005218       0x50 ./libandesrecovery.a(smtcn.o)
                0x00005218                reset_smnt_info
 .text.SMTCNfsm_rst
                0x00005268       0x4c ./libandesrecovery.a(smtcn.o)
                0x00005268                SMTCNfsm_rst
 .text.SMTCNfsm_init
                0x000052b4       0x30 ./libandesrecovery.a(smtcn.o)
                0x000052b4                SMTCNfsm_init
 .text.SMTCN_state_chg_init
                0x000052e4       0x58 ./libandesrecovery.a(smtcn.o)
                0x000052e4                SMTCN_state_chg_init
 .text.SMTCN_process
                0x0000533c       0x88 ./libandesrecovery.a(smtcn.o)
                0x0000533c                SMTCN_process
 .text.RTMP_EnableTxRx
                0x000053c4       0x10 ./libandesrecovery.a(wow.o)
                0x000053c4                RTMP_EnableTxRx
 .text.WOW_Initialization
                0x000053d4       0x60 ./libandesrecovery.a(wow.o)
                0x000053d4                WOW_Initialization
 .text.BSP_Init
                0x00005434       0xe8 ./libandesrecovery.a(bsp.o)
                0x00005434                BSP_Init
 .text.eEpWritePhysical
                0x0000551c      0x1a4 ./libandesrecovery.a(ee_efuse.o)
 .text.eEpReadRegisters
                0x000056c0       0xf4 ./libandesrecovery.a(ee_efuse.o)
                0x000056c0                eEpReadRegisters
 .text.rtmp_eep_read16
                0x000057b4       0x20 ./libandesrecovery.a(ee_efuse.o)
                0x000057b4                rtmp_eep_read16
 .text.eEpReadPhysical
                0x000057d4       0x38 ./libandesrecovery.a(ee_efuse.o)
 .text.eEpRead  0x0000580c       0x38 ./libandesrecovery.a(ee_efuse.o)
                0x0000580c                eEpRead
 .text.eEpWrite
                0x00005844      0x3ac ./libandesrecovery.a(ee_efuse.o)
                0x00005844                eEpWrite
 .text.rtmp_eep_write16
                0x00005bf0       0x2c ./libandesrecovery.a(ee_efuse.o)
                0x00005bf0                rtmp_eep_write16
 .text.drvFCE_RegisterIntHdlr
                0x00005c1c       0x34 ./libandesrecovery.a(fce.o)
                0x00005c1c                drvFCE_RegisterIntHdlr
 .text.drvFCE_IntHdlr
                0x00005c50       0x8c ./libandesrecovery.a(fce.o)
                0x00005c50                drvFCE_IntHdlr
 .text.drvFCE_Initialize
                0x00005cdc       0xc0 ./libandesrecovery.a(fce.o)
                0x00005cdc                drvFCE_Initialize
 .text.PdmaVrPortIntHdlr
                0x00005d9c       0xf4 ./libandesrecovery.a(pdma.o)
                0x00005d9c                PdmaVrPortIntHdlr
 .text.PdmaVtPortIntHdlr
                0x00005e90      0x100 ./libandesrecovery.a(pdma.o)
                0x00005e90                PdmaVtPortIntHdlr
 .text.rlk_fce_txts_hard_xmit
                0x00005f90      0x138 ./libandesrecovery.a(pdma.o)
                0x00005f90                rlk_fce_txts_hard_xmit
 .text.PdmaTxTsHdlr
                0x000060c8       0x70 ./libandesrecovery.a(pdma.o)
                0x000060c8                PdmaTxTsHdlr
 .text.TxTsIntHdlr
                0x00006138       0x18 ./libandesrecovery.a(pdma.o)
                0x00006138                TxTsIntHdlr
 .text.PdmaRxFsHdlr
                0x00006150      0x108 ./libandesrecovery.a(pdma.o)
                0x00006150                PdmaRxFsHdlr
 .text.RxFsIntHdlr
                0x00006258       0x18 ./libandesrecovery.a(pdma.o)
                0x00006258                RxFsIntHdlr
 .text.drvPDMA_TxInitialize
                0x00006270       0x4c ./libandesrecovery.a(pdma.o)
                0x00006270                drvPDMA_TxInitialize
 .text.drvPDMA_RxInitialize
                0x000062bc       0x80 ./libandesrecovery.a(pdma.o)
                0x000062bc                drvPDMA_RxInitialize
 .text.SPI_REG8
                0x0000633c       0x10 ./libandesrecovery.a(spi-flash.o)
                0x0000633c                SPI_REG8
 .text.SPI_READOUT
                0x0000634c        0xc ./libandesrecovery.a(spi-flash.o)
                0x0000634c                SPI_READOUT
 .text.WAIT_OP_DONE_PUB
                0x00006358       0x10 ./libandesrecovery.a(spi-flash.o)
                0x00006358                WAIT_OP_DONE_PUB
 .text.spi_flash_read
                0x00006368       0x28 ./libandesrecovery.a(spi-flash.o)
                0x00006368                spi_flash_read
 .text.drvTMR_Init
                0x00006390       0x14 ./libandesrecovery.a(timer.o)
                0x00006390                drvTMR_Init
 .text.kal_get_systime
                0x000063a4        0xc ./libandesrecovery.a(timer.o)
                0x000063a4                kal_get_systime
 .text.sys_init_timer
                0x000063b0       0x38 ./libandesrecovery.a(timer.o)
                0x000063b0                sys_init_timer
 .text.kal_stop_timer
                0x000063e8       0x84 ./libandesrecovery.a(timer.o)
                0x000063e8                kal_stop_timer
 .text.kal_start_timer
                0x0000646c      0x104 ./libandesrecovery.a(timer.o)
                0x0000646c                kal_start_timer
 .text.kal_create_timer
                0x00006570       0x58 ./libandesrecovery.a(timer.o)
                0x00006570                kal_create_timer
 .text.SwTimerHandler
                0x000065c8       0x30 ./libandesrecovery.a(timer.o)
                0x000065c8                SwTimerHandler
 .text.drvTMR_Tick_Init
                0x000065f8       0x40 ./libandesrecovery.a(timer.o)
                0x000065f8                drvTMR_Tick_Init
 .text.hw_timer1_IntHdler
                0x00006638       0x3c ./libandesrecovery.a(timer.o)
                0x00006638                hw_timer1_IntHdler
 .text.drvTMR_IntHdler
                0x00006674       0x4c ./libandesrecovery.a(timer.o)
                0x00006674                drvTMR_IntHdler
 .text.UART_PutUARTByte
                0x000066c0       0x20 ./libandesrecovery.a(uart.o)
                0x000066c0                UART_PutUARTByte
 .text.UART_SetBaudRate
                0x000066e0       0x28 ./libandesrecovery.a(uart.o)
                0x000066e0                UART_SetBaudRate
 .text._UART_GetByte
                0x00006708       0x24 ./libandesrecovery.a(uart.o)
                0x00006708                _UART_GetByte
 .text.UART_RecHandler
                0x0000672c       0x38 ./libandesrecovery.a(uart.o)
                0x0000672c                UART_RecHandler
 .text.UART_Register_TX_cb
                0x00006764        0xc ./libandesrecovery.a(uart.o)
                0x00006764                UART_Register_TX_cb
 .text.UART_Register_RX_cb
                0x00006770        0xc ./libandesrecovery.a(uart.o)
                0x00006770                UART_Register_RX_cb
 .text.UART_TrxHandler
                0x0000677c       0xbc ./libandesrecovery.a(uart.o)
                0x0000677c                UART_TrxHandler
 .text.UART_LISR
                0x00006838       0x48 ./libandesrecovery.a(uart.o)
                0x00006838                UART_LISR
 .text.UART_SetDCBConfig
                0x00006880       0xe8 ./libandesrecovery.a(uart.o)
                0x00006880                UART_SetDCBConfig
 .text.IoT_uart_AT_config
                0x00006968      0x144 ./libandesrecovery.a(uart.o)
                0x00006968                IoT_uart_AT_config
 .text.UART_Configure_From_Flash
                0x00006aac       0x3c ./libandesrecovery.a(uart.o)
                0x00006aac                UART_Configure_From_Flash
 .text.UART_HWInit
                0x00006ae8       0x5c ./libandesrecovery.a(uart.o)
                0x00006ae8                UART_HWInit
 .text.UART_EnableTX
                0x00006b44       0x38 ./libandesrecovery.a(uart.o)
                0x00006b44                UART_EnableTX
 .text.UART_DisableTX
                0x00006b7c       0x3c ./libandesrecovery.a(uart.o)
                0x00006b7c                UART_DisableTX
 .text.UART_EnableRX
                0x00006bb8       0x38 ./libandesrecovery.a(uart.o)
                0x00006bb8                UART_EnableRX
 .text.UART_DisableRX
                0x00006bf0       0x3c ./libandesrecovery.a(uart.o)
                0x00006bf0                UART_DisableRX
 .text.UART_Open
                0x00006c2c       0x38 ./libandesrecovery.a(uart.o)
                0x00006c2c                UART_Open
 .text.UART_PutChar
                0x00006c64       0x18 ./libandesrecovery.a(uartlite.o)
                0x00006c64                UART_PutChar
 .text.UART_GetChar
                0x00006c7c       0x20 ./libandesrecovery.a(uartlite.o)
                0x00006c7c                UART_GetChar
 .text.UART_Init
                0x00006c9c       0x94 ./libandesrecovery.a(uartlite.o)
                0x00006c9c                UART_Init
 .text.sys_Init
                0x00006d30       0xa0 ./libandesrecovery.a(main.o)
                0x00006d30                sys_Init
 .text.sysTASK_RegTask
                0x00006dd0       0x50 ./libandesrecovery.a(main.o)
                0x00006dd0                sysTASK_RegTask
 .text.sysXCPT_XcptHdlr
                0x00006e20       0x18 ./libandesrecovery.a(xcpt.o)
                0x00006e20                sysXCPT_XcptHdlr
 .text.sysXCPT_RegisterHdlr
                0x00006e38       0x10 ./libandesrecovery.a(xcpt.o)
                0x00006e38                sysXCPT_RegisterHdlr
 .text.sysXCPT_ResetXcptHdlr
                0x00006e48        0x4 ./libandesrecovery.a(xcpt.o)
 .text.sysXCPT_TlbFillXcptHdlr
                0x00006e4c        0x4 ./libandesrecovery.a(xcpt.o)
 .text.sysXCPT_PteNotPresentXcptHdlr
                0x00006e50        0x4 ./libandesrecovery.a(xcpt.o)
 .text.sysXCPT_TlbMiscXcptHdlr
                0x00006e54        0x4 ./libandesrecovery.a(xcpt.o)
 .text.sysXCPT_TlbVlptMissXcptHdlr
                0x00006e58        0x4 ./libandesrecovery.a(xcpt.o)
 .text.sysXCPT_MachineErrXcptHdlr
                0x00006e5c        0x4 ./libandesrecovery.a(xcpt.o)
 .text.sysXCPT_DebugRelatedXcptHdlr
                0x00006e60        0x4 ./libandesrecovery.a(xcpt.o)
 .text.sysXCPT_GeneralXcptHdlr
                0x00006e64        0x4 ./libandesrecovery.a(xcpt.o)
 .text.sysXCPT_SysCallXcptHdlr
                0x00006e68        0x4 ./libandesrecovery.a(xcpt.o)
 .text.sysXCPT_Hw0IntrHdlr
                0x00006e6c        0x4 ./libandesrecovery.a(xcpt.o)
 .text.sysXCPT_Hw1IntrHdlr
                0x00006e70        0x4 ./libandesrecovery.a(xcpt.o)
 .text.sysXCPT_Hw2IntrHdlr
                0x00006e74        0x4 ./libandesrecovery.a(xcpt.o)
 .text.sysXCPT_Hw3IntrHdlr
                0x00006e78        0x4 ./libandesrecovery.a(xcpt.o)
 .text.sysXCPT_Hw4IntrHdlr
                0x00006e7c        0x4 ./libandesrecovery.a(xcpt.o)
 .text.sysXCPT_Hw5IntrHdlr
                0x00006e80        0x4 ./libandesrecovery.a(xcpt.o)
 .text.sysXCPT_SwIntrHdlr
                0x00006e84        0x4 ./libandesrecovery.a(xcpt.o)
 .text.sysKernelStart
                0x00006e88       0x18 ./libandesrecovery.a(initial.o)
                0x00006e88                sysKernelStart
 .text.SYSirq_Disable_Interrupts_Save_Flags
                0x00006ea0       0x14 ./libandesrecovery.a(mutex.o)
                0x00006ea0                SYSirq_Disable_Interrupts_Save_Flags
 .text.SYSirq_Interrupts_Restore_Flags
                0x00006eb4       0x18 ./libandesrecovery.a(mutex.o)
                0x00006eb4                SYSirq_Interrupts_Restore_Flags
 .text.sysTASK_LowPrioTask
                0x00006ecc       0x3c ./libandesrecovery.a(task.o)
                0x00006ecc                sysTASK_LowPrioTask
 .text.sysTASK_DeassertSignal
                0x00006f08       0x44 ./libandesrecovery.a(task.o)
                0x00006f08                sysTASK_DeassertSignal
 .text.sysTASK_AssertSignal
                0x00006f4c       0x40 ./libandesrecovery.a(task.o)
                0x00006f4c                sysTASK_AssertSignal
 .text.sysTASK_RegisterLowPrioTask
                0x00006f8c       0x3c ./libandesrecovery.a(task.o)
                0x00006f8c                sysTASK_RegisterLowPrioTask
 .text.sysTASK_CreateTask
                0x00006fc8       0x4c ./libandesrecovery.a(task.o)
                0x00006fc8                sysTASK_CreateTask
 .text.apiInitListEntry
                0x00007014        0x8 ./libandesrecovery.a(list.o)
                0x00007014                apiInitListEntry
 .text.apiInsertListEntry
                0x0000701c        0xc ./libandesrecovery.a(list.o)
                0x0000701c                apiInsertListEntry
 .text.apiInsertTailEntry
                0x00007028       0x20 ./libandesrecovery.a(list.o)
                0x00007028                apiInsertTailEntry
 .text.apiRemoveHeadEntry
                0x00007048       0x1c ./libandesrecovery.a(list.o)
                0x00007048                apiRemoveHeadEntry
 .text.vprintf  0x00007064       0x24 ./libandesrecovery.a(printf.o)
                0x00007064                vprintf
 .text.Printf_High
                0x00007088       0x34 ./libandesrecovery.a(printf.o)
                0x00007088                Printf_High
 .text.vprintf_help
                0x000070bc       0x1c ./libandesrecovery.a(printf.o)
 .text.strcmp   0x000070d8       0x20 ./libandesrecovery.a(strcmp.o)
                0x000070d8                strcmp
 .text.strlen   0x000070f8       0x10 ./libandesrecovery.a(strlen.o)
                0x000070f8                strlen
 .text.__toupper
                0x00007108       0x1c ./libandesrecovery.a(vsprintf.o)
 .text.simple_strtoul
                0x00007124       0xe4 ./libandesrecovery.a(vsprintf.o)
                0x00007124                simple_strtoul
 .text.simple_strtol
                0x00007208       0x2c ./libandesrecovery.a(vsprintf.o)
                0x00007208                simple_strtol
 .text.drvMCUCTL_RegisterIntHdlr
                0x00007234       0x24 ./libandesrecovery.a(mcuctl.o)
                0x00007234                drvMCUCTL_RegisterIntHdlr
 .text.drvMCUCTL_IntrHdlr
                0x00007258       0xc4 ./libandesrecovery.a(mcuctl.o)
                0x00007258                drvMCUCTL_IntrHdlr
 .text.sysDelayxu
                0x0000731c       0x18 ./libandesrecovery.a(mt7681_ChSw.o)
 .text.RF_READ  0x00007334       0xb8 ./libandesrecovery.a(mt7681_ChSw.o)
                0x00007334                RF_READ
 .text.RF_WRITE
                0x000073ec       0x84 ./libandesrecovery.a(mt7681_ChSw.o)
                0x000073ec                RF_WRITE
 .text.RF_WRITE8
                0x00007470       0x20 ./libandesrecovery.a(mt7681_ChSw.o)
                0x00007470                RF_WRITE8
 .text.BBP_READ
                0x00007490       0x78 ./libandesrecovery.a(mt7681_ChSw.o)
                0x00007490                BBP_READ
 .text.BBP_WRITE
                0x00007508       0x54 ./libandesrecovery.a(mt7681_ChSw.o)
                0x00007508                BBP_WRITE
 .text.TXDCOCCalibration
                0x0000755c       0x9c ./libandesrecovery.a(mt7681_ChSw.o)
                0x0000755c                TXDCOCCalibration
 .text.Config_ChannelInfo
                0x000075f8       0x54 ./libandesrecovery.a(mt7681_ChSw.o)
                0x000075f8                Config_ChannelInfo
 .text.VCO_Calibration
                0x0000764c       0x48 ./libandesrecovery.a(mt7681_ChSw.o)
                0x0000764c                VCO_Calibration
 .text.CaliPeriodExec
                0x00007694       0x40 ./libandesrecovery.a(mt7681_ChSw.o)
                0x00007694                CaliPeriodExec
 .text.T.215    0x000076d4       0x58 ./libandesrecovery.a(mt7681_ChSw.o)
 .text.rtmp_bbp_set_bw
                0x0000772c       0xc8 ./libandesrecovery.a(mt7681_ChSw.o)
                0x0000772c                rtmp_bbp_set_bw
 .text.RCalibration
                0x000077f4      0x248 ./libandesrecovery.a(mt7681_ChSw.o)
                0x000077f4                RCalibration
 .text.BWCalibration
                0x00007a3c      0xa8c ./libandesrecovery.a(mt7681_ChSw.o)
                0x00007a3c                BWCalibration
 .text.AsicSwitchChannel
                0x000084c8      0x378 ./libandesrecovery.a(mt7681_ChSw.o)
                0x000084c8                AsicSwitchChannel
 .text.drvPBF_IntHdler
                0x00008840       0x18 ./libandesrecovery.a(wifi_ps.o)
                0x00008840                drvPBF_IntHdler
 .text.SetRec2LoaderFlag
                0x00008858       0x20 ./libandesrecovery.a(wifi_task.o)
                0x00008858                SetRec2LoaderFlag
 .text.GetQueueInfo
                0x00008878        0xc ./libandesrecovery.a(wifi_task.o)
                0x00008878                GetQueueInfo
 .text.GetFceIntStat
                0x00008884        0xc ./libandesrecovery.a(wifi_task.o)
                0x00008884                GetFceIntStat
 .text.GetMsTimer
                0x00008890        0xc ./libandesrecovery.a(wifi_task.o)
                0x00008890                GetMsTimer
 .text.StorePhyMode
                0x0000889c        0xc ./libandesrecovery.a(wifi_task.o)
                0x0000889c                StorePhyMode
 .text.wifi_state_chg
                0x000088a8      0x12c ./libandesrecovery.a(wifi_task.o)
                0x000088a8                wifi_state_chg
 .text.handle_FCE_interrupt
                0x000089d4       0x64 ./libandesrecovery.a(wifi_task.o)
                0x000089d4                handle_FCE_interrupt
 .text.drvGPIO_IntHdler
                0x00008a38       0x44 ./libandesrecovery.a(led.o)
                0x00008a38                drvGPIO_IntHdler
 .text.T.3      0x00008a7c       0x48 ./libandesrecovery.a(led.o)
 .text.GPIOInitialize
                0x00008ac4       0x34 ./libandesrecovery.a(led.o)
                0x00008ac4                GPIOInitialize
 .text.do_printf
                0x00008af8      0x2e8 ./libandesrecovery.a(do_printf.o)
                0x00008af8                do_printf
 .text.fputc    0x00008de0       0x2c ./libandesrecovery.a(fputs.o)
                0x00008de0                fputc
 .text.putchar  0x00008e0c       0x1c ./libandesrecovery.a(fputs.o)
                0x00008e0c                putchar

.rela.dyn       0x00008e28        0x0
 .rela.text.AES_CBC_Decrypt
                0x00000000        0x0 obj/recovery/iot_aes_pub.o
 .rela.text.AES_ECB_DecryTest
                0x00000000        0x0 obj/recovery/iot_aes_pub.o
 .rela.text.AES_CBC_Encrypt
                0x00000000        0x0 obj/recovery/iot_aes_pub.o
 .rela.text.AES_ECB_EncryTest
                0x00000000        0x0 obj/recovery/iot_aes_pub.o
 .rela.rodata.cst4
                0x00000000        0x0 obj/recovery/iot_aes_pub.o
 .rela.text.AES_Sample
                0x00000000        0x0 obj/recovery/iot_aes_pub.o
 .rela.text.IoT_AT_cmd_resp_header
                0x00000000        0x0 obj/recovery/iot_aes_pub.o
 .rela.text.IoT_exec_AT_cmd_ver
                0x00000000        0x0 obj/recovery/iot_aes_pub.o
 .rela.text.IoT_exec_AT_cmd_reboot
                0x00000000        0x0 obj/recovery/iot_aes_pub.o
 .rela.text.IoT_exec_AT_cmd_ch_switch
                0x00000000        0x0 obj/recovery/iot_aes_pub.o
 .rela.text.IoT_exec_AT_cmd_Efuse_Set
                0x00000000        0x0 obj/recovery/iot_aes_pub.o
 .rela.text.IoT_exec_AT_cmd_Flash_Set
                0x00000000        0x0 obj/recovery/iot_aes_pub.o
 .rela.text.RTMPIoctlE2PROM
                0x00000000        0x0 obj/recovery/iot_aes_pub.o
 .rela.text.ATE_CMD_CALI_SET_HANDLE
                0x00000000        0x0 obj/recovery/iot_aes_pub.o
 .rela.text.IoT_exec_AT_cmd_ATE_Cal
                0x00000000        0x0 obj/recovery/iot_aes_pub.o
 .rela.text.IoT_parse_IWCmd
                0x00000000        0x0 obj/recovery/iot_aes_pub.o
 .rela.text.IoT_exec_AT_cmd_ATE_Cal2
                0x00000000        0x0 obj/recovery/iot_aes_pub.o
 .rela.text.IoT_exec_AT_cmd_uart
                0x00000000        0x0 obj/recovery/iot_aes_pub.o
 .rela.text.IoT_parse_ATcommand
                0x00000000        0x0 obj/recovery/iot_aes_pub.o
 .rela.text.getopt
                0x00000000        0x0 obj/recovery/iot_aes_pub.o
 .rela.text.IoT_Cust_Ops
                0x00000000        0x0 obj/recovery/iot_aes_pub.o
 .rela.text.default_boot_cfg
                0x00000000        0x0 obj/recovery/iot_aes_pub.o
 .rela.text.default_uart_cfg
                0x00000000        0x0 obj/recovery/iot_aes_pub.o
 .rela.text.IoT_Cust_GPIINT_Hdlr
                0x00000000        0x0 obj/recovery/iot_aes_pub.o
 .rela.text.IoT_Cust_SM_Smnt
                0x00000000        0x0 obj/recovery/iot_aes_pub.o
 .rela.text.IoT_Cust_SMNT_Sta_Chg_Init
                0x00000000        0x0 obj/recovery/iot_aes_pub.o
 .rela.text.reset_ap_cfg
                0x00000000        0x0 obj/recovery/iot_aes_pub.o
 .rela.text.reset_sta_cfg
                0x00000000        0x0 obj/recovery/iot_aes_pub.o
 .rela.text.default_ip_cfg
                0x00000000        0x0 obj/recovery/iot_aes_pub.o
 .rela.text.reset_com_cfg
                0x00000000        0x0 obj/recovery/iot_aes_pub.o
 .rela.text.reset_usr_cfg
                0x00000000        0x0 obj/recovery/iot_aes_pub.o
 .rela.text.load_usr_cfg
                0x00000000        0x0 obj/recovery/iot_aes_pub.o
 .rela.text.load_com_cfg
                0x00000000        0x0 obj/recovery/iot_aes_pub.o
 .rela.text.Pre_init_cfg
                0x00000000        0x0 obj/recovery/iot_aes_pub.o
 .rela.text.CustTimer0TimeoutAction
                0x00000000        0x0 obj/recovery/iot_aes_pub.o
 .rela.text.IoT_Cust_Init
                0x00000000        0x0 obj/recovery/iot_aes_pub.o
 .rela.text.IoT_Cust_Sub_Task
                0x00000000        0x0 obj/recovery/iot_aes_pub.o
 .rela.text.IoT_process_app_management_packet
                0x00000000        0x0 obj/recovery/iot_aes_pub.o
 .rela.text.IoT_process_app_function_packet
                0x00000000        0x0 obj/recovery/iot_aes_pub.o
 .rela.text.IoT_process_app_packet
                0x00000000        0x0 obj/recovery/iot_aes_pub.o
 .rela.text.UARTRx_Buf_Init
                0x00000000        0x0 obj/recovery/iot_aes_pub.o
 .rela.text.uart_customize_init
                0x00000000        0x0 obj/recovery/iot_aes_pub.o
 .rela.text.UART_Rx_Packet_Dispatch
                0x00000000        0x0 obj/recovery/iot_aes_pub.o
 .rela.text.UART_GetByte
                0x00000000        0x0 obj/recovery/iot_aes_pub.o
 .rela.text.UART_Rx_Cb
                0x00000000        0x0 obj/recovery/iot_aes_pub.o
 .rela.text.UART_PutBytes
                0x00000000        0x0 obj/recovery/iot_aes_pub.o
 .rela.text.IoT_build_app_response_header
                0x00000000        0x0 obj/recovery/iot_aes_pub.o
 .rela.text.IoT_send_udp_directly
                0x00000000        0x0 obj/recovery/iot_aes_pub.o
 .rela.text.IoT_build_send_udp_packet
                0x00000000        0x0 obj/recovery/iot_aes_pub.o
 .rela.text.port_inbyte
                0x00000000        0x0 obj/recovery/iot_aes_pub.o
 .rela.text.port_outbyte
                0x00000000        0x0 obj/recovery/iot_aes_pub.o
 .rela.text.crc16_ccitt
                0x00000000        0x0 obj/recovery/iot_aes_pub.o
 .rela.text.IoT_Xmodem_Update_FW
                0x00000000        0x0 obj/recovery/iot_aes_pub.o
 .rela.text.IoT_xmodemReceive
                0x00000000        0x0 obj/recovery/iot_aes_pub.o
 .rela.text.IoT_xmodemTransmit
                0x00000000        0x0 obj/recovery/iot_aes_pub.o
 .rela.text.main
                0x00000000        0x0 obj/recovery/iot_aes_pub.o
 .rela.text.AsicSetChannel
                0x00000000        0x0 obj/recovery/iot_aes_pub.o
 .rela.text.IoT_Cmd_Set_Channel
                0x00000000        0x0 obj/recovery/iot_aes_pub.o
 .rela.text.RxFsIntFilterOut
                0x00000000        0x0 obj/recovery/iot_aes_pub.o
 .rela.text.STARxDoneInterruptHandle
                0x00000000        0x0 obj/recovery/iot_aes_pub.o
 .rela.text.BeaconTimeoutAction
                0x00000000        0x0 obj/recovery/iot_aes_pub.o
 .rela.text.RestartBCNTimer
                0x00000000        0x0 obj/recovery/iot_aes_pub.o
 .rela.text.dump_spi_flash
                0x00000000        0x0 obj/recovery/iot_aes_pub.o
 .rela.text.dump_spi_flash_fw
                0x00000000        0x0 obj/recovery/iot_aes_pub.o
 .rela.text.spi_flash_update_fw_done
                0x00000000        0x0 obj/recovery/iot_aes_pub.o
 .rela.text.spi_flash_page_write
                0x00000000        0x0 obj/recovery/iot_aes_pub.o
 .rela.text.spi_flash_write_func
                0x00000000        0x0 obj/recovery/iot_aes_pub.o
 .rela.text.spi_flash_read_m2
                0x00000000        0x0 obj/recovery/iot_aes_pub.o
 .rela.text.spi_flash_erase_BE
                0x00000000        0x0 obj/recovery/iot_aes_pub.o
 .rela.text.spi_flash_erase_SE
                0x00000000        0x0 obj/recovery/iot_aes_pub.o
 .rela.text.spi_flash_write
                0x00000000        0x0 obj/recovery/iot_aes_pub.o
 .rela.text.spi_flash_update_fw
                0x00000000        0x0 obj/recovery/iot_aes_pub.o
 .rela.text.spi_flash_erase_CE
                0x00000000        0x0 obj/recovery/iot_aes_pub.o
 .rela.text.clock_time
                0x00000000        0x0 obj/recovery/iot_aes_pub.o
 .rela.text.dhcpc_request
                0x00000000        0x0 obj/recovery/iot_aes_pub.o
 .rela.text.ws_got_ip_fail
                0x00000000        0x0 obj/recovery/iot_aes_pub.o
 .rela.text.ws_got_ip
                0x00000000        0x0 obj/recovery/iot_aes_pub.o
 .rela.text.dhcpc_init
                0x00000000        0x0 obj/recovery/iot_aes_pub.o
 .rela.text.create_msg
                0x00000000        0x0 obj/recovery/iot_aes_pub.o
 .rela.text.parse_msg
                0x00000000        0x0 obj/recovery/iot_aes_pub.o
 .rela.text.T.30
                0x00000000        0x0 obj/recovery/iot_aes_pub.o
 .rela.text.send_request
                0x00000000        0x0 obj/recovery/iot_aes_pub.o
 .rela.text.send_discover
                0x00000000        0x0 obj/recovery/iot_aes_pub.o
 .rela.text._handle_dhcp
                0x00000000        0x0 obj/recovery/iot_aes_pub.o
 .rela.text.handle_dhcp
                0x00000000        0x0 obj/recovery/iot_aes_pub.o
 .rela.text.dhcpd_init
                0x00000000        0x0 obj/recovery/iot_aes_pub.o
 .rela.text.dhcpd_pickup_opt
                0x00000000        0x0 obj/recovery/iot_aes_pub.o
 .rela.text.discover
                0x00000000        0x0 obj/recovery/iot_aes_pub.o
 .rela.text.request
                0x00000000        0x0 obj/recovery/iot_aes_pub.o
 .rela.text.handle_dhcpd
                0x00000000        0x0 obj/recovery/iot_aes_pub.o
 .rela.text.iot_tcp_appcall
                0x00000000        0x0 obj/recovery/iot_aes_pub.o
 .rela.text.iot_tcp_app_init
                0x00000000        0x0 obj/recovery/iot_aes_pub.o
 .rela.text.iot_udp_appcall
                0x00000000        0x0 obj/recovery/iot_aes_pub.o
 .rela.text.iot_udp_app_init
                0x00000000        0x0 obj/recovery/iot_aes_pub.o
 .rela.text.memb_init
                0x00000000        0x0 obj/recovery/iot_aes_pub.o
 .rela.text.mt76xx_dev_read
                0x00000000        0x0 obj/recovery/iot_aes_pub.o
 .rela.text.mt76xx_dev_send
                0x00000000        0x0 obj/recovery/iot_aes_pub.o
 .rela.text.resolv_conf
                0x00000000        0x0 obj/recovery/iot_aes_pub.o
 .rela.text.resolv_lookup
                0x00000000        0x0 obj/recovery/iot_aes_pub.o
 .rela.text.resolv_query
                0x00000000        0x0 obj/recovery/iot_aes_pub.o
 .rela.text.resolv_newdata
                0x00000000        0x0 obj/recovery/iot_aes_pub.o
 .rela.text.resolv_check_entries
                0x00000000        0x0 obj/recovery/iot_aes_pub.o
 .rela.text.handle_resolv
                0x00000000        0x0 obj/recovery/iot_aes_pub.o
 .rela.text.resolv_usage_init
                0x00000000        0x0 obj/recovery/iot_aes_pub.o
 .rela.text.resolv_found
                0x00000000        0x0 obj/recovery/iot_aes_pub.o
 .rela.text.udp_client_sample
                0x00000000        0x0 obj/recovery/iot_aes_pub.o
 .rela.text.udp_client_init
                0x00000000        0x0 obj/recovery/iot_aes_pub.o
 .rela.text.udp_server_sample
                0x00000000        0x0 obj/recovery/iot_aes_pub.o
 .rela.text.udp_server_init
                0x00000000        0x0 obj/recovery/iot_aes_pub.o
 .rela.text.dhcpc_configured
                0x00000000        0x0 obj/recovery/iot_aes_pub.o
 .rela.text.uip_log
                0x00000000        0x0 obj/recovery/iot_aes_pub.o
 .rela.text.tcpip_periodic_timer
                0x00000000        0x0 obj/recovery/iot_aes_pub.o
 .rela.text.netif_rx
                0x00000000        0x0 obj/recovery/iot_aes_pub.o
 .rela.text._tcpip_init
                0x00000000        0x0 obj/recovery/iot_aes_pub.o
 .rela.text.tcpip_init
                0x00000000        0x0 obj/recovery/iot_aes_pub.o
 .rela.text.uip_fw_output
                0x00000000        0x0 obj/recovery/iot_aes_pub.o
 .rela.text.uip_fw_forward
                0x00000000        0x0 obj/recovery/iot_aes_pub.o
 .rela.text.uip_neighbor_add
                0x00000000        0x0 obj/recovery/iot_aes_pub.o
 .rela.text.uip_split_output
                0x00000000        0x0 obj/recovery/iot_aes_pub.o
 .rela.text.uip_add32
                0x00000000        0x0 obj/recovery/iot_aes_pub.o
 .rela.text.uip_ipchksum
                0x00000000        0x0 obj/recovery/iot_aes_pub.o
 .rela.text.upper_layer_chksum
                0x00000000        0x0 obj/recovery/iot_aes_pub.o
 .rela.text.uip_connect
                0x00000000        0x0 obj/recovery/iot_aes_pub.o
 .rela.text.uip_unlisten
                0x00000000        0x0 obj/recovery/iot_aes_pub.o
 .rela.text.uip_listen
                0x00000000        0x0 obj/recovery/iot_aes_pub.o
 .rela.text.uip_add_rcv_nxt
                0x00000000        0x0 obj/recovery/iot_aes_pub.o
 .rela.text.uip_send
                0x00000000        0x0 obj/recovery/iot_aes_pub.o
 .rela.text.uip_init
                0x00000000        0x0 obj/recovery/iot_aes_pub.o
 .rela.text._uip_process
                0x00000000        0x0 obj/recovery/iot_aes_pub.o
 .rela.text.uip_process
                0x00000000        0x0 obj/recovery/iot_aes_pub.o
 .rela.text.uip_udp_new
                0x00000000        0x0 obj/recovery/iot_aes_pub.o
 .rela.text.uip_get_DestMAC
                0x00000000        0x0 obj/recovery/iot_aes_pub.o
 .rela.text.uip_arp_update
                0x00000000        0x0 obj/recovery/iot_aes_pub.o
 .rela.text.uip_arp_arpin
                0x00000000        0x0 obj/recovery/iot_aes_pub.o
 .rela.text.uip_arp_out
                0x00000000        0x0 obj/recovery/iot_aes_pub.o
 .rela.text.uip_arp_timer
                0x00000000        0x0 obj/recovery/iot_aes_pub.o
 .rela.text.uip_arp_init
                0x00000000        0x0 obj/recovery/iot_aes_pub.o
 .rela.text.copy_string
                0x00000000        0x0 obj/recovery/iot_aes_pub.o
 .rela.text.senddata
                0x00000000        0x0 obj/recovery/iot_aes_pub.o
 .rela.text.webclient_get
                0x00000000        0x0 obj/recovery/iot_aes_pub.o
 .rela.text.newdata
                0x00000000        0x0 obj/recovery/iot_aes_pub.o
 .rela.text.store_sta_cfg
                0x00000000        0x0 obj/recovery/iot_aes_pub.o
 .rela.text.load_sta_cfg
                0x00000000        0x0 obj/recovery/iot_aes_pub.o
 .rela.text.ws_goto_smnt
                0x00000000        0x0 obj/recovery/iot_aes_pub.o
 .rela.text.ws_init
                0x00000000        0x0 obj/recovery/iot_aes_pub.o
 .rela.text.ws_smt_conn
                0x00000000        0x0 obj/recovery/iot_aes_pub.o
 .rela.text.wifi_state_machine
                0x00000000        0x0 obj/recovery/iot_aes_pub.o
 .rela.text.wifi_rx_proc
                0x00000000        0x0 obj/recovery/iot_aes_pub.o
 .rela.text.wifiTASK_LowPrioTask
                0x00000000        0x0 obj/recovery/iot_aes_pub.o
 .rela.vector   0x00000000        0x0 obj/recovery/iot_aes_pub.o
 .rela.startup  0x00000000        0x0 obj/recovery/iot_aes_pub.o
 .rela.excepsysc
                0x00000000        0x0 obj/recovery/iot_aes_pub.o
 .rela.ctxsw    0x00000000        0x0 obj/recovery/iot_aes_pub.o
 .rela.text.overlaycopy
                0x00000000        0x0 obj/recovery/iot_aes_pub.o
 .rela.text.cnmTimerStopTimer
                0x00000000        0x0 obj/recovery/iot_aes_pub.o
 .rela.text.cnmTimerSetTimer
                0x00000000        0x0 obj/recovery/iot_aes_pub.o
 .rela.text.cnmTimerDoTimeOutCheck
                0x00000000        0x0 obj/recovery/iot_aes_pub.o
 .rela.text.cnmTimerStartTimer
                0x00000000        0x0 obj/recovery/iot_aes_pub.o
 .rela.text.cnmTimerDestroy
                0x00000000        0x0 obj/recovery/iot_aes_pub.o
 .rela.text.cnmTimerInitialize
                0x00000000        0x0 obj/recovery/iot_aes_pub.o
 .rela.text.IoT_uart_input
                0x00000000        0x0 obj/recovery/iot_aes_pub.o
 .rela.text.IoT_Cmd_Set_DBG_LVL
                0x00000000        0x0 obj/recovery/iot_aes_pub.o
 .rela.text.IoT_Cmd_LinkDown
                0x00000000        0x0 obj/recovery/iot_aes_pub.o
 .rela.text.IoT_Xmodem_Update_FW_Stop
                0x00000000        0x0 obj/recovery/iot_aes_pub.o
 .rela.text.IoT_Xmodem_Update_FW_Start
                0x00000000        0x0 obj/recovery/iot_aes_pub.o
 .rela.text.apiQU_Dequeue
                0x00000000        0x0 obj/recovery/iot_aes_pub.o
 .rela.text.apiQU_Enqueue
                0x00000000        0x0 obj/recovery/iot_aes_pub.o
 .rela.text.apiQU_Initialize
                0x00000000        0x0 obj/recovery/iot_aes_pub.o
 .rela.text.AES_Key_init
                0x00000000        0x0 obj/recovery/iot_aes_pub.o
 .rela.text.APP_Init
                0x00000000        0x0 obj/recovery/iot_aes_pub.o
 .rela.text.Set_ATE_TX_Cnt_Per_Speed
                0x00000000        0x0 obj/recovery/iot_aes_pub.o
 .rela.text.NICUpdateRawCounters
                0x00000000        0x0 obj/recovery/iot_aes_pub.o
 .rela.text.ConvertToRssi
                0x00000000        0x0 obj/recovery/iot_aes_pub.o
 .rela.text.ATEConvertToRssi
                0x00000000        0x0 obj/recovery/iot_aes_pub.o
 .rela.text.ATESampleRssi
                0x00000000        0x0 obj/recovery/iot_aes_pub.o
 .rela.text.ATE_CMD_CALI_STAT
                0x00000000        0x0 obj/recovery/iot_aes_pub.o
 .rela.text.Set_ATE_RX_DURATION
                0x00000000        0x0 obj/recovery/iot_aes_pub.o
 .rela.text.Set_ATE_TX_PAYLOAD_LEN
                0x00000000        0x0 obj/recovery/iot_aes_pub.o
 .rela.text.Set_ATE_TX_POWER
                0x00000000        0x0 obj/recovery/iot_aes_pub.o
 .rela.text.Set_ATE_TX_Speed_Proc
                0x00000000        0x0 obj/recovery/iot_aes_pub.o
 .rela.text.Set_ATE_TX_COUNT_Proc
                0x00000000        0x0 obj/recovery/iot_aes_pub.o
 .rela.text.Set_ATE_TX_GI_Proc
                0x00000000        0x0 obj/recovery/iot_aes_pub.o
 .rela.text.Set_ATE_TX_MCS_Proc
                0x00000000        0x0 obj/recovery/iot_aes_pub.o
 .rela.text.RXFRAME
                0x00000000        0x0 obj/recovery/iot_aes_pub.o
 .rela.text.Set_ATE_TX_MODE_Proc
                0x00000000        0x0 obj/recovery/iot_aes_pub.o
 .rela.text.Set_ATE_Efuse_Read
                0x00000000        0x0 obj/recovery/iot_aes_pub.o
 .rela.text.Set_ATE_Efuse_Write
                0x00000000        0x0 obj/recovery/iot_aes_pub.o
 .rela.text.Set_ResetStatCounter_Proc
                0x00000000        0x0 obj/recovery/iot_aes_pub.o
 .rela.text.ATE_INIT
                0x00000000        0x0 obj/recovery/iot_aes_pub.o
 .rela.text.Set_ATE_TX_FREQ_OFFSET_Proc
                0x00000000        0x0 obj/recovery/iot_aes_pub.o
 .rela.text.MT7681_Set_ATE_TX_BW_Proc
                0x00000000        0x0 obj/recovery/iot_aes_pub.o
 .rela.text.Set_ATE_Switch_CH
                0x00000000        0x0 obj/recovery/iot_aes_pub.o
 .rela.text.ATE_RXFRAME
                0x00000000        0x0 obj/recovery/iot_aes_pub.o
 .rela.text.ATE_TXFRAME
                0x00000000        0x0 obj/recovery/iot_aes_pub.o
 .rela.text.ATESTART
                0x00000000        0x0 obj/recovery/iot_aes_pub.o
 .rela.text.ATE_STOP
                0x00000000        0x0 obj/recovery/iot_aes_pub.o
 .rela.text.SendATETxDataFrame
                0x00000000        0x0 obj/recovery/iot_aes_pub.o
 .rela.text.ATEPeriodicExec
                0x00000000        0x0 obj/recovery/iot_aes_pub.o
 .rela.text.PeerDeauthAction
                0x00000000        0x0 obj/recovery/iot_aes_pub.o
 .rela.text._MlmeAuthProcess
                0x00000000        0x0 obj/recovery/iot_aes_pub.o
 .rela.text.PeerAuthSanity
                0x00000000        0x0 obj/recovery/iot_aes_pub.o
 .rela.text.PeerAuthRspAtSeq2Action
                0x00000000        0x0 obj/recovery/iot_aes_pub.o
 .rela.text.MlmeDeauthReqAction
                0x00000000        0x0 obj/recovery/iot_aes_pub.o
 .rela.text._AUTH_ReqSend
                0x00000000        0x0 obj/recovery/iot_aes_pub.o
 .rela.text.MlmeAuthReqAction
                0x00000000        0x0 obj/recovery/iot_aes_pub.o
 .rela.text.Auth_Initialization
                0x00000000        0x0 obj/recovery/iot_aes_pub.o
 .rela.text.AuthTimeoutAction
                0x00000000        0x0 obj/recovery/iot_aes_pub.o
 .rela.text.dump_ram
                0x00000000        0x0 obj/recovery/iot_aes_pub.o
 .rela.text.dump
                0x00000000        0x0 obj/recovery/iot_aes_pub.o
 .rela.text.MT7681_ReadEEPROM
                0x00000000        0x0 obj/recovery/iot_aes_pub.o
 .rela.text.MT7681_RXDC_CAL
                0x00000000        0x0 obj/recovery/iot_aes_pub.o
 .rela.text.MT7681_INIT_CAL
                0x00000000        0x0 obj/recovery/iot_aes_pub.o
 .rela.text.rtmp_bbp_is_ready
                0x00000000        0x0 obj/recovery/iot_aes_pub.o
 .rela.text.NICInitMT7681BbpRegisters
                0x00000000        0x0 obj/recovery/iot_aes_pub.o
 .rela.text.MT7681_eep_cfg2
                0x00000000        0x0 obj/recovery/iot_aes_pub.o
 .rela.text.MT7681_eep_cfg
                0x00000000        0x0 obj/recovery/iot_aes_pub.o
 .rela.text.NICInitMT7681RFRegisters
                0x00000000        0x0 obj/recovery/iot_aes_pub.o
 .rela.text.chip_reg_init
                0x00000000        0x0 obj/recovery/iot_aes_pub.o
 .rela.text.AES_Key_Unwrap
                0x00000000        0x0 obj/recovery/iot_aes_pub.o
 .rela.text.RT_AES_Encrypt
                0x00000000        0x0 obj/recovery/iot_aes_pub.o
 .rela.text.AES_Key_Wrap
                0x00000000        0x0 obj/recovery/iot_aes_pub.o
 .rela.text.RTMPWriteTxWI_Data
                0x00000000        0x0 obj/recovery/iot_aes_pub.o
 .rela.text.RTMPWriteTxWI_Mgmt
                0x00000000        0x0 obj/recovery/iot_aes_pub.o
 .rela.text.STABuildCommon802_11Header
                0x00000000        0x0 obj/recovery/iot_aes_pub.o
 .rela.text.WriteSingleTxResource
                0x00000000        0x0 obj/recovery/iot_aes_pub.o
 .rela.text.STA_Legacy_Frame_Tx2
                0x00000000        0x0 obj/recovery/iot_aes_pub.o
 .rela.text.MiniportMMRequest
                0x00000000        0x0 obj/recovery/iot_aes_pub.o
 .rela.text.EnqueuePsPoll
                0x00000000        0x0 obj/recovery/iot_aes_pub.o
 .rela.text.STA_Legacy_Frame_Tx
                0x00000000        0x0 obj/recovery/iot_aes_pub.o
 .rela.text.SendTestDataFrame
                0x00000000        0x0 obj/recovery/iot_aes_pub.o
 .rela.text.RTMPRawDataSanity
                0x00000000        0x0 obj/recovery/iot_aes_pub.o
 .rela.text.RTMPReportMicError
                0x00000000        0x0 obj/recovery/iot_aes_pub.o
 .rela.text.STARxFrameClassVfy
                0x00000000        0x0 obj/recovery/iot_aes_pub.o
 .rela.text.PeerBeaconAdvPwrSavingSanity
                0x00000000        0x0 obj/recovery/iot_aes_pub.o
 .rela.text.ActHeaderInit
                0x00000000        0x0 obj/recovery/iot_aes_pub.o
 .rela.text.PeerAddBAReqAction
                0x00000000        0x0 obj/recovery/iot_aes_pub.o
 .rela.text.MgtMacHeaderInit
                0x00000000        0x0 obj/recovery/iot_aes_pub.o
 .rela.text.MakeOutgoingFrame
                0x00000000        0x0 obj/recovery/iot_aes_pub.o
 .rela.text.OS_WAIT
                0x00000000        0x0 obj/recovery/iot_aes_pub.o
 .rela.text.NextChannel
                0x00000000        0x0 obj/recovery/iot_aes_pub.o
 .rela.text.SCAN_Initialization
                0x00000000        0x0 obj/recovery/iot_aes_pub.o
 .rela.text.CfgSupportExtRate
                0x00000000        0x0 obj/recovery/iot_aes_pub.o
 .rela.text.SetScanParam
                0x00000000        0x0 obj/recovery/iot_aes_pub.o
 .rela.text.ListScan_Init
                0x00000000        0x0 obj/recovery/iot_aes_pub.o
 .rela.text.RTMPCheckHt
                0x00000000        0x0 obj/recovery/iot_aes_pub.o
 .rela.text.NLO_Initialization
                0x00000000        0x0 obj/recovery/iot_aes_pub.o
 .rela.text.ContScanTimeoutAction
                0x00000000        0x0 obj/recovery/iot_aes_pub.o
 .rela.text.rtmp_bbp_set_ctrlch
                0x00000000        0x0 obj/recovery/iot_aes_pub.o
 .rela.text.PeerBeaconAndProbeRspSanity
                0x00000000        0x0 obj/recovery/iot_aes_pub.o
 .rela.text._PeerBeaconAtScanAction
                0x00000000        0x0 obj/recovery/iot_aes_pub.o
 .rela.text.ScanProcessMgmt
                0x00000000        0x0 obj/recovery/iot_aes_pub.o
 .rela.text.ScanNextChannel
                0x00000000        0x0 obj/recovery/iot_aes_pub.o
 .rela.text.ScanTimeoutAction
                0x00000000        0x0 obj/recovery/iot_aes_pub.o
 .rela.text.StartScan
                0x00000000        0x0 obj/recovery/iot_aes_pub.o
 .rela.text.DoScan
                0x00000000        0x0 obj/recovery/iot_aes_pub.o
 .rela.text.reset_smnt_set
                0x00000000        0x0 obj/recovery/iot_aes_pub.o
 .rela.text.reset_smnt_info
                0x00000000        0x0 obj/recovery/iot_aes_pub.o
 .rela.text.SMTCNfsm_rst
                0x00000000        0x0 obj/recovery/iot_aes_pub.o
 .rela.text.SMTCNfsm_init
                0x00000000        0x0 obj/recovery/iot_aes_pub.o
 .rela.text.SMTCN_state_chg_init
                0x00000000        0x0 obj/recovery/iot_aes_pub.o
 .rela.text.SMTCNSwitchfsm
                0x00000000        0x0 obj/recovery/iot_aes_pub.o
 .rela.text.ParsingBCData
                0x00000000        0x0 obj/recovery/iot_aes_pub.o
 .rela.text._SMTCNGetInfo
                0x00000000        0x0 obj/recovery/iot_aes_pub.o
 .rela.text._SMTCNParsingMulticast
                0x00000000        0x0 obj/recovery/iot_aes_pub.o
 .rela.text.SMTCNRXFrameHandle
                0x00000000        0x0 obj/recovery/iot_aes_pub.o
 .rela.text.SMTCNParsingData
                0x00000000        0x0 obj/recovery/iot_aes_pub.o
 .rela.text.SearchTimeoutAction
                0x00000000        0x0 obj/recovery/iot_aes_pub.o
 .rela.text.SMTCN_process
                0x00000000        0x0 obj/recovery/iot_aes_pub.o
 .rela.text.SMTCN_init
                0x00000000        0x0 obj/recovery/iot_aes_pub.o
 .rela.text.WOW_Initialization
                0x00000000        0x0 obj/recovery/iot_aes_pub.o
 .rela.text.WAKEUP_HOST
                0x00000000        0x0 obj/recovery/iot_aes_pub.o
 .rela.text.RTMP_D3Offload
                0x00000000        0x0 obj/recovery/iot_aes_pub.o
 .rela.text.BSP_Init
                0x00000000        0x0 obj/recovery/iot_aes_pub.o
 .rela.text.eEpWritePhysical
                0x00000000        0x0 obj/recovery/iot_aes_pub.o
 .rela.text.eEpPhysicalReadRegisters
                0x00000000        0x0 obj/recovery/iot_aes_pub.o
 .rela.text.eEpReadRegisters
                0x00000000        0x0 obj/recovery/iot_aes_pub.o
 .rela.text.eEpGetFreeBlockCount
                0x00000000        0x0 obj/recovery/iot_aes_pub.o
 .rela.text.eEp_init
                0x00000000        0x0 obj/recovery/iot_aes_pub.o
 .rela.text.set_eEpGetFreeBlockCount_Proc
                0x00000000        0x0 obj/recovery/iot_aes_pub.o
 .rela.text.set_eEpdump_Proc
                0x00000000        0x0 obj/recovery/iot_aes_pub.o
 .rela.text.drvFCE_IntHdlr
                0x00000000        0x0 obj/recovery/iot_aes_pub.o
 .rela.text.drvFCE_Initialize
                0x00000000        0x0 obj/recovery/iot_aes_pub.o
 .rela.text.PdmaTxTsHdlr
                0x00000000        0x0 obj/recovery/iot_aes_pub.o
 .rela.text.PdmaRxFsHdlr
                0x00000000        0x0 obj/recovery/iot_aes_pub.o
 .rela.text.drvPDMA_TxInitialize
                0x00000000        0x0 obj/recovery/iot_aes_pub.o
 .rela.text.drvPDMA_RxInitialize
                0x00000000        0x0 obj/recovery/iot_aes_pub.o
 .rela.text.spi_flash_read
                0x00000000        0x0 obj/recovery/iot_aes_pub.o
 .rela.text.sys_init_timer
                0x00000000        0x0 obj/recovery/iot_aes_pub.o
 .rela.text.kal_free_timer
                0x00000000        0x0 obj/recovery/iot_aes_pub.o
 .rela.text.kal_stop_timer
                0x00000000        0x0 obj/recovery/iot_aes_pub.o
 .rela.text.kal_start_timer
                0x00000000        0x0 obj/recovery/iot_aes_pub.o
 .rela.text.kal_create_timer
                0x00000000        0x0 obj/recovery/iot_aes_pub.o
 .rela.text.SwTimerHandler
                0x00000000        0x0 obj/recovery/iot_aes_pub.o
 .rela.text.UART_RecHandler
                0x00000000        0x0 obj/recovery/iot_aes_pub.o
 .rela.text.UART_Register_TX_cb
                0x00000000        0x0 obj/recovery/iot_aes_pub.o
 .rela.text.UART_Register_RX_cb
                0x00000000        0x0 obj/recovery/iot_aes_pub.o
 .rela.text.UART_TrxHandler
                0x00000000        0x0 obj/recovery/iot_aes_pub.o
 .rela.text.UART_LISR
                0x00000000        0x0 obj/recovery/iot_aes_pub.o
 .rela.text.UART_SetDCBConfig
                0x00000000        0x0 obj/recovery/iot_aes_pub.o
 .rela.text.IoT_uart_AT_config
                0x00000000        0x0 obj/recovery/iot_aes_pub.o
 .rela.text.UART_Configure_From_Flash
                0x00000000        0x0 obj/recovery/iot_aes_pub.o
 .rela.text.UART_EnableTX
                0x00000000        0x0 obj/recovery/iot_aes_pub.o
 .rela.text.UART_DisableTX
                0x00000000        0x0 obj/recovery/iot_aes_pub.o
 .rela.text.UART_EnableRX
                0x00000000        0x0 obj/recovery/iot_aes_pub.o
 .rela.text.UART_DisableRX
                0x00000000        0x0 obj/recovery/iot_aes_pub.o
 .rela.text.UART_Open
                0x00000000        0x0 obj/recovery/iot_aes_pub.o
 .rela.text.UART_KbdHit
                0x00000000        0x0 obj/recovery/iot_aes_pub.o
 .rela.text.sys_Init
                0x00000000        0x0 obj/recovery/iot_aes_pub.o
 .rela.text.sysTASK_RegTask
                0x00000000        0x0 obj/recovery/iot_aes_pub.o
 .rela.text.sysKernelStart
                0x00000000        0x0 obj/recovery/iot_aes_pub.o
 .rela.text.sysMutexLock
                0x00000000        0x0 obj/recovery/iot_aes_pub.o
 .rela.text.sysMutexUnlock
                0x00000000        0x0 obj/recovery/iot_aes_pub.o
 .rela.text.sysCALL_XcptHdlr
                0x00000000        0x0 obj/recovery/iot_aes_pub.o
 .rela.text.sysCALL_SysCall0Hdlr
                0x00000000        0x0 obj/recovery/iot_aes_pub.o
 .rela.text.sysTASK_ChkSignal
                0x00000000        0x0 obj/recovery/iot_aes_pub.o
 .rela.text.sysTASK_LowPrioTask
                0x00000000        0x0 obj/recovery/iot_aes_pub.o
 .rela.text.sysTASK_DeassertSignal
                0x00000000        0x0 obj/recovery/iot_aes_pub.o
 .rela.text.sysTASK_AssertSignal
                0x00000000        0x0 obj/recovery/iot_aes_pub.o
 .rela.text.sysTASK_RegisterLowPrioTask
                0x00000000        0x0 obj/recovery/iot_aes_pub.o
 .rela.text.sysTASK_WaitForSignal
                0x00000000        0x0 obj/recovery/iot_aes_pub.o
 .rela.text.sysTASK_Dispatch
                0x00000000        0x0 obj/recovery/iot_aes_pub.o
 .rela.text.sysTASK_CreateTask
                0x00000000        0x0 obj/recovery/iot_aes_pub.o
 .rela.text.vprintf
                0x00000000        0x0 obj/recovery/iot_aes_pub.o
 .rela.text.vsprintf
                0x00000000        0x0 obj/recovery/iot_aes_pub.o
 .rela.text.vprintf_help
                0x00000000        0x0 obj/recovery/iot_aes_pub.o
 .rela.text.free
                0x00000000        0x0 obj/recovery/iot_aes_pub.o
 .rela.text.__toupper
                0x00000000        0x0 obj/recovery/iot_aes_pub.o
 .rela.text.simple_strtoul
                0x00000000        0x0 obj/recovery/iot_aes_pub.o
 .rela.text.drvMCUCTL_IntrHdlr
                0x00000000        0x0 obj/recovery/iot_aes_pub.o
 .rela.text.CaliPeriodExec
                0x00000000        0x0 obj/recovery/iot_aes_pub.o
 .rela.text.rtmp_bbp_set_bw
                0x00000000        0x0 obj/recovery/iot_aes_pub.o
 .rela.text.AsicSwitchChannel
                0x00000000        0x0 obj/recovery/iot_aes_pub.o
 .rela.text.LowPower
                0x00000000        0x0 obj/recovery/iot_aes_pub.o
 .rela.text.GetQueueInfo
                0x00000000        0x0 obj/recovery/iot_aes_pub.o
 .rela.text.GetFceIntStat
                0x00000000        0x0 obj/recovery/iot_aes_pub.o
 .rela.text.StorePhyMode
                0x00000000        0x0 obj/recovery/iot_aes_pub.o
 .rela.text.GetClearFrameFlag
                0x00000000        0x0 obj/recovery/iot_aes_pub.o
 .rela.text.ws_assoc
                0x00000000        0x0 obj/recovery/iot_aes_pub.o
 .rela.text.wifi_state_chg
                0x00000000        0x0 obj/recovery/iot_aes_pub.o
 .rela.text.ws_auth
                0x00000000        0x0 obj/recovery/iot_aes_pub.o
 .rela.text.ws_scan
                0x00000000        0x0 obj/recovery/iot_aes_pub.o
 .rela.text.handle_FCE_RxTS_interrupt
                0x00000000        0x0 obj/recovery/iot_aes_pub.o
 .rela.text.handle_FCE_interrupt
                0x00000000        0x0 obj/recovery/iot_aes_pub.o
 .rela.text.PeerDisassocSanity
                0x00000000        0x0 obj/recovery/iot_aes_pub.o
 .rela.text.PeerAssocRspSanity
                0x00000000        0x0 obj/recovery/iot_aes_pub.o
 .rela.text._PeerDisassocAction
                0x00000000        0x0 obj/recovery/iot_aes_pub.o
 .rela.text._PeerAssocRspAction
                0x00000000        0x0 obj/recovery/iot_aes_pub.o
 .rela.text._MlmeAssocReqAction
                0x00000000        0x0 obj/recovery/iot_aes_pub.o
 .rela.text.Assoc_Initialization
                0x00000000        0x0 obj/recovery/iot_aes_pub.o
 .rela.text.SendNullFrame
                0x00000000        0x0 obj/recovery/iot_aes_pub.o
 .rela.text.NullFrameTimeoutAction
                0x00000000        0x0 obj/recovery/iot_aes_pub.o
 .rela.text.MlmeDisassocReqAction
                0x00000000        0x0 obj/recovery/iot_aes_pub.o
 .rela.text.AssocTimeoutAction
                0x00000000        0x0 obj/recovery/iot_aes_pub.o
 .rela.text.RTMPSetWcidSecurityInfo
                0x00000000        0x0 obj/recovery/iot_aes_pub.o
 .rela.text.GenericWowPatternCheck
                0x00000000        0x0 obj/recovery/iot_aes_pub.o
 .rela.text.STAWowPatternCheck
                0x00000000        0x0 obj/recovery/iot_aes_pub.o
 .rela.text._WPAInstallSharedKey
                0x00000000        0x0 obj/recovery/iot_aes_pub.o
 .rela.text._PeerGroupMsg1Action
                0x00000000        0x0 obj/recovery/iot_aes_pub.o
 .rela.text.RT_HMAC_MD5
                0x00000000        0x0 obj/recovery/iot_aes_pub.o
 .rela.text.RT_HMAC_SHA1
                0x00000000        0x0 obj/recovery/iot_aes_pub.o
                0x00008e30                . = ALIGN (0x10)
                0x00008e30                STACK_SECT_VMA = .

.STACK          0x00008e30      0x800
                0x00008e30                PROVIDE (_STACK_START, .)
 *(.stack)
 .stack         0x00008e30      0x800 ./libandesrecovery.a(stack.o)
                0x00008e30                sysStack
                0x00009630                PROVIDE (_STACK_END, .)
                0x00009630                . = ALIGN (0x10)
                0x00009630                DATA_SECT_VMA = .

.DATA           0x00009630     0x134c
 *(.rodata)
 *(.rodata.*)
 .rodata.str1.4
                0x00009630      0x1b1 obj/recovery/iot_at_cmd.o
                                0x1bc (size before relaxing)
 *fill*         0x000097e1        0x3 00000000
 .rodata.C.48.3233
                0x000097e4        0x4 obj/recovery/iot_at_cmd.o
 .rodata.str1.4
                0x000097e8        0x7 obj/recovery/iot_at_cmd_utility.o
                                  0x8 (size before relaxing)
 *fill*         0x000097ef        0x1 00000000
 .rodata.str1.4
                0x000097f0       0x95 obj/recovery/iot_custom.o
                                 0x98 (size before relaxing)
 *fill*         0x00009885        0x3 00000000
 .rodata.cst4   0x00009888        0x4 obj/recovery/iot_uart_rb.o
 .rodata.str1.4
                0x0000988c        0x9 obj/recovery/iot_xmodem.o
                                  0xc (size before relaxing)
 *fill*         0x00009895        0x3 00000000
 .rodata.C.23.2948
                0x00009898        0x8 obj/recovery/iot_xmodem.o
 .rodata.str1.4
                0x000098a0       0x4d obj/recovery/spi-flash_pub.o
                                 0x54 (size before relaxing)
 *fill*         0x000098ed        0x3 00000000
 .rodata.str1.4
                0x000098f0       0x50 obj/recovery/wifi_task_pub.o
 .rodata.C.2.5862
                0x00009940       0x10 ./libandesrecovery.a(app_nos_main.o)
 .rodata.str1.4
                0x00009950      0x46d ./libandesrecovery.a(ate.o)
                                0x470 (size before relaxing)
 *fill*         0x00009dbd        0x3 00000000
 .rodata.C.58.4866
                0x00009dc0        0x4 ./libandesrecovery.a(ate.o)
 .rodata.C.57.4865
                0x00009dc4        0x4 ./libandesrecovery.a(ate.o)
 .rodata.C.56.4864
                0x00009dc8        0x4 ./libandesrecovery.a(ate.o)
 .rodata.C.55.4863
                0x00009dcc        0x4 ./libandesrecovery.a(ate.o)
 .rodata.__FUNCTION__.4322
                0x00009dd0       0x14 ./libandesrecovery.a(ate.o)
 .rodata.str1.4
                0x00009de4       0x4b ./libandesrecovery.a(chip_init.o)
                                 0x58 (size before relaxing)
 *fill*         0x00009e2f        0x1 00000000
 .rodata.str1.4
                0x00009e30       0x13 ./libandesrecovery.a(bsp.o)
                                 0x14 (size before relaxing)
 *fill*         0x00009e43        0x1 00000000
 .rodata.str1.4
                0x00009e44        0xa ./libandesrecovery.a(uart.o)
                                  0xc (size before relaxing)
 *fill*         0x00009e4e        0x2 00000000
 .rodata.C.10.3950
                0x00009e50       0x1c ./libandesrecovery.a(uart.o)
 .rodata.MT7681_Frequency_Plan
                0x00009e6c       0x48 ./libandesrecovery.a(mt7681_ChSw.o)
 .rodata.str1.4
                0x00009eb4       0x48 ./libandesrecovery.a(wifi_task.o)
                0x00009f00                . = ALIGN (0x10)
 *fill*         0x00009efc        0x4 00000000
 *(.data)
 *(.data.*)
 .data.optind   0x00009f00        0x2 obj/recovery/iot_at_cmd_utility.o
                0x00009f00                optind
 .data.opterr   0x00009f02        0x1 obj/recovery/iot_at_cmd_utility.o
                0x00009f02                opterr
 *fill*         0x00009f03        0x1 00000000
 .data.Com_Cfg  0x00009f04       0x2c obj/recovery/iot_custom.o
                0x00009f04                Com_Cfg
 .data.Usr_Cfg  0x00009f30       0x60 obj/recovery/iot_custom.o
                0x00009f30                Usr_Cfg
 .data.gRecoveryModeTime
                0x00009f90        0x2 obj/recovery/iot_custom.o
                0x00009f90                gRecoveryModeTime
 .data.PRINT_FLAG
                0x00009f92        0x1 obj/recovery/iot_custom.o
                0x00009f92                PRINT_FLAG
 *fill*         0x00009f93        0x1 00000000
 .data.ATCmdPrefixAT
                0x00009f94        0x4 obj/recovery/iot_uart_rb.o
                0x00009f94                ATCmdPrefixAT
 .data.ATCmdPrefixIW
                0x00009f98        0xc obj/recovery/iot_uart_rb.o
                0x00009f98                ATCmdPrefixIW
 .data.SNAP_802_1H
                0x00009fa4        0x8 obj/recovery/iot_uplink.o
                0x00009fa4                SNAP_802_1H
 .data.gCurrentAddress
                0x00009fac        0x8 obj/recovery/wifi_task_pub.o
                0x00009fac                gCurrentAddress
 .data.ATE_MAC_SA
                0x00009fb4        0x8 ./libandesrecovery.a(ate.o)
                0x00009fb4                ATE_MAC_SA
 .data.ATE_MAC_BSSID
                0x00009fbc        0x8 ./libandesrecovery.a(ate.o)
                0x00009fbc                ATE_MAC_BSSID
 .data.ATE_MAC_DA
                0x00009fc4        0x8 ./libandesrecovery.a(ate.o)
                0x00009fc4                ATE_MAC_DA
 .data.CCKRateTable
                0x00009fcc        0xc ./libandesrecovery.a(ate.o)
 .data.OFDMRateTable
                0x00009fd8        0xc ./libandesrecovery.a(ate.o)
 .data.HTMIXRateTable
                0x00009fe4       0x14 ./libandesrecovery.a(ate.o)
 .data.MACRegTable
                0x00009ff8      0x128 ./libandesrecovery.a(chip_init.o)
                0x00009ff8                MACRegTable
 .data.MT7681_MACRegTable
                0x0000a120       0x30 ./libandesrecovery.a(chip_init.o)
                0x0000a120                MT7681_MACRegTable
 .data.BBPRegTable
                0x0000a150       0x20 ./libandesrecovery.a(chip_init.o)
                0x0000a150                BBPRegTable
 .data.MT7681_BBP_InitRegTb
                0x0000a170      0x4b0 ./libandesrecovery.a(chip_init.o)
                0x0000a170                MT7681_BBP_InitRegTb
 .data.MT7681_RF_Central_RegTb
                0x0000a620       0x84 ./libandesrecovery.a(chip_init.o)
                0x0000a620                MT7681_RF_Central_RegTb
 .data.MT7681_RF_Channel_RegTb
                0x0000a6a4       0xb4 ./libandesrecovery.a(chip_init.o)
                0x0000a6a4                MT7681_RF_Channel_RegTb
 .data.MT7681_RF_VGA_RegTb
                0x0000a758       0xb4 ./libandesrecovery.a(chip_init.o)
                0x0000a758                MT7681_RF_VGA_RegTb
 .data.g_tx_pkt_id
                0x0000a80c        0x1 ./libandesrecovery.a(rtmp_data.o)
 *fill*         0x0000a80d        0x3 00000000
 .data.Full_ChannelList
                0x0000a810       0x28 ./libandesrecovery.a(scan.o)
                0x0000a810                Full_ChannelList
 .data.sysXcptVctr
                0x0000a838       0x40 ./libandesrecovery.a(xcpt.o)
 .data.RTDebugLevel
                0x0000a878        0x1 ./libandesrecovery.a(wifi_task.o)
                0x0000a878                RTDebugLevel
 *fill*         0x0000a879        0x3 00000000
 .data._ctype   0x0000a87c      0x100 ./libandesrecovery.a(ctype.o)
                0x0000a87c                _ctype
                0x0000a97c                . = ALIGN (0x4)

FW_VERSION_TAG  0x0000a97c        0xc
 *(FW_VERSION_TAG)
 FW_VERSION_TAG
                0x0000a97c        0xc ./libandesrecovery.a(bsp.o)
                0x0000a97c                gVersionTag
                0x0000a988                __tag_end = .
                0x0000a990                . = ALIGN (0x10)
                0x0000a990                BSS_SECT_VMA = .

.BSS            0x0000a990     0x2a1c
                0x0000a990                PROVIDE (_BSS_START, .)
 *(.sbss)
 *(.sbss.*)
 *(.scommon)
 *(.scommon.*)
 *(.sbss_w)
 .sbss_w        0x0000a990        0x8 obj/recovery/wifi_task_pub.o
                0x0000a990                pIoTMlme
                0x0000a994                pIoTStaCfg
 .sbss_w        0x0000a998        0x4 ./libandesrecovery.a(bsp.o)
                0x0000a998                __OS_Heap_Start
 *(.sbss_w.*)
 *(.sbss_h)
 *(.sbss_h.*)
 *(.sbss_b)
 .sbss_b        0x0000a99c        0x1 ./libandesrecovery.a(iot_priv.o)
                0x0000a99c                bXmodelStart
 *(.sbss_b.*)
                0x0000a9a0                . = ALIGN (0x10)
 *fill*         0x0000a99d        0x3 00000000
 *(.bss)
 *(.bss.*)
 .bss.gCaliEnabled
                0x0000a9a0        0x1 obj/recovery/iot_at_cmd.o
                0x0000a9a0                gCaliEnabled
 *fill*         0x0000a9a1        0x3 00000000
 .bss.optarg    0x0000a9a4        0x4 obj/recovery/iot_at_cmd_utility.o
                0x0000a9a4                optarg
 .bss.pIndexPosition.1213
                0x0000a9a8        0x4 obj/recovery/iot_at_cmd_utility.o
 .bss.gCaliFrEfuse
                0x0000a9ac        0x1 obj/recovery/iot_custom.o
                0x0000a9ac                gCaliFrEfuse
 .bss.UART_TX_POLL_ENABLE
                0x0000a9ad        0x1 obj/recovery/iot_custom.o
                0x0000a9ad                UART_TX_POLL_ENABLE
 .bss.IWMatchNum.2868
                0x0000a9ae        0x1 obj/recovery/iot_uart_rb.o
 .bss.ATMatchNum.2867
                0x0000a9af        0x1 obj/recovery/iot_uart_rb.o
 .bss.last_error
                0x0000a9b0        0x4 obj/recovery/iot_xmodem.o
 .bss.gCPULowClok
                0x0000a9b4        0x4 obj/recovery/misc_pub.o
                0x0000a9b4                gCPULowClok
 .bss.bCaliInited.2783
                0x0000a9b8        0x1 obj/recovery/wifi_task_pub.o
 *fill*         0x0000a9b9        0x3 00000000
 .bss.RecCnt.2782
                0x0000a9bc        0x4 obj/recovery/wifi_task_pub.o
 .bss.PreTime.2780
                0x0000a9c0        0x4 obj/recovery/wifi_task_pub.o
 .bss.BufMem1   0x0000a9c4     0x18d8 ./libandesrecovery.a(queue.o)
 .bss.BufDesc1  0x0000c29c       0x90 ./libandesrecovery.a(queue.o)
 .bss.TxCnt.4763
                0x0000c32c        0x4 ./libandesrecovery.a(ate.o)
 .bss.PreTime.4761
                0x0000c330        0x4 ./libandesrecovery.a(ate.o)
 .bss.eepcfg    0x0000c334       0x44 ./libandesrecovery.a(chip_init.o)
                0x0000c334                eepcfg
 .bss.gSequence
                0x0000c378        0x2 ./libandesrecovery.a(rtmp_data.o)
                0x0000c378                gSequence
 *fill*         0x0000c37a        0x2 00000000
 .bss.pfsm      0x0000c37c      0x128 ./libandesrecovery.a(smtcn.o)
 .bss.FceIntHdlr
                0x0000c4a4       0x80 ./libandesrecovery.a(fce.o)
 .bss.jiffies   0x0000c524        0x4 ./libandesrecovery.a(timer.o)
                0x0000c524                jiffies
 .bss.Timers_List
                0x0000c528        0x4 ./libandesrecovery.a(timer.o)
                0x0000c528                Timers_List
 .bss.Timer_Start
                0x0000c52c        0x4 ./libandesrecovery.a(timer.o)
                0x0000c52c                Timer_Start
 .bss.last_start_time
                0x0000c530        0x4 ./libandesrecovery.a(timer.o)
                0x0000c530                last_start_time
 .bss.McuCtlIntHdlr
                0x0000c534       0x80 ./libandesrecovery.a(mcuctl.o)
 .bss.PreTime.5951
                0x0000c5b4        0x4 ./libandesrecovery.a(mt7681_ChSw.o)
 .bss.PreBW.5805
                0x0000c5b8        0x1 ./libandesrecovery.a(mt7681_ChSw.o)
 .bss.RF_ABB_R6_R7_IN_BW20
                0x0000c5b9        0x1 ./libandesrecovery.a(mt7681_ChSw.o)
 .bss.RF_ABB_R58_R59_IN_BW20
                0x0000c5ba        0x1 ./libandesrecovery.a(mt7681_ChSw.o)
 .bss.RF_ABB_R6_R7_IN_BW40
                0x0000c5bb        0x1 ./libandesrecovery.a(mt7681_ChSw.o)
 .bss.RF_ABB_R58_R59_IN_BW40
                0x0000c5bc        0x1 ./libandesrecovery.a(mt7681_ChSw.o)
 *fill*         0x0000c5bd        0x3 00000000
 .bss.PARAM_Info
                0x0000c5c0        0x4 ./libandesrecovery.a(mt7681_ChSw.o)
 .bss.TxPWR     0x0000c5c4        0x4 ./libandesrecovery.a(mt7681_ChSw.o)
 .bss.LNAGain   0x0000c5c8        0x4 ./libandesrecovery.a(mt7681_ChSw.o)
 .bss.wakeup_from_grant
                0x0000c5cc        0x1 ./libandesrecovery.a(wifi_ps.o)
                0x0000c5cc                wakeup_from_grant
 .bss.gPmuINT   0x0000c5cd        0x1 ./libandesrecovery.a(wifi_ps.o)
                0x0000c5cd                gPmuINT
 .bss.gPmuAbort
                0x0000c5ce        0x1 ./libandesrecovery.a(wifi_ps.o)
                0x0000c5ce                gPmuAbort
 *(COMMON)
 *fill*         0x0000c5cf        0x1 00000000
 COMMON         0x0000c5d0      0x1c5 obj/recovery/iot_custom.o
                0x0000c5d0                IoTCustOp
                0x0000c5ec                IoTCustTimer
                0x0000c608                IoTpAd
 *fill*         0x0000c795        0x3 00000000
 COMMON         0x0000c798      0x358 obj/recovery/iot_uart_rb.o
                0x0000c798                UARTPort
                0x0000c8b0                UARTTxBuf
                0x0000c8f0                UARTRxBuf
 COMMON         0x0000caf0        0x6 obj/recovery/tcpip/uip_arp.o
                0x0000caf0                uip_sourceAddr
 *fill*         0x0000caf6        0x2 00000000
 COMMON         0x0000caf8       0x14 ./libandesrecovery.a(cnm_timer.o)
                0x0000caf8                rRootTimer
 COMMON         0x0000cb0c       0x10 ./libandesrecovery.a(queue.o)
                0x0000cb0c                gFreeQueue1
 COMMON         0x0000cb1c      0x5d4 ./libandesrecovery.a(app_nos_main.o)
                0x0000cb1c                pAd
 COMMON         0x0000d0f0      0x24d ./libandesrecovery.a(ate.o)
                0x0000d0f0                gATEInfo
 *fill*         0x0000d33d        0x3 00000000
 COMMON         0x0000d340       0x24 ./libandesrecovery.a(timer.o)
                0x0000d340                System_Timer_Pool
                0x0000d354                Free_Timer_List
 COMMON         0x0000d364       0x34 ./libandesrecovery.a(task.o)
                0x0000d364                sysTaskingCtl
 COMMON         0x0000d398       0x14 ./libandesrecovery.a(wifi_ps.o)
                0x0000d398                AdvPSMode
                0x0000d3ac                . = ALIGN (0x4)
                0x0000d3ac                PROVIDE (_BSS_END, .)
                0x0000d3ac                __ilm_end = .
                0x0000d3c0                . = ALIGN (0x20)
                0x0000d3c0                _end = .
                0x0000d3c0                PROVIDE (_MEMORY_TOP, .)

.stab
 *(.stab)

.stabstr
 *(.stabstr)

.stab.excl
 *(.stab.excl)

.stab.exclstr
 *(.stab.exclstr)

.stab.index
 *(.stab.index)

.stab.indexstr
 *(.stab.indexstr)

.comment        0x00000000      0x8ca
 *(.comment)
 .comment       0x00000000       0x19 obj/recovery/iot_aes_pub.o
 .comment       0x00000019       0x19 obj/recovery/iot_at_cmd.o
 .comment       0x00000032       0x19 obj/recovery/iot_at_cmd_tcpip.o
 .comment       0x0000004b       0x19 obj/recovery/iot_at_cmd_utility.o
 .comment       0x00000064       0x19 obj/recovery/iot_custom.o
 .comment       0x0000007d       0x19 obj/recovery/iot_custom_uart2wifi.o
 .comment       0x00000096       0x19 obj/recovery/iot_parse.o
 .comment       0x000000af       0x19 obj/recovery/iot_parse_conn_mgmt.o
 .comment       0x000000c8       0x19 obj/recovery/iot_uart_rb.o
 .comment       0x000000e1       0x19 obj/recovery/iot_uplink.o
 .comment       0x000000fa       0x19 obj/recovery/iot_xmodem.o
 .comment       0x00000113       0x19 obj/recovery/main_pub.o
 .comment       0x0000012c       0x19 obj/recovery/misc_pub.o
 .comment       0x00000145       0x19 obj/recovery/mt7681_ChSw_pub.o
 .comment       0x0000015e       0x19 obj/recovery/rtmp_data_pub.o
 .comment       0x00000177       0x19 obj/recovery/spi-flash_pub.o
 .comment       0x00000190       0x19 obj/recovery/tcpip/clock-arch.o
 .comment       0x000001a9       0x19 obj/recovery/tcpip/dhcpc.o
 .comment       0x000001c2       0x19 obj/recovery/tcpip/dhcpd.o